2026-03-29 13:40:07 INFO com.financegov.FinanceGovApplication - Starting FinanceGovApplication using Java 21.0.8 with PID 17072 (C:\Users\2481778\Downloads\ProjectWorkspace\FinanceGovApplication\target\classes started by 2481778 in C:\Users\2481778\Downloads\ProjectWorkspace\FinanceGovApplication)
2026-03-29 13:40:07 INFO com.financegov.FinanceGovApplication - No active profile set, falling back to 1 default profile: "default"
2026-03-29 13:40:32 INFO com.financegov.FinanceGovApplication - Started FinanceGovApplication in 27.597 seconds (process running for 30.062)
2026-03-29 13:40:36 INFO com.financegov.controller.ComplianceController - REST request to create a new compliance record
2026-03-29 13:40:36 INFO com.financegov.service.ComplianceRecordServiceImpl - Creating new compliance record
2026-03-29 13:40:47 INFO com.financegov.controller.ComplianceController - REST request to create a new compliance record
2026-03-29 13:40:47 INFO com.financegov.service.ComplianceRecordServiceImpl - Creating new compliance record
2026-03-29 13:40:47 INFO com.financegov.service.FinancialProgramServiceImpl - Fetching program by ID: 100000
2026-03-29 13:40:47 ERROR com.financegov.service.FinancialProgramServiceImpl - Program not found with ID: 100000
2026-03-29 13:40:56 INFO com.financegov.controller.ComplianceController - REST request to create a new compliance record
2026-03-29 13:40:56 INFO com.financegov.service.ComplianceRecordServiceImpl - Creating new compliance record
2026-03-29 13:41:06 INFO com.financegov.controller.ComplianceController - REST request to create a new compliance record
2026-03-29 13:41:06 INFO com.financegov.service.ComplianceRecordServiceImpl - Creating new compliance record
2026-03-29 13:41:06 INFO com.financegov.service.ComplianceRecordServiceImpl - Compliance record created with ID: 17
2026-03-29 13:41:19 INFO com.financegov.controller.ComplianceController - REST request to get compliance record by ID: 17
2026-03-29 13:43:24 INFO com.financegov.controller.ComplianceController - REST request to get compliance record by ID: 17
2026-03-29 13:43:50 INFO com.financegov.controller.ComplianceController - REST request to get compliance record by ID: 1
2026-03-29 13:43:50 INFO com.financegov.service.FinancialProgramServiceImpl - Fetching program by ID: 1
2026-03-29 21:08:50 INFO com.financegov.FinanceGovApplication - Starting FinanceGovApplication using Java 21.0.8 with PID 17072 (C:\Users\2481778\Downloads\ProjectWorkspace\FinanceGovApplication\target\classes started by 2481778 in C:\Users\2481778\Downloads\ProjectWorkspace\FinanceGovApplication)
2026-03-29 21:08:50 INFO com.financegov.FinanceGovApplication - No active profile set, falling back to 1 default profile: "default"
2026-03-29 21:09:00 INFO com.financegov.FinanceGovApplication - Started FinanceGovApplication in 9.907 seconds (process running for 26938.218)
2026-03-29 21:11:58 INFO com.financegov.FinanceGovApplication - Starting FinanceGovApplication using Java 21.0.8 with PID 17072 (C:\Users\2481778\Downloads\ProjectWorkspace\FinanceGovApplication\target\classes started by 2481778 in C:\Users\2481778\Downloads\ProjectWorkspace\FinanceGovApplication)
2026-03-29 21:11:58 INFO com.financegov.FinanceGovApplication - No active profile set, falling back to 1 default profile: "default"
2026-03-29 21:12:10 INFO com.financegov.FinanceGovApplication - Starting FinanceGovApplication using Java 21.0.8 with PID 17072 (C:\Users\2481778\Downloads\ProjectWorkspace\FinanceGovApplication\target\classes started by 2481778 in C:\Users\2481778\Downloads\ProjectWorkspace\FinanceGovApplication)
2026-03-29 21:12:10 INFO com.financegov.FinanceGovApplication - No active profile set, falling back to 1 default profile: "default"
2026-03-29 21:12:20 INFO com.financegov.FinanceGovApplication - Starting FinanceGovApplication using Java 21.0.8 with PID 17072 (C:\Users\2481778\Downloads\ProjectWorkspace\FinanceGovApplication\target\classes started by 2481778 in C:\Users\2481778\Downloads\ProjectWorkspace\FinanceGovApplication)
2026-03-29 21:12:20 INFO com.financegov.FinanceGovApplication - No active profile set, falling back to 1 default profile: "default"
2026-03-29 21:12:36 INFO com.financegov.FinanceGovApplication - Starting FinanceGovApplication using Java 21.0.8 with PID 17072 (C:\Users\2481778\Downloads\ProjectWorkspace\FinanceGovApplication\target\classes started by 2481778 in C:\Users\2481778\Downloads\ProjectWorkspace\FinanceGovApplication)
2026-03-29 21:12:36 INFO com.financegov.FinanceGovApplication - No active profile set, falling back to 1 default profile: "default"
2026-03-29 21:12:39 INFO com.financegov.FinanceGovApplication - Started FinanceGovApplication in 3.542 seconds (process running for 27157.326)
2026-03-29 21:12:44 INFO com.financegov.FinanceGovApplication - Starting FinanceGovApplication using Java 21.0.8 with PID 17072 (C:\Users\2481778\Downloads\ProjectWorkspace\FinanceGovApplication\target\classes started by 2481778 in C:\Users\2481778\Downloads\ProjectWorkspace\FinanceGovApplication)
2026-03-29 21:12:44 INFO com.financegov.FinanceGovApplication - No active profile set, falling back to 1 default profile: "default"
2026-03-29 21:12:46 INFO com.financegov.FinanceGovApplication - Started FinanceGovApplication in 1.772 seconds (process running for 27163.985)
2026-03-29 21:14:14 INFO com.financegov.FinanceGovApplication - Starting FinanceGovApplication using Java 21.0.8 with PID 17072 (C:\Users\2481778\Downloads\ProjectWorkspace\FinanceGovApplication\target\classes started by 2481778 in C:\Users\2481778\Downloads\ProjectWorkspace\FinanceGovApplication)
2026-03-29 21:14:14 INFO com.financegov.FinanceGovApplication - No active profile set, falling back to 1 default profile: "default"
2026-03-29 21:14:16 INFO com.financegov.FinanceGovApplication - Started FinanceGovApplication in 2.608 seconds (process running for 27254.782)
2026-03-29 21:15:08 INFO com.financegov.FinanceGovApplication - Starting FinanceGovApplication using Java 21.0.8 with PID 17072 (C:\Users\2481778\Downloads\ProjectWorkspace\FinanceGovApplication\target\classes started by 2481778 in C:\Users\2481778\Downloads\ProjectWorkspace\FinanceGovApplication)
2026-03-29 21:15:08 INFO com.financegov.FinanceGovApplication - No active profile set, falling back to 1 default profile: "default"
2026-03-29 21:15:12 INFO com.financegov.FinanceGovApplication - Started FinanceGovApplication in 3.356 seconds (process running for 27309.963)
2026-03-29 21:16:14 INFO com.financegov.FinanceGovApplication - Starting FinanceGovApplication using Java 21.0.8 with PID 17072 (C:\Users\2481778\Downloads\ProjectWorkspace\FinanceGovApplication\target\classes started by 2481778 in C:\Users\2481778\Downloads\ProjectWorkspace\FinanceGovApplication)
2026-03-29 21:16:14 INFO com.financegov.FinanceGovApplication - No active profile set, falling back to 1 default profile: "default"
2026-03-29 21:16:18 INFO com.financegov.FinanceGovApplication - Started FinanceGovApplication in 3.339 seconds (process running for 27375.974)
2026-03-29 21:21:06 INFO com.financegov.FinanceGovApplication - Starting FinanceGovApplication using Java 21.0.8 with PID 17072 (C:\Users\2481778\Downloads\ProjectWorkspace\FinanceGovApplication\target\classes started by 2481778 in C:\Users\2481778\Downloads\ProjectWorkspace\FinanceGovApplication)
2026-03-29 21:21:06 INFO com.financegov.FinanceGovApplication - No active profile set, falling back to 1 default profile: "default"
2026-03-29 21:21:13 INFO com.financegov.FinanceGovApplication - Started FinanceGovApplication in 7.38 seconds (process running for 27671.769)
2026-03-29 21:39:44 INFO com.financegov.FinanceGovApplication - Starting FinanceGovApplication using Java 21.0.8 with PID 13724 (C:\Users\2481778\Downloads\ProjectWorkspace\FinanceGovApplication\target\classes started by 2481778 in C:\Users\2481778\Downloads\ProjectWorkspace\FinanceGovApplication)
2026-03-29 21:39:44 INFO com.financegov.FinanceGovApplication - No active profile set, falling back to 1 default profile: "default"
2026-03-29 21:40:01 INFO com.financegov.FinanceGovApplication - Started FinanceGovApplication in 17.49 seconds (process running for 18.882)
2026-03-29 21:40:05 INFO com.financegov.controller.ComplianceController - REST request to get compliance record by ID: 1
2026-03-29 21:40:05 INFO com.financegov.service.FinancialProgramServiceImpl - Fetching program by ID: 1
2026-03-29 21:49:37 INFO com.financegov.FinanceGovApplication - Starting FinanceGovApplication using Java 21.0.8 with PID 13724 (C:\Users\2481778\Downloads\ProjectWorkspace\FinanceGovApplication\target\classes started by 2481778 in C:\Users\2481778\Downloads\ProjectWorkspace\FinanceGovApplication)
2026-03-29 21:49:37 INFO com.financegov.FinanceGovApplication - No active profile set, falling back to 1 default profile: "default"
2026-03-29 21:49:41 INFO com.financegov.FinanceGovApplication - Started FinanceGovApplication in 3.477 seconds (process running for 599.099)
2026-03-29 22:04:31 INFO com.financegov.FinanceGovApplication - Starting FinanceGovApplication using Java 21.0.8 with PID 25784 (C:\Users\2481778\Downloads\ProjectWorkspace\FinanceGovApplication\target\classes started by 2481778 in C:\Users\2481778\Downloads\ProjectWorkspace\FinanceGovApplication)
2026-03-29 22:04:31 INFO com.financegov.FinanceGovApplication - No active profile set, falling back to 1 default profile: "default"
2026-03-29 22:04:49 INFO com.financegov.FinanceGovApplication - Started FinanceGovApplication in 19.281 seconds (process running for 21.629)
2026-03-29 22:11:22 INFO com.financegov.FinanceGovApplication - Starting FinanceGovApplication using Java 21.0.8 with PID 25784 (C:\Users\2481778\Downloads\ProjectWorkspace\FinanceGovApplication\target\classes started by 2481778 in C:\Users\2481778\Downloads\ProjectWorkspace\FinanceGovApplication)
2026-03-29 22:11:22 INFO com.financegov.FinanceGovApplication - No active profile set, falling back to 1 default profile: "default"
2026-03-29 22:11:29 INFO com.financegov.FinanceGovApplication - Started FinanceGovApplication in 7.002 seconds (process running for 421.658)
2026-03-29 22:14:51 INFO com.financegov.FinanceGovApplication - Starting FinanceGovApplication using Java 21.0.8 with PID 25784 (C:\Users\2481778\Downloads\ProjectWorkspace\FinanceGovApplication\target\classes started by 2481778 in C:\Users\2481778\Downloads\ProjectWorkspace\FinanceGovApplication)
2026-03-29 22:14:51 INFO com.financegov.FinanceGovApplication - No active profile set, falling back to 1 default profile: "default"
2026-03-29 22:14:56 INFO com.financegov.FinanceGovApplication - Started FinanceGovApplication in 5.302 seconds (process running for 628.64)
2026-03-29 22:15:01 INFO com.financegov.FinanceGovApplication - Starting FinanceGovApplication using Java 21.0.8 with PID 25784 (C:\Users\2481778\Downloads\ProjectWorkspace\FinanceGovApplication\target\classes started by 2481778 in C:\Users\2481778\Downloads\ProjectWorkspace\FinanceGovApplication)
2026-03-29 22:15:01 INFO com.financegov.FinanceGovApplication - No active profile set, falling back to 1 default profile: "default"
2026-03-29 22:15:04 INFO com.financegov.FinanceGovApplication - Started FinanceGovApplication in 2.741 seconds (process running for 636.558)
2026-03-29 22:17:55 INFO com.financegov.FinanceGovApplication - Starting FinanceGovApplication using Java 21.0.8 with PID 25784 (C:\Users\2481778\Downloads\ProjectWorkspace\FinanceGovApplication\target\classes started by 2481778 in C:\Users\2481778\Downloads\ProjectWorkspace\FinanceGovApplication)
2026-03-29 22:17:55 INFO com.financegov.FinanceGovApplication - No active profile set, falling back to 1 default profile: "default"
2026-03-29 22:17:58 INFO com.financegov.FinanceGovApplication - Started FinanceGovApplication in 3.056 seconds (process running for 810.596)
2026-03-29 22:18:28 INFO com.financegov.FinanceGovApplication - Starting FinanceGovApplication using Java 21.0.8 with PID 25784 (C:\Users\2481778\Downloads\ProjectWorkspace\FinanceGovApplication\target\classes started by 2481778 in C:\Users\2481778\Downloads\ProjectWorkspace\FinanceGovApplication)
2026-03-29 22:18:28 INFO com.financegov.FinanceGovApplication - No active profile set, falling back to 1 default profile: "default"
2026-03-29 22:18:35 INFO com.financegov.FinanceGovApplication - Started FinanceGovApplication in 6.661 seconds (process running for 847.283)
2026-03-29 22:18:41 INFO com.financegov.controller.CitizenBusinessController - Admin approving citizen with ID: 1
2026-03-29 22:18:41 INFO com.financegov.service.CitizenBusinessServiceImpl - Approving entity with ID: 1
2026-03-29 22:18:41 INFO com.financegov.service.CitizenBusinessServiceImpl - Fetching entity with ID: 1
2026-03-29 22:18:41 INFO com.financegov.service.CitizenBusinessServiceImpl - Entity approved (ACTIVE) with ID: 1
2026-03-29 22:19:48 INFO com.financegov.controller.FinancialProgramController - Received request to create program: FinancialProgramRequest(title=Nature, description=Green tree, startDate=2026-03-29, endDate=2026-04-29, budget=500000.0, status=ACTIVE)
2026-03-29 22:19:48 INFO com.financegov.service.FinancialProgramServiceImpl - Saving new financial program: FinancialProgramRequest(title=Nature, description=Green tree, startDate=2026-03-29, endDate=2026-04-29, budget=500000.0, status=ACTIVE)
2026-03-29 22:19:48 INFO com.financegov.service.FinancialProgramServiceImpl - Financial program saved successfully with ID: 3
2026-03-29 22:19:48 INFO com.financegov.controller.FinancialProgramController - Program created successfully with ID: 3
2026-03-29 22:24:02 INFO com.financegov.service.BudgetAllocationServiceImpl - Creating budget allocation for Program ID: 3
2026-03-29 22:24:45 INFO com.financegov.service.BudgetAllocationServiceImpl - Creating budget allocation for Program ID: 3
2026-03-29 22:24:45 INFO com.financegov.service.BudgetAllocationServiceImpl - Budget allocation created successfully. Allocation ID: 1, Amount: 300000
2026-03-29 22:25:12 INFO com.financegov.service.BudgetAllocationServiceImpl - Generating budget summary for Program ID: 3
2026-03-29 22:25:12 INFO com.financegov.service.BudgetAllocationServiceImpl - Budget summary calculated for Program ID 3 | Base: 500000.0, Allocated: 300000.00, Used: 0.0
2026-03-29 22:31:30 INFO com.financegov.FinanceGovApplication - Starting FinanceGovApplication using Java 21.0.8 with PID 25784 (C:\Users\2481778\Downloads\ProjectWorkspace\FinanceGovApplication\target\classes started by 2481778 in C:\Users\2481778\Downloads\ProjectWorkspace\FinanceGovApplication)
2026-03-29 22:31:30 INFO com.financegov.FinanceGovApplication - No active profile set, falling back to 1 default profile: "default"
2026-03-29 22:32:23 INFO com.financegov.FinanceGovApplication - Starting FinanceGovApplication using Java 21.0.8 with PID 25784 (C:\Users\2481778\Downloads\ProjectWorkspace\FinanceGovApplication\target\classes started by 2481778 in C:\Users\2481778\Downloads\ProjectWorkspace\FinanceGovApplication)
2026-03-29 22:32:23 INFO com.financegov.FinanceGovApplication - No active profile set, falling back to 1 default profile: "default"
2026-03-29 22:34:03 INFO com.financegov.FinanceGovApplication - Starting FinanceGovApplication using Java 21.0.8 with PID 25784 (C:\Users\2481778\Downloads\ProjectWorkspace\FinanceGovApplication\target\classes started by 2481778 in C:\Users\2481778\Downloads\ProjectWorkspace\FinanceGovApplication)
2026-03-29 22:34:03 INFO com.financegov.FinanceGovApplication - No active profile set, falling back to 1 default profile: "default"
2026-03-29 22:34:05 INFO com.financegov.FinanceGovApplication - Started FinanceGovApplication in 1.813 seconds (process running for 1777.75)
2026-03-29 22:34:24 INFO com.financegov.FinanceGovApplication - Starting FinanceGovApplication using Java 21.0.8 with PID 10248 (C:\Users\2481778\Downloads\ProjectWorkspace\FinanceGovApplication\target\classes started by 2481778 in C:\Users\2481778\Downloads\ProjectWorkspace\FinanceGovApplication)
2026-03-29 22:34:24 INFO com.financegov.FinanceGovApplication - No active profile set, falling back to 1 default profile: "default"
2026-03-29 22:34:34 INFO com.financegov.FinanceGovApplication - Started FinanceGovApplication in 11.09 seconds (process running for 12.31)
2026-03-29 22:34:54 INFO com.financegov.controller.ComplianceController - REST request to create a new compliance record
2026-03-29 22:34:54 INFO com.financegov.service.ComplianceRecordServiceImpl - Creating new compliance record
2026-03-29 22:35:26 INFO com.financegov.FinanceGovApplication - Starting FinanceGovApplication using Java 21.0.8 with PID 10248 (C:\Users\2481778\Downloads\ProjectWorkspace\FinanceGovApplication\target\classes started by 2481778 in C:\Users\2481778\Downloads\ProjectWorkspace\FinanceGovApplication)
2026-03-29 22:35:26 INFO com.financegov.FinanceGovApplication - No active profile set, falling back to 1 default profile: "default"
2026-03-29 22:35:32 INFO com.financegov.FinanceGovApplication - Started FinanceGovApplication in 5.695 seconds (process running for 69.974)
2026-03-29 22:35:34 INFO com.financegov.FinanceGovApplication - Starting FinanceGovApplication using Java 21.0.8 with PID 10248 (C:\Users\2481778\Downloads\ProjectWorkspace\FinanceGovApplication\target\classes started by 2481778 in C:\Users\2481778\Downloads\ProjectWorkspace\FinanceGovApplication)
2026-03-29 22:35:34 INFO com.financegov.FinanceGovApplication - No active profile set, falling back to 1 default profile: "default"
2026-03-29 22:35:36 INFO com.financegov.FinanceGovApplication - Started FinanceGovApplication in 1.802 seconds (process running for 73.425)
2026-03-29 22:35:39 INFO com.financegov.controller.ComplianceController - REST request to create a new compliance record
2026-03-29 22:35:39 INFO com.financegov.service.ComplianceRecordServiceImpl - Creating new compliance record
2026-03-29 22:35:39 INFO com.financegov.service.ComplianceRecordServiceImpl - Compliance record created with ID: 1
