2026-03-21 19:06:28 INFO  c.financegov.FinanceGovApplication - Starting FinanceGovApplication using Java 21.0.8 with PID 15228 (C:\Users\2481778\Downloads\ProjectWorkspace\FinanceGovApplication\target\classes started by 2481778 in C:\Users\2481778\Downloads\ProjectWorkspace\FinanceGovApplication)
2026-03-21 19:06:28 INFO  c.financegov.FinanceGovApplication - No active profile set, falling back to 1 default profile: "default"
2026-03-21 19:06:38 INFO  c.financegov.FinanceGovApplication - Started FinanceGovApplication in 10.897 seconds (process running for 12.386)
2026-03-21 19:06:58 INFO  c.f.s.i.ComplianceRecordServiceImpl - Fetching all compliance records
2026-03-21 19:06:59 INFO  c.f.s.i.ComplianceRecordServiceImpl - Total compliance records fetched: 0
2026-03-21 19:07:04 INFO  c.f.s.i.ComplianceRecordServiceImpl - Fetching compliance record with ID: 1
2026-03-21 19:07:04 WARN  c.f.s.i.ComplianceRecordServiceImpl - Compliance record not found for ID: 1
2026-03-21 19:07:15 INFO  c.f.s.i.ComplianceRecordServiceImpl - Fetching compliance records for Entity ID: 67800
2026-03-21 19:07:16 INFO  c.f.s.i.ComplianceRecordServiceImpl - Total records found for Entity ID 67800: 0
2026-03-21 19:08:53 INFO  c.financegov.FinanceGovApplication - Starting FinanceGovApplication using Java 21.0.8 with PID 15228 (C:\Users\2481778\Downloads\ProjectWorkspace\FinanceGovApplication\target\classes started by 2481778 in C:\Users\2481778\Downloads\ProjectWorkspace\FinanceGovApplication)
2026-03-21 19:08:53 INFO  c.financegov.FinanceGovApplication - No active profile set, falling back to 1 default profile: "default"
2026-03-21 19:08:54 INFO  c.financegov.FinanceGovApplication - Started FinanceGovApplication in 0.813 seconds (process running for 147.478)
2026-03-21 19:09:01 INFO  c.financegov.FinanceGovApplication - Starting FinanceGovApplication using Java 21.0.8 with PID 15228 (C:\Users\2481778\Downloads\ProjectWorkspace\FinanceGovApplication\target\classes started by 2481778 in C:\Users\2481778\Downloads\ProjectWorkspace\FinanceGovApplication)
2026-03-21 19:09:01 INFO  c.financegov.FinanceGovApplication - No active profile set, falling back to 1 default profile: "default"
2026-03-21 19:09:02 INFO  c.financegov.FinanceGovApplication - Started FinanceGovApplication in 1.234 seconds (process running for 156.306)
2026-03-21 19:11:23 INFO  c.financegov.FinanceGovApplication - Starting FinanceGovApplication using Java 21.0.8 with PID 15228 (C:\Users\2481778\Downloads\ProjectWorkspace\FinanceGovApplication\target\classes started by 2481778 in C:\Users\2481778\Downloads\ProjectWorkspace\FinanceGovApplication)
2026-03-21 19:11:23 INFO  c.financegov.FinanceGovApplication - No active profile set, falling back to 1 default profile: "default"
2026-03-21 19:11:24 INFO  c.financegov.FinanceGovApplication - Started FinanceGovApplication in 1.414 seconds (process running for 298.103)
2026-03-21 19:11:29 INFO  c.f.s.i.ComplianceRecordServiceImpl - Creating new compliance record
2026-03-21 19:11:29 INFO  c.f.s.i.ComplianceRecordServiceImpl - Compliance record created with ID: 1
2026-03-21 19:11:35 INFO  c.f.s.i.ComplianceRecordServiceImpl - Fetching all compliance records
2026-03-21 19:11:35 INFO  c.f.s.i.ComplianceRecordServiceImpl - Total compliance records fetched: 1
2026-03-21 19:11:40 INFO  c.f.s.i.ComplianceRecordServiceImpl - Fetching compliance record with ID: 1
2026-03-21 19:11:40 INFO  c.f.s.i.ComplianceRecordServiceImpl - Compliance record found for ID: 1
2026-03-21 19:11:46 INFO  c.f.s.i.ComplianceRecordServiceImpl - Fetching compliance records for Entity ID: 1000
2026-03-21 19:11:46 INFO  c.f.s.i.ComplianceRecordServiceImpl - Total records found for Entity ID 1000: 1
2026-03-21 19:11:53 INFO  c.f.s.i.ComplianceRecordServiceImpl - Generating compliance summary by result status
2026-03-21 19:11:53 INFO  c.f.s.i.ComplianceRecordServiceImpl - Compliance summary generated successfully
2026-03-21 19:11:59 INFO  c.f.s.i.ComplianceRecordServiceImpl - Updating compliance record with ID: 2
2026-03-21 19:12:13 INFO  c.f.s.i.ComplianceRecordServiceImpl - Updating compliance record with ID: 1
2026-03-21 19:12:13 INFO  c.f.s.i.ComplianceRecordServiceImpl - Compliance record updated successfully for ID: 1
2026-03-21 19:12:17 INFO  c.f.s.i.ComplianceRecordServiceImpl - Updating compliance record with ID: 1
2026-03-21 19:13:11 INFO  c.financegov.FinanceGovApplication - Starting FinanceGovApplication using Java 21.0.8 with PID 15228 (C:\Users\2481778\Downloads\ProjectWorkspace\FinanceGovApplication\target\classes started by 2481778 in C:\Users\2481778\Downloads\ProjectWorkspace\FinanceGovApplication)
2026-03-21 19:13:11 INFO  c.financegov.FinanceGovApplication - No active profile set, falling back to 1 default profile: "default"
2026-03-21 19:13:12 INFO  c.financegov.FinanceGovApplication - Started FinanceGovApplication in 0.796 seconds (process running for 406.038)
2026-03-21 19:13:16 INFO  c.f.s.i.ComplianceRecordServiceImpl - Updating compliance record with ID: 1
2026-03-21 19:13:29 INFO  c.f.s.i.ComplianceRecordServiceImpl - Updating compliance record with ID: 1
2026-03-21 19:13:30 INFO  c.financegov.FinanceGovApplication - Starting FinanceGovApplication using Java 21.0.8 with PID 15228 (C:\Users\2481778\Downloads\ProjectWorkspace\FinanceGovApplication\target\classes started by 2481778 in C:\Users\2481778\Downloads\ProjectWorkspace\FinanceGovApplication)
2026-03-21 19:13:30 INFO  c.financegov.FinanceGovApplication - No active profile set, falling back to 1 default profile: "default"
2026-03-21 19:13:31 INFO  c.financegov.FinanceGovApplication - Started FinanceGovApplication in 1.046 seconds (process running for 424.895)
2026-03-21 19:13:33 INFO  c.f.s.i.ComplianceRecordServiceImpl - Updating compliance record with ID: 1
2026-03-21 19:14:30 INFO  c.financegov.FinanceGovApplication - Starting FinanceGovApplication using Java 21.0.8 with PID 15228 (C:\Users\2481778\Downloads\ProjectWorkspace\FinanceGovApplication\target\classes started by 2481778 in C:\Users\2481778\Downloads\ProjectWorkspace\FinanceGovApplication)
2026-03-21 19:14:30 INFO  c.financegov.FinanceGovApplication - No active profile set, falling back to 1 default profile: "default"
2026-03-21 19:14:31 INFO  c.financegov.FinanceGovApplication - Started FinanceGovApplication in 0.915 seconds (process running for 484.916)
2026-03-21 19:15:56 INFO  c.financegov.FinanceGovApplication - Starting FinanceGovApplication using Java 21.0.8 with PID 15228 (C:\Users\2481778\Downloads\ProjectWorkspace\FinanceGovApplication\target\classes started by 2481778 in C:\Users\2481778\Downloads\ProjectWorkspace\FinanceGovApplication)
2026-03-21 19:15:56 INFO  c.financegov.FinanceGovApplication - No active profile set, falling back to 1 default profile: "default"
2026-03-21 19:15:57 INFO  c.financegov.FinanceGovApplication - Started FinanceGovApplication in 0.671 seconds (process running for 570.451)
2026-03-21 19:16:26 INFO  c.financegov.FinanceGovApplication - Starting FinanceGovApplication using Java 21.0.8 with PID 15228 (C:\Users\2481778\Downloads\ProjectWorkspace\FinanceGovApplication\target\classes started by 2481778 in C:\Users\2481778\Downloads\ProjectWorkspace\FinanceGovApplication)
2026-03-21 19:16:26 INFO  c.financegov.FinanceGovApplication - No active profile set, falling back to 1 default profile: "default"
2026-03-21 19:16:27 INFO  c.financegov.FinanceGovApplication - Started FinanceGovApplication in 0.984 seconds (process running for 600.767)
2026-03-21 19:17:15 INFO  c.financegov.FinanceGovApplication - Starting FinanceGovApplication using Java 21.0.8 with PID 15228 (C:\Users\2481778\Downloads\ProjectWorkspace\FinanceGovApplication\target\classes started by 2481778 in C:\Users\2481778\Downloads\ProjectWorkspace\FinanceGovApplication)
2026-03-21 19:17:15 INFO  c.financegov.FinanceGovApplication - No active profile set, falling back to 1 default profile: "default"
2026-03-21 19:17:15 INFO  c.financegov.FinanceGovApplication - Started FinanceGovApplication in 0.583 seconds (process running for 649.294)
2026-03-21 19:17:31 INFO  c.financegov.FinanceGovApplication - Starting FinanceGovApplication using Java 21.0.8 with PID 15228 (C:\Users\2481778\Downloads\ProjectWorkspace\FinanceGovApplication\target\classes started by 2481778 in C:\Users\2481778\Downloads\ProjectWorkspace\FinanceGovApplication)
2026-03-21 19:17:31 INFO  c.financegov.FinanceGovApplication - No active profile set, falling back to 1 default profile: "default"
2026-03-21 19:17:32 INFO  c.financegov.FinanceGovApplication - Started FinanceGovApplication in 0.941 seconds (process running for 666.242)
