2026-03-28 21:36:19 INFO com.financegov.FinanceGovApplication - Starting FinanceGovApplication using Java 21.0.8 with PID 8144 (C:\Users\2481778\Downloads\ProjectWorkspace\FinanceGovApplication\target\classes started by 2481778 in C:\Users\2481778\Downloads\ProjectWorkspace\FinanceGovApplication)
2026-03-28 21:36:19 INFO com.financegov.FinanceGovApplication - No active profile set, falling back to 1 default profile: "default"
2026-03-28 21:36:35 INFO com.financegov.FinanceGovApplication - Started FinanceGovApplication in 17.356 seconds (process running for 19.511)
2026-03-28 21:37:13 INFO com.financegov.controller.FinancialProgramController - Received request to create program: FinancialProgramRequest(programId=null, title=Housing Program, description=Designed to give support for housing, startDate=2026-03-26, endDate=2025-09-01, budget=30000.0, status=ACTIVE, applications=null)
2026-03-28 21:37:13 INFO com.financegov.service.FinancialProgramServiceImpl - Saving new financial program: FinancialProgramRequest(programId=null, title=Housing Program, description=Designed to give support for housing, startDate=2026-03-26, endDate=2025-09-01, budget=30000.0, status=ACTIVE, applications=null)
2026-03-28 21:37:41 INFO com.financegov.FinanceGovApplication - Starting FinanceGovApplication using Java 21.0.8 with PID 8144 (C:\Users\2481778\Downloads\ProjectWorkspace\FinanceGovApplication\target\classes started by 2481778 in C:\Users\2481778\Downloads\ProjectWorkspace\FinanceGovApplication)
2026-03-28 21:37:41 INFO com.financegov.FinanceGovApplication - No active profile set, falling back to 1 default profile: "default"
2026-03-28 21:37:44 INFO com.financegov.FinanceGovApplication - Starting FinanceGovApplication using Java 21.0.8 with PID 8144 (C:\Users\2481778\Downloads\ProjectWorkspace\FinanceGovApplication\target\classes started by 2481778 in C:\Users\2481778\Downloads\ProjectWorkspace\FinanceGovApplication)
2026-03-28 21:37:44 INFO com.financegov.FinanceGovApplication - No active profile set, falling back to 1 default profile: "default"
2026-03-28 21:37:46 INFO com.financegov.FinanceGovApplication - Started FinanceGovApplication in 1.581 seconds (process running for 90.573)
2026-03-28 21:37:51 INFO com.financegov.controller.FinancialProgramController - Received request to create program: FinancialProgramRequest(programId=null, title=Housing Program, description=Designed to give support for housing, startDate=2026-03-26, endDate=2025-09-01, budget=30000.0, status=ACTIVE, applications=null)
2026-03-28 21:37:51 INFO com.financegov.service.FinancialProgramServiceImpl - Saving new financial program: FinancialProgramRequest(programId=null, title=Housing Program, description=Designed to give support for housing, startDate=2026-03-26, endDate=2025-09-01, budget=30000.0, status=ACTIVE, applications=null)
2026-03-28 21:37:53 INFO com.financegov.controller.FinancialProgramController - Received request to create program: FinancialProgramRequest(programId=null, title=Housing Program, description=Designed to give support for housing, startDate=2026-03-26, endDate=2025-09-01, budget=30000.0, status=ACTIVE, applications=null)
2026-03-28 21:37:53 INFO com.financegov.service.FinancialProgramServiceImpl - Saving new financial program: FinancialProgramRequest(programId=null, title=Housing Program, description=Designed to give support for housing, startDate=2026-03-26, endDate=2025-09-01, budget=30000.0, status=ACTIVE, applications=null)
2026-03-28 21:38:25 INFO com.financegov.FinanceGovApplication - Starting FinanceGovApplication using Java 21.0.8 with PID 8144 (C:\Users\2481778\Downloads\ProjectWorkspace\FinanceGovApplication\target\classes started by 2481778 in C:\Users\2481778\Downloads\ProjectWorkspace\FinanceGovApplication)
2026-03-28 21:38:25 INFO com.financegov.FinanceGovApplication - No active profile set, falling back to 1 default profile: "default"
2026-03-28 21:38:27 INFO com.financegov.FinanceGovApplication - Started FinanceGovApplication in 1.847 seconds (process running for 131.683)
2026-03-28 21:38:31 INFO com.financegov.controller.FinancialProgramController - Received request to create program: FinancialProgramRequest(programId=null, title=Housing Program, description=Designed to give support for housing, startDate=2026-03-26, endDate=2025-09-01, budget=30000.0, status=ACTIVE, applications=null)
2026-03-28 21:38:31 INFO com.financegov.service.FinancialProgramServiceImpl - Saving new financial program: FinancialProgramRequest(programId=null, title=Housing Program, description=Designed to give support for housing, startDate=2026-03-26, endDate=2025-09-01, budget=30000.0, status=ACTIVE, applications=null)
2026-03-28 21:39:02 INFO com.financegov.controller.FinancialProgramController - Received request to create program: FinancialProgramRequest(programId=null, title=Housing Program, description=Designed to give support for housing, startDate=2026-03-26, endDate=2025-09-01, budget=30000.0, status=ACTIVE, applications=null)
2026-03-28 21:39:02 INFO com.financegov.service.FinancialProgramServiceImpl - Saving new financial program: FinancialProgramRequest(programId=null, title=Housing Program, description=Designed to give support for housing, startDate=2026-03-26, endDate=2025-09-01, budget=30000.0, status=ACTIVE, applications=null)
2026-03-28 21:39:02 INFO com.financegov.FinanceGovApplication - Starting FinanceGovApplication using Java 21.0.8 with PID 8144 (C:\Users\2481778\Downloads\ProjectWorkspace\FinanceGovApplication\target\classes started by 2481778 in C:\Users\2481778\Downloads\ProjectWorkspace\FinanceGovApplication)
2026-03-28 21:39:02 INFO com.financegov.FinanceGovApplication - No active profile set, falling back to 1 default profile: "default"
2026-03-28 21:39:04 INFO com.financegov.FinanceGovApplication - Started FinanceGovApplication in 2.499 seconds (process running for 168.924)
2026-03-28 21:39:06 INFO com.financegov.controller.FinancialProgramController - Received request to create program: FinancialProgramRequest(programId=null, title=Housing Program, description=Designed to give support for housing, startDate=2026-03-26, endDate=2025-09-01, budget=30000.0, status=ACTIVE, applications=null)
2026-03-28 21:39:06 INFO com.financegov.service.FinancialProgramServiceImpl - Saving new financial program: FinancialProgramRequest(programId=null, title=Housing Program, description=Designed to give support for housing, startDate=2026-03-26, endDate=2025-09-01, budget=30000.0, status=ACTIVE, applications=null)
2026-03-28 21:39:44 INFO com.financegov.FinanceGovApplication - Starting FinanceGovApplication using Java 21.0.8 with PID 8144 (C:\Users\2481778\Downloads\ProjectWorkspace\FinanceGovApplication\target\classes started by 2481778 in C:\Users\2481778\Downloads\ProjectWorkspace\FinanceGovApplication)
2026-03-28 21:39:44 INFO com.financegov.FinanceGovApplication - No active profile set, falling back to 1 default profile: "default"
2026-03-28 21:39:48 INFO com.financegov.FinanceGovApplication - Started FinanceGovApplication in 4.462 seconds (process running for 212.998)
2026-03-28 21:40:13 INFO com.financegov.FinanceGovApplication - Starting FinanceGovApplication using Java 21.0.8 with PID 8144 (C:\Users\2481778\Downloads\ProjectWorkspace\FinanceGovApplication\target\classes started by 2481778 in C:\Users\2481778\Downloads\ProjectWorkspace\FinanceGovApplication)
2026-03-28 21:40:13 INFO com.financegov.FinanceGovApplication - No active profile set, falling back to 1 default profile: "default"
2026-03-28 21:40:15 INFO com.financegov.FinanceGovApplication - Started FinanceGovApplication in 1.963 seconds (process running for 239.293)
2026-03-28 21:40:18 INFO com.financegov.controller.FinancialProgramController - Received request to create program: FinancialProgramRequest(programId=null, title=Housing Program, description=Designed to give support for housing, startDate=2026-03-26, endDate=2025-09-01, budget=30000.0, status=ACTIVE, applications=null)
2026-03-28 21:40:18 INFO com.financegov.service.FinancialProgramServiceImpl - Saving new financial program: FinancialProgramRequest(programId=null, title=Housing Program, description=Designed to give support for housing, startDate=2026-03-26, endDate=2025-09-01, budget=30000.0, status=ACTIVE, applications=null)
2026-03-28 21:41:04 INFO com.financegov.controller.FinancialProgramController - Received request to create program: FinancialProgramRequest(programId=null, title=Housing Program, description=Designed to give support for housing, startDate=2026-03-26, endDate=2026-09-01, budget=30000.0, status=ACTIVE, applications=null)
2026-03-28 21:41:04 INFO com.financegov.service.FinancialProgramServiceImpl - Saving new financial program: FinancialProgramRequest(programId=null, title=Housing Program, description=Designed to give support for housing, startDate=2026-03-26, endDate=2026-09-01, budget=30000.0, status=ACTIVE, applications=null)
2026-03-28 21:41:04 INFO com.financegov.service.FinancialProgramServiceImpl - Financial program saved successfully with ID: 106
2026-03-28 21:41:04 INFO com.financegov.controller.FinancialProgramController - Program created successfully with ID: 106
2026-03-28 21:41:22 INFO com.financegov.controller.ComplianceController - REST request to create a new compliance record
2026-03-28 21:41:22 INFO com.financegov.service.ComplianceRecordServiceImpl - Creating new compliance record
2026-03-28 21:41:22 INFO com.financegov.service.FinancialProgramServiceImpl - Fetching program by ID: 101
2026-03-28 21:41:23 INFO com.financegov.service.ComplianceRecordServiceImpl - Compliance record created with ID: 1
2026-03-28 21:41:36 INFO com.financegov.controller.FinancialProgramController - Received request to fetch program ID: 101
2026-03-28 21:41:36 INFO com.financegov.service.FinancialProgramServiceImpl - Fetching program by ID: 101
2026-03-28 21:42:29 INFO com.financegov.controller.FinancialProgramController - Received request to fetch program ID: 101
2026-03-28 21:42:29 INFO com.financegov.service.FinancialProgramServiceImpl - Fetching program by ID: 101
2026-03-28 21:44:16 INFO com.financegov.FinanceGovApplication - Starting FinanceGovApplication using Java 21.0.8 with PID 8144 (C:\Users\2481778\Downloads\ProjectWorkspace\FinanceGovApplication\target\classes started by 2481778 in C:\Users\2481778\Downloads\ProjectWorkspace\FinanceGovApplication)
2026-03-28 21:44:16 INFO com.financegov.FinanceGovApplication - No active profile set, falling back to 1 default profile: "default"
2026-03-28 21:44:18 INFO com.financegov.FinanceGovApplication - Started FinanceGovApplication in 2.119 seconds (process running for 482.94)
2026-03-28 21:44:25 INFO com.financegov.FinanceGovApplication - Starting FinanceGovApplication using Java 21.0.8 with PID 8144 (C:\Users\2481778\Downloads\ProjectWorkspace\FinanceGovApplication\target\classes started by 2481778 in C:\Users\2481778\Downloads\ProjectWorkspace\FinanceGovApplication)
2026-03-28 21:44:25 INFO com.financegov.FinanceGovApplication - No active profile set, falling back to 1 default profile: "default"
2026-03-28 21:44:29 INFO com.financegov.FinanceGovApplication - Started FinanceGovApplication in 4.891 seconds (process running for 493.98)
2026-03-28 21:44:35 INFO com.financegov.controller.FinancialProgramController - Received request to fetch program ID: 101
2026-03-28 21:44:35 INFO com.financegov.service.FinancialProgramServiceImpl - Fetching program by ID: 101
2026-03-28 21:44:42 INFO com.financegov.controller.ComplianceController - REST request to get compliance record by ID: 1
2026-03-28 21:44:42 INFO com.financegov.service.FinancialProgramServiceImpl - Fetching program by ID: 101
2026-03-28 21:45:08 INFO com.financegov.controller.ComplianceController - REST request to create a new compliance record
2026-03-28 21:45:08 INFO com.financegov.service.ComplianceRecordServiceImpl - Creating new compliance record
2026-03-28 21:45:08 INFO com.financegov.service.FinancialProgramServiceImpl - Fetching program by ID: 101
2026-03-28 21:45:08 INFO com.financegov.service.ComplianceRecordServiceImpl - Compliance record created with ID: 2
2026-03-28 21:45:43 INFO com.financegov.controller.ComplianceController - REST request to create a new compliance record
2026-03-28 21:45:43 INFO com.financegov.service.ComplianceRecordServiceImpl - Creating new compliance record
2026-03-28 21:45:43 INFO com.financegov.service.FinancialProgramServiceImpl - Fetching program by ID: 10100
2026-03-28 21:45:43 ERROR com.financegov.service.FinancialProgramServiceImpl - Program not found with ID: 10100
2026-03-28 21:45:52 INFO com.financegov.controller.ComplianceController - REST request to create a new compliance record
2026-03-28 21:45:52 INFO com.financegov.service.ComplianceRecordServiceImpl - Creating new compliance record
2026-03-28 21:46:16 INFO com.financegov.controller.ComplianceController - REST request to create a new compliance record
2026-03-28 21:46:16 INFO com.financegov.service.ComplianceRecordServiceImpl - Creating new compliance record
2026-03-28 21:46:37 INFO com.financegov.controller.ComplianceController - REST request to get compliance record by ID: 1
2026-03-28 21:46:37 INFO com.financegov.service.FinancialProgramServiceImpl - Fetching program by ID: 101
2026-03-28 21:47:09 INFO com.financegov.controller.ComplianceController - REST request to find compliance records for entity ID: 2000
2026-03-28 21:47:09 INFO com.financegov.service.ComplianceRecordServiceImpl - Fetching compliance records for Entity ID: 2000
2026-03-28 21:47:09 INFO com.financegov.service.ComplianceRecordServiceImpl - Total records found for Entity ID 2000: 2
2026-03-28 21:47:25 INFO com.financegov.controller.ComplianceController - REST request to find compliance records for entity ID: 2000
2026-03-28 21:47:25 INFO com.financegov.service.ComplianceRecordServiceImpl - Fetching compliance records for Entity ID: 2000
2026-03-28 21:47:25 INFO com.financegov.service.ComplianceRecordServiceImpl - Total records found for Entity ID 2000: 2
2026-03-28 21:48:01 INFO com.financegov.FinanceGovApplication - Starting FinanceGovApplication using Java 21.0.8 with PID 8144 (C:\Users\2481778\Downloads\ProjectWorkspace\FinanceGovApplication\target\classes started by 2481778 in C:\Users\2481778\Downloads\ProjectWorkspace\FinanceGovApplication)
2026-03-28 21:48:01 INFO com.financegov.FinanceGovApplication - No active profile set, falling back to 1 default profile: "default"
2026-03-28 21:48:05 INFO com.financegov.FinanceGovApplication - Started FinanceGovApplication in 4.125 seconds (process running for 709.845)
2026-03-28 21:48:11 INFO com.financegov.FinanceGovApplication - Starting FinanceGovApplication using Java 21.0.8 with PID 8144 (C:\Users\2481778\Downloads\ProjectWorkspace\FinanceGovApplication\target\classes started by 2481778 in C:\Users\2481778\Downloads\ProjectWorkspace\FinanceGovApplication)
2026-03-28 21:48:11 INFO com.financegov.FinanceGovApplication - No active profile set, falling back to 1 default profile: "default"
2026-03-28 21:48:12 INFO com.financegov.FinanceGovApplication - Started FinanceGovApplication in 1.4 seconds (process running for 717.063)
2026-03-28 21:48:19 INFO com.financegov.controller.ComplianceController - REST request to find compliance records for entity ID: 2000
2026-03-28 21:48:19 INFO com.financegov.service.ComplianceRecordServiceImpl - Fetching compliance records for Entity ID: 2000
2026-03-28 21:48:19 INFO com.financegov.service.ComplianceRecordServiceImpl - Total records found for Entity ID 2000: 0
2026-03-28 21:48:27 INFO com.financegov.controller.ComplianceController - REST request to create a new compliance record
2026-03-28 21:48:27 INFO com.financegov.service.ComplianceRecordServiceImpl - Creating new compliance record
2026-03-28 21:48:30 INFO com.financegov.controller.ComplianceController - REST request to create a new compliance record
2026-03-28 21:48:30 INFO com.financegov.service.ComplianceRecordServiceImpl - Creating new compliance record
2026-03-28 21:49:10 INFO com.financegov.controller.FinancialProgramController - Received request to fetch all programs
2026-03-28 21:49:10 INFO com.financegov.service.FinancialProgramServiceImpl - Fetching all financial programs
2026-03-28 21:49:18 INFO com.financegov.controller.FinancialProgramController - Received request to create program: FinancialProgramRequest(programId=null, title=Housing Program, description=Designed to give support for housing, startDate=2026-03-26, endDate=2026-09-01, budget=30000.0, status=ACTIVE, applications=null)
2026-03-28 21:49:18 INFO com.financegov.service.FinancialProgramServiceImpl - Saving new financial program: FinancialProgramRequest(programId=null, title=Housing Program, description=Designed to give support for housing, startDate=2026-03-26, endDate=2026-09-01, budget=30000.0, status=ACTIVE, applications=null)
2026-03-28 21:49:18 INFO com.financegov.service.FinancialProgramServiceImpl - Financial program saved successfully with ID: 1
2026-03-28 21:49:18 INFO com.financegov.controller.FinancialProgramController - Program created successfully with ID: 1
2026-03-28 21:49:29 INFO com.financegov.controller.FinancialProgramController - Received request to create program: FinancialProgramRequest(programId=101, title=Housing Program, description=Designed to give support for housing, startDate=2026-03-26, endDate=2026-09-01, budget=30000.0, status=ACTIVE, applications=null)
2026-03-28 21:49:29 INFO com.financegov.service.FinancialProgramServiceImpl - Saving new financial program: FinancialProgramRequest(programId=101, title=Housing Program, description=Designed to give support for housing, startDate=2026-03-26, endDate=2026-09-01, budget=30000.0, status=ACTIVE, applications=null)
2026-03-28 21:49:29 INFO com.financegov.service.FinancialProgramServiceImpl - Financial program saved successfully with ID: 2
2026-03-28 21:49:29 INFO com.financegov.controller.FinancialProgramController - Program created successfully with ID: 2
2026-03-28 21:49:45 INFO com.financegov.controller.ComplianceController - REST request to create a new compliance record
2026-03-28 21:49:45 INFO com.financegov.service.ComplianceRecordServiceImpl - Creating new compliance record
2026-03-28 21:49:47 INFO com.financegov.controller.ComplianceController - REST request to create a new compliance record
2026-03-28 21:49:47 INFO com.financegov.service.ComplianceRecordServiceImpl - Creating new compliance record
2026-03-28 21:49:52 INFO com.financegov.controller.ComplianceController - REST request to create a new compliance record
2026-03-28 21:49:52 INFO com.financegov.service.ComplianceRecordServiceImpl - Creating new compliance record
2026-03-28 21:49:52 INFO com.financegov.service.FinancialProgramServiceImpl - Fetching program by ID: 1
2026-03-28 21:49:52 INFO com.financegov.service.ComplianceRecordServiceImpl - Compliance record created with ID: 1
2026-03-28 21:50:06 INFO com.financegov.controller.ComplianceController - REST request to create a new compliance record
2026-03-28 21:50:06 INFO com.financegov.service.ComplianceRecordServiceImpl - Creating new compliance record
2026-03-28 21:52:00 INFO com.financegov.FinanceGovApplication - Starting FinanceGovApplication using Java 21.0.8 with PID 8144 (C:\Users\2481778\Downloads\ProjectWorkspace\FinanceGovApplication\target\classes started by 2481778 in C:\Users\2481778\Downloads\ProjectWorkspace\FinanceGovApplication)
2026-03-28 21:52:00 INFO com.financegov.FinanceGovApplication - No active profile set, falling back to 1 default profile: "default"
2026-03-28 21:52:02 INFO com.financegov.FinanceGovApplication - Started FinanceGovApplication in 2.121 seconds (process running for 946.426)
2026-03-28 21:52:06 INFO com.financegov.FinanceGovApplication - Starting FinanceGovApplication using Java 21.0.8 with PID 8144 (C:\Users\2481778\Downloads\ProjectWorkspace\FinanceGovApplication\target\classes started by 2481778 in C:\Users\2481778\Downloads\ProjectWorkspace\FinanceGovApplication)
2026-03-28 21:52:06 INFO com.financegov.FinanceGovApplication - No active profile set, falling back to 1 default profile: "default"
2026-03-28 21:52:09 INFO com.financegov.FinanceGovApplication - Started FinanceGovApplication in 2.822 seconds (process running for 953.389)
2026-03-28 21:52:25 INFO com.financegov.FinanceGovApplication - Starting FinanceGovApplication using Java 21.0.8 with PID 15184 (C:\Users\2481778\Downloads\ProjectWorkspace\FinanceGovApplication\target\classes started by 2481778 in C:\Users\2481778\Downloads\ProjectWorkspace\FinanceGovApplication)
2026-03-28 21:52:25 INFO com.financegov.FinanceGovApplication - No active profile set, falling back to 1 default profile: "default"
2026-03-28 21:52:34 INFO com.financegov.FinanceGovApplication - Started FinanceGovApplication in 10.359 seconds (process running for 12.266)
2026-03-28 21:52:40 INFO com.financegov.controller.ComplianceController - REST request to create a new compliance record
2026-03-28 21:52:40 INFO com.financegov.service.ComplianceRecordServiceImpl - Creating new compliance record
2026-03-28 21:52:41 INFO com.financegov.service.ComplianceRecordServiceImpl - Compliance record created with ID: 2
2026-03-28 21:53:18 INFO com.financegov.controller.ComplianceController - REST request to create a new compliance record
2026-03-28 21:53:18 INFO com.financegov.service.ComplianceRecordServiceImpl - Creating new compliance record
2026-03-28 21:53:18 INFO com.financegov.service.FinancialProgramServiceImpl - Fetching program by ID: 1
2026-03-28 21:53:19 INFO com.financegov.service.ComplianceRecordServiceImpl - Compliance record created with ID: 3
2026-03-28 21:53:26 INFO com.financegov.controller.ComplianceController - REST request to create a new compliance record
2026-03-28 21:53:26 INFO com.financegov.service.ComplianceRecordServiceImpl - Creating new compliance record
2026-03-28 21:53:26 INFO com.financegov.service.ComplianceRecordServiceImpl - Compliance record created with ID: 4
2026-03-28 21:53:28 INFO com.financegov.controller.ComplianceController - REST request to create a new compliance record
2026-03-28 21:53:28 INFO com.financegov.service.ComplianceRecordServiceImpl - Creating new compliance record
2026-03-28 21:53:40 INFO com.financegov.controller.ComplianceController - REST request to create a new compliance record
2026-03-28 21:53:40 INFO com.financegov.service.ComplianceRecordServiceImpl - Creating new compliance record
2026-03-28 21:53:42 INFO com.financegov.controller.ComplianceController - REST request to create a new compliance record
2026-03-28 21:53:42 INFO com.financegov.service.ComplianceRecordServiceImpl - Creating new compliance record
2026-03-28 21:53:42 INFO com.financegov.service.FinancialProgramServiceImpl - Fetching program by ID: 1
2026-03-28 21:53:42 INFO com.financegov.service.ComplianceRecordServiceImpl - Compliance record created with ID: 5
2026-03-28 21:55:56 INFO com.financegov.controller.TaxationController - REST request to create tax record for Entity ID: 0 for Year: 2000
2026-03-28 21:55:56 INFO com.financegov.service.TaxationServiceImpl - Creating tax record for Entity: 0 Year: 2000
2026-03-28 21:55:59 INFO com.financegov.controller.TaxationController - REST request to create tax record for Entity ID: 0 for Year: 2000
2026-03-28 21:55:59 INFO com.financegov.service.TaxationServiceImpl - Creating tax record for Entity: 0 Year: 2000
2026-03-28 21:57:18 INFO com.financegov.controller.CitizenBusinessController - Fetching all citizens
2026-03-28 21:57:18 INFO com.financegov.service.CitizenBusinessServiceImpl - Fetching all entities
2026-03-28 21:57:34 INFO com.financegov.controller.ComplianceController - REST request to create a new compliance record
2026-03-28 21:57:34 INFO com.financegov.service.ComplianceRecordServiceImpl - Creating new compliance record
2026-03-28 21:57:34 INFO com.financegov.service.FinancialProgramServiceImpl - Fetching program by ID: 1
2026-03-28 21:57:34 INFO com.financegov.service.ComplianceRecordServiceImpl - Compliance record created with ID: 6
2026-03-28 21:57:39 INFO com.financegov.controller.ComplianceController - REST request to create a new compliance record
2026-03-28 21:57:39 INFO com.financegov.service.ComplianceRecordServiceImpl - Creating new compliance record
2026-03-28 21:57:39 INFO com.financegov.service.ComplianceRecordServiceImpl - Compliance record created with ID: 7
2026-03-28 21:57:41 INFO com.financegov.controller.ComplianceController - REST request to create a new compliance record
2026-03-28 21:57:41 INFO com.financegov.service.ComplianceRecordServiceImpl - Creating new compliance record
2026-03-28 21:59:07 INFO com.financegov.FinanceGovApplication - Starting FinanceGovApplication using Java 21.0.8 with PID 15184 (C:\Users\2481778\Downloads\ProjectWorkspace\FinanceGovApplication\target\classes started by 2481778 in C:\Users\2481778\Downloads\ProjectWorkspace\FinanceGovApplication)
2026-03-28 21:59:07 INFO com.financegov.FinanceGovApplication - No active profile set, falling back to 1 default profile: "default"
2026-03-28 21:59:09 INFO com.financegov.FinanceGovApplication - Started FinanceGovApplication in 2.55 seconds (process running for 407.377)
2026-03-28 21:59:16 INFO com.financegov.FinanceGovApplication - Starting FinanceGovApplication using Java 21.0.8 with PID 15184 (C:\Users\2481778\Downloads\ProjectWorkspace\FinanceGovApplication\target\classes started by 2481778 in C:\Users\2481778\Downloads\ProjectWorkspace\FinanceGovApplication)
2026-03-28 21:59:16 INFO com.financegov.FinanceGovApplication - No active profile set, falling back to 1 default profile: "default"
2026-03-28 21:59:31 INFO com.financegov.FinanceGovApplication - Starting FinanceGovApplication using Java 21.0.8 with PID 15184 (C:\Users\2481778\Downloads\ProjectWorkspace\FinanceGovApplication\target\classes started by 2481778 in C:\Users\2481778\Downloads\ProjectWorkspace\FinanceGovApplication)
2026-03-28 21:59:31 INFO com.financegov.FinanceGovApplication - No active profile set, falling back to 1 default profile: "default"
2026-03-28 21:59:33 INFO com.financegov.FinanceGovApplication - Started FinanceGovApplication in 1.795 seconds (process running for 431.169)
2026-03-28 21:59:37 INFO com.financegov.controller.ComplianceController - REST request to create a new compliance record
2026-03-28 21:59:37 INFO com.financegov.service.ComplianceRecordServiceImpl - Creating new compliance record
2026-03-28 22:00:10 INFO com.financegov.FinanceGovApplication - Starting FinanceGovApplication using Java 21.0.8 with PID 15184 (C:\Users\2481778\Downloads\ProjectWorkspace\FinanceGovApplication\target\classes started by 2481778 in C:\Users\2481778\Downloads\ProjectWorkspace\FinanceGovApplication)
2026-03-28 22:00:10 INFO com.financegov.FinanceGovApplication - No active profile set, falling back to 1 default profile: "default"
2026-03-28 22:00:13 INFO com.financegov.FinanceGovApplication - Started FinanceGovApplication in 3.34 seconds (process running for 470.996)
2026-03-28 22:00:14 INFO com.financegov.controller.ComplianceController - REST request to create a new compliance record
2026-03-28 22:00:14 INFO com.financegov.service.ComplianceRecordServiceImpl - Creating new compliance record
2026-03-28 22:00:17 INFO com.financegov.controller.ComplianceController - REST request to create a new compliance record
2026-03-28 22:00:17 INFO com.financegov.service.ComplianceRecordServiceImpl - Creating new compliance record
2026-03-28 22:03:19 INFO com.financegov.FinanceGovApplication - Starting FinanceGovApplication using Java 21.0.8 with PID 9732 (C:\Users\2481778\Downloads\ProjectWorkspace\FinanceGovApplication\target\classes started by 2481778 in C:\Users\2481778\Downloads\ProjectWorkspace\FinanceGovApplication)
2026-03-28 22:03:19 INFO com.financegov.FinanceGovApplication - No active profile set, falling back to 1 default profile: "default"
2026-03-28 22:03:31 INFO com.financegov.FinanceGovApplication - Started FinanceGovApplication in 13.116 seconds (process running for 14.574)
2026-03-28 22:03:45 INFO com.financegov.controller.ComplianceController - REST request to create a new compliance record
2026-03-28 22:03:45 INFO com.financegov.service.ComplianceRecordServiceImpl - Creating new compliance record
2026-03-28 22:04:35 INFO com.financegov.FinanceGovApplication - Starting FinanceGovApplication using Java 21.0.8 with PID 9732 (C:\Users\2481778\Downloads\ProjectWorkspace\FinanceGovApplication\target\classes started by 2481778 in C:\Users\2481778\Downloads\ProjectWorkspace\FinanceGovApplication)
2026-03-28 22:04:35 INFO com.financegov.FinanceGovApplication - No active profile set, falling back to 1 default profile: "default"
2026-03-28 22:04:39 INFO com.financegov.FinanceGovApplication - Started FinanceGovApplication in 5.099 seconds (process running for 83.321)
2026-03-28 22:04:40 INFO com.financegov.controller.ComplianceController - REST request to create a new compliance record
2026-03-28 22:04:41 INFO com.financegov.service.ComplianceRecordServiceImpl - Creating new compliance record
2026-03-28 22:05:32 INFO com.financegov.FinanceGovApplication - Starting FinanceGovApplication using Java 21.0.8 with PID 9732 (C:\Users\2481778\Downloads\ProjectWorkspace\FinanceGovApplication\target\classes started by 2481778 in C:\Users\2481778\Downloads\ProjectWorkspace\FinanceGovApplication)
2026-03-28 22:05:32 INFO com.financegov.FinanceGovApplication - No active profile set, falling back to 1 default profile: "default"
2026-03-28 22:05:36 INFO com.financegov.FinanceGovApplication - Started FinanceGovApplication in 4.275 seconds (process running for 140.271)
2026-03-28 22:05:39 INFO com.financegov.controller.ComplianceController - REST request to create a new compliance record
2026-03-28 22:05:39 INFO com.financegov.service.ComplianceRecordServiceImpl - Creating new compliance record
2026-03-28 22:06:22 INFO com.financegov.FinanceGovApplication - Starting FinanceGovApplication using Java 21.0.8 with PID 9732 (C:\Users\2481778\Downloads\ProjectWorkspace\FinanceGovApplication\target\classes started by 2481778 in C:\Users\2481778\Downloads\ProjectWorkspace\FinanceGovApplication)
2026-03-28 22:06:22 INFO com.financegov.FinanceGovApplication - No active profile set, falling back to 1 default profile: "default"
2026-03-28 22:06:25 INFO com.financegov.FinanceGovApplication - Started FinanceGovApplication in 2.529 seconds (process running for 188.467)
2026-03-28 22:06:41 INFO com.financegov.controller.ComplianceController - REST request to create a new compliance record
2026-03-28 22:06:41 INFO com.financegov.service.ComplianceRecordServiceImpl - Creating new compliance record
2026-03-28 22:06:42 INFO com.financegov.FinanceGovApplication - Starting FinanceGovApplication using Java 21.0.8 with PID 9732 (C:\Users\2481778\Downloads\ProjectWorkspace\FinanceGovApplication\target\classes started by 2481778 in C:\Users\2481778\Downloads\ProjectWorkspace\FinanceGovApplication)
2026-03-28 22:06:42 INFO com.financegov.FinanceGovApplication - No active profile set, falling back to 1 default profile: "default"
2026-03-28 22:06:46 INFO com.financegov.FinanceGovApplication - Started FinanceGovApplication in 4.211 seconds (process running for 209.655)
2026-03-28 22:06:46 INFO com.financegov.controller.ComplianceController - REST request to create a new compliance record
2026-03-28 22:06:46 INFO com.financegov.service.ComplianceRecordServiceImpl - Creating new compliance record
2026-03-28 22:06:46 INFO com.financegov.service.ComplianceRecordServiceImpl - Compliance record created with ID: 8
2026-03-28 22:06:51 INFO com.financegov.controller.ComplianceController - REST request to create a new compliance record
2026-03-28 22:06:51 INFO com.financegov.service.ComplianceRecordServiceImpl - Creating new compliance record
2026-03-28 22:06:51 INFO com.financegov.service.ComplianceRecordServiceImpl - Compliance record created with ID: 9
2026-03-28 22:06:53 INFO com.financegov.controller.ComplianceController - REST request to create a new compliance record
2026-03-28 22:06:53 INFO com.financegov.service.ComplianceRecordServiceImpl - Creating new compliance record
2026-03-28 22:06:53 INFO com.financegov.service.ComplianceRecordServiceImpl - Compliance record created with ID: 10
2026-03-28 22:06:55 INFO com.financegov.controller.ComplianceController - REST request to create a new compliance record
2026-03-28 22:06:55 INFO com.financegov.service.ComplianceRecordServiceImpl - Creating new compliance record
2026-03-28 22:06:55 INFO com.financegov.service.ComplianceRecordServiceImpl - Compliance record created with ID: 11
2026-03-28 22:07:03 INFO com.financegov.controller.ComplianceController - REST request to create a new compliance record
2026-03-28 22:07:03 INFO com.financegov.service.ComplianceRecordServiceImpl - Creating new compliance record
2026-03-28 22:07:03 INFO com.financegov.service.ComplianceRecordServiceImpl - Compliance record created with ID: 12
2026-03-28 22:09:25 INFO com.financegov.FinanceGovApplication - Starting FinanceGovApplication using Java 21.0.8 with PID 9732 (C:\Users\2481778\Downloads\ProjectWorkspace\FinanceGovApplication\target\classes started by 2481778 in C:\Users\2481778\Downloads\ProjectWorkspace\FinanceGovApplication)
2026-03-28 22:09:25 INFO com.financegov.FinanceGovApplication - No active profile set, falling back to 1 default profile: "default"
2026-03-28 22:09:33 INFO com.financegov.FinanceGovApplication - Started FinanceGovApplication in 8.61 seconds (process running for 377.266)
2026-03-28 22:10:27 INFO com.financegov.FinanceGovApplication - Starting FinanceGovApplication using Java 21.0.8 with PID 9732 (C:\Users\2481778\Downloads\ProjectWorkspace\FinanceGovApplication\target\classes started by 2481778 in C:\Users\2481778\Downloads\ProjectWorkspace\FinanceGovApplication)
2026-03-28 22:10:27 INFO com.financegov.FinanceGovApplication - No active profile set, falling back to 1 default profile: "default"
2026-03-28 22:10:29 INFO com.financegov.FinanceGovApplication - Started FinanceGovApplication in 2.303 seconds (process running for 433.204)
2026-03-28 22:10:32 INFO com.financegov.FinanceGovApplication - Starting FinanceGovApplication using Java 21.0.8 with PID 9732 (C:\Users\2481778\Downloads\ProjectWorkspace\FinanceGovApplication\target\classes started by 2481778 in C:\Users\2481778\Downloads\ProjectWorkspace\FinanceGovApplication)
2026-03-28 22:10:32 INFO com.financegov.FinanceGovApplication - No active profile set, falling back to 1 default profile: "default"
2026-03-28 22:10:35 INFO com.financegov.FinanceGovApplication - Started FinanceGovApplication in 2.702 seconds (process running for 438.802)
2026-03-28 22:12:28 INFO com.financegov.FinanceGovApplication - Starting FinanceGovApplication using Java 21.0.8 with PID 9732 (C:\Users\2481778\Downloads\ProjectWorkspace\FinanceGovApplication\target\classes started by 2481778 in C:\Users\2481778\Downloads\ProjectWorkspace\FinanceGovApplication)
2026-03-28 22:12:28 INFO com.financegov.FinanceGovApplication - No active profile set, falling back to 1 default profile: "default"
2026-03-28 22:13:51 INFO com.financegov.FinanceGovApplication - Starting FinanceGovApplication using Java 21.0.8 with PID 9732 (C:\Users\2481778\Downloads\ProjectWorkspace\FinanceGovApplication\target\classes started by 2481778 in C:\Users\2481778\Downloads\ProjectWorkspace\FinanceGovApplication)
2026-03-28 22:13:51 INFO com.financegov.FinanceGovApplication - No active profile set, falling back to 1 default profile: "default"
2026-03-28 22:13:53 INFO com.financegov.FinanceGovApplication - Started FinanceGovApplication in 2.205 seconds (process running for 636.594)
2026-03-28 22:14:00 INFO com.financegov.FinanceGovApplication - Starting FinanceGovApplication using Java 21.0.8 with PID 9732 (C:\Users\2481778\Downloads\ProjectWorkspace\FinanceGovApplication\target\classes started by 2481778 in C:\Users\2481778\Downloads\ProjectWorkspace\FinanceGovApplication)
2026-03-28 22:14:00 INFO com.financegov.FinanceGovApplication - No active profile set, falling back to 1 default profile: "default"
2026-03-28 22:14:02 INFO com.financegov.FinanceGovApplication - Started FinanceGovApplication in 2.324 seconds (process running for 646.216)
2026-03-28 22:14:19 INFO com.financegov.FinanceGovApplication - Starting FinanceGovApplication using Java 21.0.8 with PID 9732 (C:\Users\2481778\Downloads\ProjectWorkspace\FinanceGovApplication\target\classes started by 2481778 in C:\Users\2481778\Downloads\ProjectWorkspace\FinanceGovApplication)
2026-03-28 22:14:19 INFO com.financegov.FinanceGovApplication - No active profile set, falling back to 1 default profile: "default"
2026-03-28 22:14:21 INFO com.financegov.FinanceGovApplication - Started FinanceGovApplication in 2.567 seconds (process running for 664.931)
2026-03-28 22:15:22 INFO com.financegov.FinanceGovApplication - Starting FinanceGovApplication using Java 21.0.8 with PID 9732 (C:\Users\2481778\Downloads\ProjectWorkspace\FinanceGovApplication\target\classes started by 2481778 in C:\Users\2481778\Downloads\ProjectWorkspace\FinanceGovApplication)
2026-03-28 22:15:22 INFO com.financegov.FinanceGovApplication - No active profile set, falling back to 1 default profile: "default"
2026-03-28 22:15:24 INFO com.financegov.FinanceGovApplication - Started FinanceGovApplication in 2.102 seconds (process running for 728.135)
2026-03-28 22:15:48 INFO com.financegov.FinanceGovApplication - Starting FinanceGovApplication using Java 21.0.8 with PID 24416 (C:\Users\2481778\Downloads\ProjectWorkspace\FinanceGovApplication\target\classes started by 2481778 in C:\Users\2481778\Downloads\ProjectWorkspace\FinanceGovApplication)
2026-03-28 22:15:48 INFO com.financegov.FinanceGovApplication - No active profile set, falling back to 1 default profile: "default"
2026-03-28 22:16:04 INFO com.financegov.FinanceGovApplication - Started FinanceGovApplication in 16.518 seconds (process running for 18.635)
2026-03-28 22:16:07 INFO com.financegov.controller.ComplianceController - REST request to create a new compliance record
2026-03-28 22:16:07 INFO com.financegov.service.ComplianceRecordServiceImpl - Creating new compliance record
2026-03-28 22:16:11 INFO com.financegov.controller.ComplianceController - REST request to create a new compliance record
2026-03-28 22:16:11 INFO com.financegov.service.ComplianceRecordServiceImpl - Creating new compliance record
2026-03-28 22:16:40 INFO com.financegov.controller.TaxationController - REST request to create tax record for Entity ID: 0 for Year: 2000
2026-03-28 22:16:40 INFO com.financegov.service.TaxationServiceImpl - Creating tax record for Entity: 0 Year: 2000
2026-03-28 22:17:01 INFO com.financegov.controller.CitizenBusinessController - Fetching all citizens
2026-03-28 22:17:01 INFO com.financegov.service.CitizenBusinessServiceImpl - Fetching all entities
2026-03-28 22:17:11 INFO com.financegov.controller.TaxationController - REST request to create tax record for Entity ID: 1 for Year: 2000
2026-03-28 22:17:11 INFO com.financegov.service.TaxationServiceImpl - Creating tax record for Entity: 1 Year: 2000
2026-03-28 22:17:22 INFO com.financegov.controller.ComplianceController - REST request to create a new compliance record
2026-03-28 22:17:22 INFO com.financegov.service.ComplianceRecordServiceImpl - Creating new compliance record
2026-03-28 22:17:24 INFO com.financegov.controller.ComplianceController - REST request to create a new compliance record
2026-03-28 22:17:24 INFO com.financegov.service.ComplianceRecordServiceImpl - Creating new compliance record
2026-03-28 22:17:24 INFO com.financegov.service.ComplianceRecordServiceImpl - Compliance record created with ID: 13
2026-03-28 22:17:27 INFO com.financegov.controller.ComplianceController - REST request to create a new compliance record
2026-03-28 22:17:27 INFO com.financegov.service.ComplianceRecordServiceImpl - Creating new compliance record
2026-03-28 22:17:27 INFO com.financegov.service.ComplianceRecordServiceImpl - Compliance record created with ID: 14
2026-03-28 22:17:28 INFO com.financegov.controller.ComplianceController - REST request to create a new compliance record
2026-03-28 22:17:28 INFO com.financegov.service.ComplianceRecordServiceImpl - Creating new compliance record
2026-03-28 22:17:28 INFO com.financegov.service.ComplianceRecordServiceImpl - Compliance record created with ID: 15
2026-03-28 22:17:30 INFO com.financegov.controller.ComplianceController - REST request to create a new compliance record
2026-03-28 22:17:30 INFO com.financegov.service.ComplianceRecordServiceImpl - Creating new compliance record
2026-03-28 22:17:30 INFO com.financegov.service.ComplianceRecordServiceImpl - Compliance record created with ID: 16
2026-03-28 22:17:41 INFO com.financegov.controller.ComplianceController - REST request to get compliance record by ID: 1
2026-03-28 22:17:41 INFO com.financegov.service.FinancialProgramServiceImpl - Fetching program by ID: 1
2026-03-28 22:17:48 INFO com.financegov.controller.ComplianceController - REST request to get compliance record by ID: 2
2026-03-28 22:17:54 INFO com.financegov.controller.ComplianceController - REST request to get compliance record by ID: 1
2026-03-28 22:17:54 INFO com.financegov.service.FinancialProgramServiceImpl - Fetching program by ID: 1
2026-03-28 22:18:01 INFO com.financegov.controller.ComplianceController - REST request to get compliance record by ID: 2
2026-03-28 22:18:07 INFO com.financegov.controller.ComplianceController - REST request to get compliance record by ID: 3
2026-03-28 22:23:34 INFO com.financegov.FinanceGovApplication - Starting FinanceGovApplication using Java 21.0.8 with PID 24416 (C:\Users\2481778\Downloads\ProjectWorkspace\FinanceGovApplication\target\classes started by 2481778 in C:\Users\2481778\Downloads\ProjectWorkspace\FinanceGovApplication)
2026-03-28 22:23:34 INFO com.financegov.FinanceGovApplication - No active profile set, falling back to 1 default profile: "default"
2026-03-28 22:23:37 INFO com.financegov.FinanceGovApplication - Started FinanceGovApplication in 2.736 seconds (process running for 471.905)
2026-03-28 22:25:51 INFO com.financegov.FinanceGovApplication - Starting FinanceGovApplication using Java 21.0.8 with PID 24416 (C:\Users\2481778\Downloads\ProjectWorkspace\FinanceGovApplication\target\classes started by 2481778 in C:\Users\2481778\Downloads\ProjectWorkspace\FinanceGovApplication)
2026-03-28 22:25:51 INFO com.financegov.FinanceGovApplication - No active profile set, falling back to 1 default profile: "default"
2026-03-28 22:25:54 INFO com.financegov.FinanceGovApplication - Started FinanceGovApplication in 2.54 seconds (process running for 608.712)
2026-03-28 22:26:05 INFO com.financegov.FinanceGovApplication - Starting FinanceGovApplication using Java 21.0.8 with PID 24416 (C:\Users\2481778\Downloads\ProjectWorkspace\FinanceGovApplication\target\classes started by 2481778 in C:\Users\2481778\Downloads\ProjectWorkspace\FinanceGovApplication)
2026-03-28 22:26:05 INFO com.financegov.FinanceGovApplication - No active profile set, falling back to 1 default profile: "default"
2026-03-28 22:26:07 INFO com.financegov.FinanceGovApplication - Started FinanceGovApplication in 1.958 seconds (process running for 621.947)
2026-03-28 22:26:21 INFO com.financegov.FinanceGovApplication - Starting FinanceGovApplication using Java 21.0.8 with PID 24416 (C:\Users\2481778\Downloads\ProjectWorkspace\FinanceGovApplication\target\classes started by 2481778 in C:\Users\2481778\Downloads\ProjectWorkspace\FinanceGovApplication)
2026-03-28 22:26:21 INFO com.financegov.FinanceGovApplication - No active profile set, falling back to 1 default profile: "default"
2026-03-28 22:26:26 INFO com.financegov.FinanceGovApplication - Started FinanceGovApplication in 4.326 seconds (process running for 640.784)
