2026-03-30 09:57:59 INFO com.financegov.FinanceGovApplication - Starting FinanceGovApplication using Java 21.0.8 with PID 10248 (C:\Users\2481778\Downloads\ProjectWorkspace\FinanceGovApplication\target\classes started by 2481778 in C:\Users\2481778\Downloads\ProjectWorkspace\FinanceGovApplication)
2026-03-30 09:57:59 INFO com.financegov.FinanceGovApplication - No active profile set, falling back to 1 default profile: "default"
2026-03-30 09:58:06 INFO com.financegov.FinanceGovApplication - Started FinanceGovApplication in 7.102 seconds (process running for 41030.007)
2026-03-30 09:59:16 INFO com.financegov.FinanceGovApplication - Starting FinanceGovApplication using Java 21.0.8 with PID 10248 (C:\Users\2481778\Downloads\ProjectWorkspace\FinanceGovApplication\target\classes started by 2481778 in C:\Users\2481778\Downloads\ProjectWorkspace\FinanceGovApplication)
2026-03-30 09:59:16 INFO com.financegov.FinanceGovApplication - No active profile set, falling back to 1 default profile: "default"
2026-03-30 09:59:25 INFO com.financegov.FinanceGovApplication - Started FinanceGovApplication in 8.839 seconds (process running for 41108.719)
2026-03-30 09:59:29 INFO com.financegov.FinanceGovApplication - Starting FinanceGovApplication using Java 21.0.8 with PID 10248 (C:\Users\2481778\Downloads\ProjectWorkspace\FinanceGovApplication\target\classes started by 2481778 in C:\Users\2481778\Downloads\ProjectWorkspace\FinanceGovApplication)
2026-03-30 09:59:29 INFO com.financegov.FinanceGovApplication - No active profile set, falling back to 1 default profile: "default"
2026-03-30 09:59:31 INFO com.financegov.FinanceGovApplication - Started FinanceGovApplication in 2.438 seconds (process running for 41115.114)
2026-03-30 09:59:50 INFO com.financegov.FinanceGovApplication - Starting FinanceGovApplication using Java 21.0.8 with PID 10248 (C:\Users\2481778\Downloads\ProjectWorkspace\FinanceGovApplication\target\classes started by 2481778 in C:\Users\2481778\Downloads\ProjectWorkspace\FinanceGovApplication)
2026-03-30 09:59:50 INFO com.financegov.FinanceGovApplication - No active profile set, falling back to 1 default profile: "default"
2026-03-30 09:59:52 INFO com.financegov.FinanceGovApplication - Started FinanceGovApplication in 2.128 seconds (process running for 41136.053)
2026-03-30 10:00:55 INFO com.financegov.FinanceGovApplication - Starting FinanceGovApplication using Java 21.0.8 with PID 10248 (C:\Users\2481778\Downloads\ProjectWorkspace\FinanceGovApplication\target\classes started by 2481778 in C:\Users\2481778\Downloads\ProjectWorkspace\FinanceGovApplication)
2026-03-30 10:00:55 INFO com.financegov.FinanceGovApplication - No active profile set, falling back to 1 default profile: "default"
2026-03-30 10:00:57 INFO com.financegov.FinanceGovApplication - Started FinanceGovApplication in 1.687 seconds (process running for 41200.537)
2026-03-30 10:06:50 INFO com.financegov.FinanceGovApplication - Starting FinanceGovApplication using Java 21.0.8 with PID 10248 (C:\Users\2481778\Downloads\ProjectWorkspace\FinanceGovApplication\target\classes started by 2481778 in C:\Users\2481778\Downloads\ProjectWorkspace\FinanceGovApplication)
2026-03-30 10:06:50 INFO com.financegov.FinanceGovApplication - No active profile set, falling back to 1 default profile: "default"
2026-03-30 10:06:53 INFO com.financegov.FinanceGovApplication - Started FinanceGovApplication in 3.781 seconds (process running for 41557.015)
2026-03-30 10:07:05 INFO com.financegov.FinanceGovApplication - Starting FinanceGovApplication using Java 21.0.8 with PID 10248 (C:\Users\2481778\Downloads\ProjectWorkspace\FinanceGovApplication\target\classes started by 2481778 in C:\Users\2481778\Downloads\ProjectWorkspace\FinanceGovApplication)
2026-03-30 10:07:05 INFO com.financegov.FinanceGovApplication - No active profile set, falling back to 1 default profile: "default"
2026-03-30 10:07:07 INFO com.financegov.FinanceGovApplication - Started FinanceGovApplication in 2.34 seconds (process running for 41570.88)
2026-03-30 10:09:23 INFO com.financegov.FinanceGovApplication - Starting FinanceGovApplication using Java 21.0.8 with PID 10248 (C:\Users\2481778\Downloads\ProjectWorkspace\FinanceGovApplication\target\classes started by 2481778 in C:\Users\2481778\Downloads\ProjectWorkspace\FinanceGovApplication)
2026-03-30 10:09:23 INFO com.financegov.FinanceGovApplication - No active profile set, falling back to 1 default profile: "default"
2026-03-30 10:09:26 INFO com.financegov.FinanceGovApplication - Started FinanceGovApplication in 3.15 seconds (process running for 41709.804)
2026-03-30 10:09:55 INFO com.financegov.FinanceGovApplication - Starting FinanceGovApplication using Java 21.0.8 with PID 10248 (C:\Users\2481778\Downloads\ProjectWorkspace\FinanceGovApplication\target\classes started by 2481778 in C:\Users\2481778\Downloads\ProjectWorkspace\FinanceGovApplication)
2026-03-30 10:09:55 INFO com.financegov.FinanceGovApplication - No active profile set, falling back to 1 default profile: "default"
2026-03-30 10:09:58 INFO com.financegov.FinanceGovApplication - Started FinanceGovApplication in 2.785 seconds (process running for 41741.677)
2026-03-30 10:10:00 INFO com.financegov.FinanceGovApplication - Starting FinanceGovApplication using Java 21.0.8 with PID 10248 (C:\Users\2481778\Downloads\ProjectWorkspace\FinanceGovApplication\target\classes started by 2481778 in C:\Users\2481778\Downloads\ProjectWorkspace\FinanceGovApplication)
2026-03-30 10:10:00 INFO com.financegov.FinanceGovApplication - No active profile set, falling back to 1 default profile: "default"
2026-03-30 10:10:02 INFO com.financegov.FinanceGovApplication - Started FinanceGovApplication in 2.185 seconds (process running for 41745.667)
2026-03-30 10:10:28 INFO com.financegov.FinanceGovApplication - Starting FinanceGovApplication using Java 21.0.8 with PID 10248 (C:\Users\2481778\Downloads\ProjectWorkspace\FinanceGovApplication\target\classes started by 2481778 in C:\Users\2481778\Downloads\ProjectWorkspace\FinanceGovApplication)
2026-03-30 10:10:28 INFO com.financegov.FinanceGovApplication - No active profile set, falling back to 1 default profile: "default"
2026-03-30 10:10:31 INFO com.financegov.FinanceGovApplication - Started FinanceGovApplication in 2.272 seconds (process running for 41774.475)
2026-03-30 10:14:02 INFO com.financegov.controller.DisclosureController - REST request to submit disclosure for Entity ID: 3
2026-03-30 10:14:02 INFO com.financegov.service.DisclosureServiceImpl - Filing disclosure for Entity ID: 3
2026-03-30 10:14:04 INFO com.financegov.controller.DisclosureController - REST request to submit disclosure for Entity ID: 3
2026-03-30 10:14:04 INFO com.financegov.service.DisclosureServiceImpl - Filing disclosure for Entity ID: 3
2026-03-30 10:15:18 INFO com.financegov.controller.DisclosureController - REST request to submit disclosure for Entity ID: 1
2026-03-30 10:15:18 INFO com.financegov.service.DisclosureServiceImpl - Filing disclosure for Entity ID: 1
2026-03-30 10:18:12 INFO com.financegov.FinanceGovApplication - Starting FinanceGovApplication using Java 21.0.8 with PID 10248 (C:\Users\2481778\Downloads\ProjectWorkspace\FinanceGovApplication\target\classes started by 2481778 in C:\Users\2481778\Downloads\ProjectWorkspace\FinanceGovApplication)
2026-03-30 10:18:12 INFO com.financegov.FinanceGovApplication - No active profile set, falling back to 1 default profile: "default"
2026-03-30 10:18:20 INFO com.financegov.FinanceGovApplication - Started FinanceGovApplication in 8.142 seconds (process running for 42244.106)
2026-03-30 10:18:29 INFO com.financegov.FinanceGovApplication - Starting FinanceGovApplication using Java 21.0.8 with PID 10248 (C:\Users\2481778\Downloads\ProjectWorkspace\FinanceGovApplication\target\classes started by 2481778 in C:\Users\2481778\Downloads\ProjectWorkspace\FinanceGovApplication)
2026-03-30 10:18:29 INFO com.financegov.FinanceGovApplication - No active profile set, falling back to 1 default profile: "default"
2026-03-30 10:18:33 INFO com.financegov.FinanceGovApplication - Started FinanceGovApplication in 3.991 seconds (process running for 42256.342)
2026-03-30 10:21:00 INFO com.financegov.controller.DisclosureController - REST request: Validating Disclosure ID: 1 with status: VALIDATED
2026-03-30 10:21:00 INFO com.financegov.service.DisclosureServiceImpl - Validating single disclosure: 1
2026-03-30 10:21:44 INFO com.financegov.controller.DisclosureController - REST request to fetch all disclosures
2026-03-30 13:17:31 INFO com.financegov.FinanceGovApplication - Starting FinanceGovApplication using Java 21.0.8 with PID 10248 (C:\Users\2481778\Downloads\ProjectWorkspace\FinanceGovApplication\target\classes started by 2481778 in C:\Users\2481778\Downloads\ProjectWorkspace\FinanceGovApplication)
2026-03-30 13:17:31 INFO com.financegov.FinanceGovApplication - No active profile set, falling back to 1 default profile: "default"
2026-03-30 13:17:39 INFO com.financegov.FinanceGovApplication - Started FinanceGovApplication in 8.308 seconds (process running for 53002.636)
2026-03-30 13:17:52 INFO com.financegov.FinanceGovApplication - Starting FinanceGovApplication using Java 21.0.8 with PID 10248 (C:\Users\2481778\Downloads\ProjectWorkspace\FinanceGovApplication\target\classes started by 2481778 in C:\Users\2481778\Downloads\ProjectWorkspace\FinanceGovApplication)
2026-03-30 13:17:52 INFO com.financegov.FinanceGovApplication - No active profile set, falling back to 1 default profile: "default"
2026-03-30 13:17:54 INFO com.financegov.FinanceGovApplication - Started FinanceGovApplication in 1.872 seconds (process running for 53018.088)
2026-03-30 13:35:46 INFO com.financegov.FinanceGovApplication - Starting FinanceGovApplication using Java 21.0.8 with PID 10248 (C:\Users\2481778\Downloads\ProjectWorkspace\FinanceGovApplication\target\classes started by 2481778 in C:\Users\2481778\Downloads\ProjectWorkspace\FinanceGovApplication)
2026-03-30 13:35:46 INFO com.financegov.FinanceGovApplication - No active profile set, falling back to 1 default profile: "default"
2026-03-30 13:36:24 INFO com.financegov.FinanceGovApplication - Starting FinanceGovApplication using Java 21.0.8 with PID 10248 (C:\Users\2481778\Downloads\ProjectWorkspace\FinanceGovApplication\target\classes started by 2481778 in C:\Users\2481778\Downloads\ProjectWorkspace\FinanceGovApplication)
2026-03-30 13:36:24 INFO com.financegov.FinanceGovApplication - No active profile set, falling back to 1 default profile: "default"
2026-03-30 13:37:27 INFO com.financegov.FinanceGovApplication - Starting FinanceGovApplication using Java 21.0.8 with PID 10248 (C:\Users\2481778\Downloads\ProjectWorkspace\FinanceGovApplication\target\classes started by 2481778 in C:\Users\2481778\Downloads\ProjectWorkspace\FinanceGovApplication)
2026-03-30 13:37:27 INFO com.financegov.FinanceGovApplication - No active profile set, falling back to 1 default profile: "default"
2026-03-30 13:37:40 INFO com.financegov.FinanceGovApplication - Starting FinanceGovApplication using Java 21.0.8 with PID 10248 (C:\Users\2481778\Downloads\ProjectWorkspace\FinanceGovApplication\target\classes started by 2481778 in C:\Users\2481778\Downloads\ProjectWorkspace\FinanceGovApplication)
2026-03-30 13:37:40 INFO com.financegov.FinanceGovApplication - No active profile set, falling back to 1 default profile: "default"
2026-03-30 13:37:47 INFO com.financegov.FinanceGovApplication - Starting FinanceGovApplication using Java 21.0.8 with PID 10248 (C:\Users\2481778\Downloads\ProjectWorkspace\FinanceGovApplication\target\classes started by 2481778 in C:\Users\2481778\Downloads\ProjectWorkspace\FinanceGovApplication)
2026-03-30 13:37:47 INFO com.financegov.FinanceGovApplication - No active profile set, falling back to 1 default profile: "default"
2026-03-30 13:37:55 INFO com.financegov.FinanceGovApplication - Starting FinanceGovApplication using Java 21.0.8 with PID 10248 (C:\Users\2481778\Downloads\ProjectWorkspace\FinanceGovApplication\target\classes started by 2481778 in C:\Users\2481778\Downloads\ProjectWorkspace\FinanceGovApplication)
2026-03-30 13:37:55 INFO com.financegov.FinanceGovApplication - No active profile set, falling back to 1 default profile: "default"
2026-03-30 13:37:58 INFO com.financegov.FinanceGovApplication - Started FinanceGovApplication in 2.331 seconds (process running for 54221.454)
2026-03-30 13:58:09 INFO com.financegov.FinanceGovApplication - Starting FinanceGovApplication using Java 21.0.8 with PID 10248 (C:\Users\2481778\Downloads\ProjectWorkspace\FinanceGovApplication\target\classes started by 2481778 in C:\Users\2481778\Downloads\ProjectWorkspace\FinanceGovApplication)
2026-03-30 13:58:09 INFO com.financegov.FinanceGovApplication - No active profile set, falling back to 1 default profile: "default"
2026-03-30 13:58:12 INFO com.financegov.FinanceGovApplication - Started FinanceGovApplication in 3.17 seconds (process running for 55435.649)
2026-03-30 13:58:18 INFO com.financegov.FinanceGovApplication - Starting FinanceGovApplication using Java 21.0.8 with PID 10248 (C:\Users\2481778\Downloads\ProjectWorkspace\FinanceGovApplication\target\classes started by 2481778 in C:\Users\2481778\Downloads\ProjectWorkspace\FinanceGovApplication)
2026-03-30 13:58:18 INFO com.financegov.FinanceGovApplication - No active profile set, falling back to 1 default profile: "default"
2026-03-30 13:58:19 INFO com.financegov.FinanceGovApplication - Started FinanceGovApplication in 1.469 seconds (process running for 55443.253)
2026-03-30 14:01:29 INFO com.financegov.FinanceGovApplication - Starting FinanceGovApplication using Java 21.0.8 with PID 10248 (C:\Users\2481778\Downloads\ProjectWorkspace\FinanceGovApplication\target\classes started by 2481778 in C:\Users\2481778\Downloads\ProjectWorkspace\FinanceGovApplication)
2026-03-30 14:01:29 INFO com.financegov.FinanceGovApplication - No active profile set, falling back to 1 default profile: "default"
2026-03-30 14:01:36 INFO com.financegov.FinanceGovApplication - Started FinanceGovApplication in 7.079 seconds (process running for 55640.002)
2026-03-30 14:03:10 INFO com.financegov.FinanceGovApplication - Starting FinanceGovApplication using Java 21.0.8 with PID 10248 (C:\Users\2481778\Downloads\ProjectWorkspace\FinanceGovApplication\target\classes started by 2481778 in C:\Users\2481778\Downloads\ProjectWorkspace\FinanceGovApplication)
2026-03-30 14:03:10 INFO com.financegov.FinanceGovApplication - No active profile set, falling back to 1 default profile: "default"
2026-03-30 14:03:12 INFO com.financegov.FinanceGovApplication - Started FinanceGovApplication in 1.714 seconds (process running for 55735.385)
2026-03-30 14:03:14 INFO com.financegov.FinanceGovApplication - Starting FinanceGovApplication using Java 21.0.8 with PID 10248 (C:\Users\2481778\Downloads\ProjectWorkspace\FinanceGovApplication\target\classes started by 2481778 in C:\Users\2481778\Downloads\ProjectWorkspace\FinanceGovApplication)
2026-03-30 14:03:14 INFO com.financegov.FinanceGovApplication - No active profile set, falling back to 1 default profile: "default"
2026-03-30 14:03:16 INFO com.financegov.FinanceGovApplication - Started FinanceGovApplication in 1.52 seconds (process running for 55739.68)
2026-03-30 14:05:16 INFO com.financegov.FinanceGovApplication - Starting FinanceGovApplication using Java 21.0.8 with PID 10248 (C:\Users\2481778\Downloads\ProjectWorkspace\FinanceGovApplication\target\classes started by 2481778 in C:\Users\2481778\Downloads\ProjectWorkspace\FinanceGovApplication)
2026-03-30 14:05:16 INFO com.financegov.FinanceGovApplication - No active profile set, falling back to 1 default profile: "default"
2026-03-30 14:05:18 INFO com.financegov.FinanceGovApplication - Started FinanceGovApplication in 1.904 seconds (process running for 55861.954)
2026-03-30 14:05:29 INFO com.financegov.FinanceGovApplication - Starting FinanceGovApplication using Java 21.0.8 with PID 10248 (C:\Users\2481778\Downloads\ProjectWorkspace\FinanceGovApplication\target\classes started by 2481778 in C:\Users\2481778\Downloads\ProjectWorkspace\FinanceGovApplication)
2026-03-30 14:05:29 INFO com.financegov.FinanceGovApplication - No active profile set, falling back to 1 default profile: "default"
2026-03-30 14:05:31 INFO com.financegov.FinanceGovApplication - Started FinanceGovApplication in 2.226 seconds (process running for 55874.672)
2026-03-30 14:06:39 INFO com.financegov.FinanceGovApplication - Starting FinanceGovApplication using Java 21.0.8 with PID 10248 (C:\Users\2481778\Downloads\ProjectWorkspace\FinanceGovApplication\target\classes started by 2481778 in C:\Users\2481778\Downloads\ProjectWorkspace\FinanceGovApplication)
2026-03-30 14:06:39 INFO com.financegov.FinanceGovApplication - No active profile set, falling back to 1 default profile: "default"
2026-03-30 14:06:42 INFO com.financegov.FinanceGovApplication - Started FinanceGovApplication in 2.55 seconds (process running for 55945.345)
2026-03-30 14:10:52 INFO com.financegov.FinanceGovApplication - Starting FinanceGovApplication using Java 21.0.8 with PID 29180 (C:\Users\2481778\Downloads\ProjectWorkspace\FinanceGovApplication\target\classes started by 2481778 in C:\Users\2481778\Downloads\ProjectWorkspace\FinanceGovApplication)
2026-03-30 14:10:52 INFO com.financegov.FinanceGovApplication - No active profile set, falling back to 1 default profile: "default"
2026-03-30 14:11:05 INFO com.financegov.FinanceGovApplication - Started FinanceGovApplication in 15.093 seconds (process running for 17.514)
2026-03-30 16:36:44 INFO com.financegov.controller.ComplianceController - REST request to create a new compliance record
2026-03-30 16:36:44 INFO com.financegov.service.ComplianceRecordServiceImpl - Creating new compliance record
2026-03-30 16:36:45 INFO com.financegov.service.ComplianceRecordServiceImpl - Compliance record created with ID: 2
2026-03-30 16:36:58 INFO com.financegov.FinanceGovApplication - Starting FinanceGovApplication using Java 21.0.8 with PID 29180 (C:\Users\2481778\Downloads\ProjectWorkspace\FinanceGovApplication\target\classes started by 2481778 in C:\Users\2481778\Downloads\ProjectWorkspace\FinanceGovApplication)
2026-03-30 16:36:58 INFO com.financegov.FinanceGovApplication - No active profile set, falling back to 1 default profile: "default"
2026-03-30 16:37:10 INFO com.financegov.FinanceGovApplication - Started FinanceGovApplication in 11.651 seconds (process running for 8781.791)
2026-03-30 16:54:39 INFO com.financegov.controller.ComplianceController - REST request to create a new compliance record
2026-03-30 16:54:39 INFO com.financegov.service.ComplianceRecordServiceImpl - Creating new compliance record
2026-03-30 16:54:39 INFO com.financegov.service.ComplianceRecordServiceImpl - Compliance record created with ID: 3
2026-03-30 16:55:26 INFO com.financegov.controller.ComplianceController - REST request to create a new compliance record
2026-03-30 16:55:26 INFO com.financegov.service.ComplianceRecordServiceImpl - Creating new compliance record
2026-03-30 16:55:34 INFO com.financegov.controller.ComplianceController - REST request to create a new compliance record
2026-03-30 16:55:34 INFO com.financegov.service.ComplianceRecordServiceImpl - Creating new compliance record
2026-03-30 16:56:10 INFO com.financegov.controller.ComplianceController - REST request to get compliance record by ID: 1
2026-03-30 16:56:33 INFO com.financegov.controller.AuditController - REST request to create a new audit record
2026-03-30 16:56:33 INFO com.financegov.service.AuditServiceImpl - Creating new audit record
2026-03-30 16:56:33 INFO com.financegov.service.AuditServiceImpl - Audit record created with ID: 1
2026-03-30 16:57:15 INFO com.financegov.controller.AuditController - REST request to find audit records for officer ID: 21011
2026-03-30 16:57:15 INFO com.financegov.service.AuditServiceImpl - Fetching audit records for Officer ID: 21011
2026-03-30 16:57:15 INFO com.financegov.service.AuditServiceImpl - Total records found for Officer ID 21011: 0
2026-03-30 16:57:48 WARN com.financegov.controller.AuditController - REST request to delete audit record with ID: 1
2026-03-30 16:57:48 INFO com.financegov.service.AuditServiceImpl - Attempting to delete audit record with ID: 1
2026-03-30 16:57:48 INFO com.financegov.service.AuditServiceImpl - Fetching audit record with ID: 1
2026-03-30 16:57:48 INFO com.financegov.service.AuditServiceImpl - Audit record found for ID: 1
2026-03-30 16:57:48 INFO com.financegov.service.AuditServiceImpl - Audit record deleted successfully with ID: 1
2026-03-30 16:57:51 WARN com.financegov.controller.AuditController - REST request to delete audit record with ID: 1
2026-03-30 16:57:51 INFO com.financegov.service.AuditServiceImpl - Attempting to delete audit record with ID: 1
2026-03-30 16:57:51 INFO com.financegov.service.AuditServiceImpl - Fetching audit record with ID: 1
2026-03-30 16:57:51 WARN com.financegov.service.AuditServiceImpl - Audit record not found for ID: 1
2026-03-30 17:04:47 INFO com.financegov.FinanceGovApplication - Starting FinanceGovApplication using Java 21.0.8 with PID 29180 (C:\Users\2481778\Downloads\ProjectWorkspace\FinanceGovApplication\target\classes started by 2481778 in C:\Users\2481778\Downloads\ProjectWorkspace\FinanceGovApplication)
2026-03-30 17:04:47 INFO com.financegov.FinanceGovApplication - No active profile set, falling back to 1 default profile: "default"
2026-03-30 17:05:02 INFO com.financegov.FinanceGovApplication - Started FinanceGovApplication in 15.87 seconds (process running for 10454.537)
2026-03-30 17:05:03 INFO com.financegov.controller.AuditController - REST request to find audit records for officer ID: 21011
2026-03-30 17:05:03 INFO com.financegov.service.AuditServiceImpl - Fetching audit records for Officer ID: 21011
2026-03-30 17:05:09 INFO com.financegov.controller.AuditController - REST request to find audit records for officer ID: 210
2026-03-30 17:05:09 INFO com.financegov.service.AuditServiceImpl - Fetching audit records for Officer ID: 210
2026-03-30 17:05:19 INFO com.financegov.controller.AuditController - REST request to create a new audit record
2026-03-30 17:05:19 INFO com.financegov.service.AuditServiceImpl - Creating new audit record
2026-03-30 17:05:19 INFO com.financegov.service.AuditServiceImpl - Audit record created with ID: 2
2026-03-30 17:05:28 INFO com.financegov.controller.AuditController - REST request to find audit records for officer ID: 2101
2026-03-30 17:05:28 INFO com.financegov.service.AuditServiceImpl - Fetching audit records for Officer ID: 2101
2026-03-30 17:05:28 INFO com.financegov.service.AuditServiceImpl - Total records found for Officer ID 2101: 1
2026-03-30 17:05:44 INFO com.financegov.controller.ComplianceController - REST request to find compliance records for entity ID: 2000
2026-03-30 17:05:44 INFO com.financegov.service.ComplianceRecordServiceImpl - Fetching compliance records for Entity ID: 2000
2026-03-30 17:05:44 INFO com.financegov.service.ComplianceRecordServiceImpl - Total records found for Entity ID 2000: 0
2026-03-30 17:09:06 INFO com.financegov.FinanceGovApplication - Starting FinanceGovApplication using Java 21.0.8 with PID 29180 (C:\Users\2481778\Downloads\ProjectWorkspace\FinanceGovApplication\target\classes started by 2481778 in C:\Users\2481778\Downloads\ProjectWorkspace\FinanceGovApplication)
2026-03-30 17:09:06 INFO com.financegov.FinanceGovApplication - No active profile set, falling back to 1 default profile: "default"
2026-03-30 17:09:12 INFO com.financegov.FinanceGovApplication - Started FinanceGovApplication in 5.87 seconds (process running for 10703.761)
2026-03-30 17:09:13 INFO com.financegov.controller.ComplianceController - REST request to find compliance records for entity ID: 2000
2026-03-30 17:09:13 INFO com.financegov.service.ComplianceRecordServiceImpl - Fetching compliance records for Entity ID: 2000
2026-03-30 17:09:24 INFO com.financegov.controller.ComplianceController - REST request to get compliance record by ID: 4
2026-03-30 17:09:36 INFO com.financegov.controller.ComplianceController - REST request to update compliance record with ID: 1
2026-03-30 17:09:36 INFO com.financegov.service.ComplianceRecordServiceImpl - Updating compliance record with ID: 1
2026-03-30 17:09:36 INFO com.financegov.service.ComplianceRecordServiceImpl - Compliance record updated successfully for ID: 1
2026-03-30 17:25:31 INFO com.financegov.FinanceGovApplication - Starting FinanceGovApplication using Java 21.0.8 with PID 29180 (C:\Users\2481778\Downloads\ProjectWorkspace\FinanceGovApplication\target\classes started by 2481778 in C:\Users\2481778\Downloads\ProjectWorkspace\FinanceGovApplication)
2026-03-30 17:25:31 INFO com.financegov.FinanceGovApplication - No active profile set, falling back to 1 default profile: "default"
2026-03-30 17:25:43 INFO com.financegov.FinanceGovApplication - Started FinanceGovApplication in 12.554 seconds (process running for 11695.284)
2026-03-30 17:27:49 INFO com.financegov.FinanceGovApplication - Starting FinanceGovApplication using Java 21.0.8 with PID 29180 (C:\Users\2481778\Downloads\ProjectWorkspace\FinanceGovApplication\target\classes started by 2481778 in C:\Users\2481778\Downloads\ProjectWorkspace\FinanceGovApplication)
2026-03-30 17:27:49 INFO com.financegov.FinanceGovApplication - No active profile set, falling back to 1 default profile: "default"
2026-03-30 17:27:54 INFO com.financegov.FinanceGovApplication - Started FinanceGovApplication in 5.96 seconds (process running for 11826.621)
2026-03-30 19:14:29 INFO com.financegov.FinanceGovApplication - Starting FinanceGovApplication using Java 21.0.8 with PID 29180 (C:\Users\2481778\Downloads\ProjectWorkspace\FinanceGovApplication\target\classes started by 2481778 in C:\Users\2481778\Downloads\ProjectWorkspace\FinanceGovApplication)
2026-03-30 19:14:29 INFO com.financegov.FinanceGovApplication - No active profile set, falling back to 1 default profile: "default"
2026-03-30 19:14:41 INFO com.financegov.FinanceGovApplication - Started FinanceGovApplication in 12.842 seconds (process running for 18233.593)
2026-03-30 19:14:42 INFO com.financegov.controller.ComplianceController - REST request to create a new compliance record
2026-03-30 19:14:42 INFO com.financegov.service.ComplianceRecordServiceImpl - Creating new compliance record
2026-03-30 19:15:11 INFO com.financegov.controller.ComplianceController - REST request to create a new compliance record
2026-03-30 19:15:11 INFO com.financegov.service.ComplianceRecordServiceImpl - Creating new compliance record
2026-03-30 19:15:11 INFO com.financegov.service.ComplianceRecordServiceImpl - Compliance record created with ID: 7
2026-03-30 19:15:24 INFO com.financegov.FinanceGovApplication - Starting FinanceGovApplication using Java 21.0.8 with PID 29180 (C:\Users\2481778\Downloads\ProjectWorkspace\FinanceGovApplication\target\classes started by 2481778 in C:\Users\2481778\Downloads\ProjectWorkspace\FinanceGovApplication)
2026-03-30 19:15:24 INFO com.financegov.FinanceGovApplication - No active profile set, falling back to 1 default profile: "default"
2026-03-30 19:15:27 INFO com.financegov.FinanceGovApplication - Started FinanceGovApplication in 2.373 seconds (process running for 18278.86)
