2026-03-24 13:37:22 INFO com.financegov.FinanceGovApplication - Starting FinanceGovApplication using Java 21.0.8 with PID 10384 (C:\Users\2481778\Downloads\ProjectWorkspace\FinanceGovApplication\target\classes started by 2481778 in C:\Users\2481778\Downloads\ProjectWorkspace\FinanceGovApplication)
2026-03-24 13:37:22 INFO com.financegov.FinanceGovApplication - No active profile set, falling back to 1 default profile: "default"
2026-03-24 13:37:30 INFO com.financegov.FinanceGovApplication - Started FinanceGovApplication in 8.145 seconds (process running for 9.497)
2026-03-24 13:39:18 INFO com.financegov.service.impl.ComplianceRecordServiceImpl - Fetching all compliance records
2026-03-24 13:39:19 INFO com.financegov.service.impl.ComplianceRecordServiceImpl - Total compliance records fetched: 0
2026-03-24 13:39:22 INFO com.financegov.service.impl.ComplianceRecordServiceImpl - Creating new compliance record
2026-03-24 13:39:51 INFO com.financegov.FinanceGovApplication - Starting FinanceGovApplication using Java 21.0.8 with PID 11704 (C:\Users\2481778\Downloads\ProjectWorkspace\FinanceGovApplication\target\classes started by 2481778 in C:\Users\2481778\Downloads\ProjectWorkspace\FinanceGovApplication)
2026-03-24 13:39:51 INFO com.financegov.FinanceGovApplication - No active profile set, falling back to 1 default profile: "default"
2026-03-24 13:40:02 INFO com.financegov.FinanceGovApplication - Started FinanceGovApplication in 11.211 seconds (process running for 12.38)
2026-03-24 13:40:13 INFO com.financegov.FinanceGovApplication - Starting FinanceGovApplication using Java 21.0.8 with PID 11704 (C:\Users\2481778\Downloads\ProjectWorkspace\FinanceGovApplication\target\classes started by 2481778 in C:\Users\2481778\Downloads\ProjectWorkspace\FinanceGovApplication)
2026-03-24 13:40:13 INFO com.financegov.FinanceGovApplication - No active profile set, falling back to 1 default profile: "default"
2026-03-24 13:40:14 INFO com.financegov.FinanceGovApplication - Started FinanceGovApplication in 0.706 seconds (process running for 24.543)
2026-03-24 13:40:28 INFO com.financegov.FinanceGovApplication - Starting FinanceGovApplication using Java 21.0.8 with PID 11704 (C:\Users\2481778\Downloads\ProjectWorkspace\FinanceGovApplication\target\classes started by 2481778 in C:\Users\2481778\Downloads\ProjectWorkspace\FinanceGovApplication)
2026-03-24 13:40:28 INFO com.financegov.FinanceGovApplication - No active profile set, falling back to 1 default profile: "default"
2026-03-24 13:40:29 INFO com.financegov.FinanceGovApplication - Started FinanceGovApplication in 1.373 seconds (process running for 39.549)
2026-03-24 13:40:45 INFO com.financegov.FinanceGovApplication - Starting FinanceGovApplication using Java 21.0.8 with PID 11704 (C:\Users\2481778\Downloads\ProjectWorkspace\FinanceGovApplication\target\classes started by 2481778 in C:\Users\2481778\Downloads\ProjectWorkspace\FinanceGovApplication)
2026-03-24 13:40:45 INFO com.financegov.FinanceGovApplication - No active profile set, falling back to 1 default profile: "default"
2026-03-24 13:40:50 INFO com.financegov.FinanceGovApplication - Starting FinanceGovApplication using Java 21.0.8 with PID 23308 (C:\Users\2481778\Downloads\ProjectWorkspace\FinanceGovApplication\target\classes started by 2481778 in C:\Users\2481778\Downloads\ProjectWorkspace\FinanceGovApplication)
2026-03-24 13:40:50 INFO com.financegov.FinanceGovApplication - No active profile set, falling back to 1 default profile: "default"
2026-03-24 13:40:53 INFO com.financegov.FinanceGovApplication - Started FinanceGovApplication in 4.265 seconds (process running for 4.922)
2026-03-24 13:41:14 INFO com.financegov.FinanceGovApplication - Starting FinanceGovApplication using Java 21.0.8 with PID 23308 (C:\Users\2481778\Downloads\ProjectWorkspace\FinanceGovApplication\target\classes started by 2481778 in C:\Users\2481778\Downloads\ProjectWorkspace\FinanceGovApplication)
2026-03-24 13:41:14 INFO com.financegov.FinanceGovApplication - No active profile set, falling back to 1 default profile: "default"
2026-03-24 13:41:15 INFO com.financegov.FinanceGovApplication - Started FinanceGovApplication in 0.726 seconds (process running for 26.724)
2026-03-24 13:41:27 INFO com.financegov.service.impl.ComplianceRecordServiceImpl - Fetching all compliance records
2026-03-24 13:41:28 INFO com.financegov.service.impl.ComplianceRecordServiceImpl - Total compliance records fetched: 0
2026-03-24 13:41:44 INFO com.financegov.service.impl.ComplianceRecordServiceImpl - Creating new compliance record
2026-03-24 13:41:45 INFO com.financegov.service.impl.ComplianceRecordServiceImpl - Compliance record created with ID: 1
2026-03-24 13:41:51 INFO com.financegov.service.impl.ComplianceRecordServiceImpl - Fetching all compliance records
2026-03-24 13:41:51 INFO com.financegov.service.impl.ComplianceRecordServiceImpl - Total compliance records fetched: 1
2026-03-24 13:41:58 INFO com.financegov.service.impl.ComplianceRecordServiceImpl - Fetching compliance record with ID: 1
2026-03-24 13:41:58 INFO com.financegov.service.impl.ComplianceRecordServiceImpl - Compliance record found for ID: 1
2026-03-24 13:42:04 INFO com.financegov.service.impl.ComplianceRecordServiceImpl - Fetching compliance records for Entity ID: 1000
2026-03-24 13:42:05 INFO com.financegov.service.impl.ComplianceRecordServiceImpl - Total records found for Entity ID 1000: 1
2026-03-24 13:42:10 INFO com.financegov.service.impl.ComplianceRecordServiceImpl - Generating compliance summary by result status
2026-03-24 13:42:10 INFO com.financegov.service.impl.ComplianceRecordServiceImpl - Compliance summary generated successfully
2026-03-24 13:42:18 INFO com.financegov.service.impl.ComplianceRecordServiceImpl - Updating compliance record with ID: 3
2026-03-24 13:42:25 INFO com.financegov.service.impl.ComplianceRecordServiceImpl - Updating compliance record with ID: 1
2026-03-24 13:42:25 INFO com.financegov.service.impl.ComplianceRecordServiceImpl - Compliance record updated successfully for ID: 1
2026-03-24 13:42:29 INFO com.financegov.service.impl.ComplianceRecordServiceImpl - Updating compliance record with ID: 1
2026-03-24 13:42:37 INFO com.financegov.service.impl.ComplianceRecordServiceImpl - Attempting to delete compliance record with ID: 1
2026-03-24 13:42:37 INFO com.financegov.service.impl.ComplianceRecordServiceImpl - Compliance record deleted successfully with ID: 1
2026-03-24 13:42:39 INFO com.financegov.service.impl.ComplianceRecordServiceImpl - Attempting to delete compliance record with ID: 1
2026-03-24 13:42:39 WARN com.financegov.service.impl.ComplianceRecordServiceImpl - Delete failed — compliance ID 1 not found
2026-03-24 14:49:26 INFO com.financegov.FinanceGovApplication - Starting FinanceGovApplication using Java 21.0.8 with PID 23308 (C:\Users\2481778\Downloads\ProjectWorkspace\FinanceGovApplication\target\classes started by 2481778 in C:\Users\2481778\Downloads\ProjectWorkspace\FinanceGovApplication)
2026-03-24 14:49:26 INFO com.financegov.FinanceGovApplication - No active profile set, falling back to 1 default profile: "default"
2026-03-24 14:49:27 INFO com.financegov.FinanceGovApplication - Started FinanceGovApplication in 1.432 seconds (process running for 4118.443)
2026-03-24 14:50:39 INFO com.financegov.FinanceGovApplication - Starting FinanceGovApplication using Java 21.0.8 with PID 23308 (C:\Users\2481778\Downloads\ProjectWorkspace\FinanceGovApplication\target\classes started by 2481778 in C:\Users\2481778\Downloads\ProjectWorkspace\FinanceGovApplication)
2026-03-24 14:50:39 INFO com.financegov.FinanceGovApplication - No active profile set, falling back to 1 default profile: "default"
2026-03-24 14:50:40 INFO com.financegov.FinanceGovApplication - Started FinanceGovApplication in 0.683 seconds (process running for 4191.511)
2026-03-24 14:50:51 INFO com.financegov.FinanceGovApplication - Starting FinanceGovApplication using Java 21.0.8 with PID 23308 (C:\Users\2481778\Downloads\ProjectWorkspace\FinanceGovApplication\target\classes started by 2481778 in C:\Users\2481778\Downloads\ProjectWorkspace\FinanceGovApplication)
2026-03-24 14:50:51 INFO com.financegov.FinanceGovApplication - No active profile set, falling back to 1 default profile: "default"
2026-03-24 14:50:51 INFO com.financegov.FinanceGovApplication - Started FinanceGovApplication in 0.765 seconds (process running for 4203.016)
2026-03-24 14:50:57 INFO com.financegov.FinanceGovApplication - Starting FinanceGovApplication using Java 21.0.8 with PID 23308 (C:\Users\2481778\Downloads\ProjectWorkspace\FinanceGovApplication\target\classes started by 2481778 in C:\Users\2481778\Downloads\ProjectWorkspace\FinanceGovApplication)
2026-03-24 14:50:57 INFO com.financegov.FinanceGovApplication - No active profile set, falling back to 1 default profile: "default"
2026-03-24 14:50:58 INFO com.financegov.FinanceGovApplication - Started FinanceGovApplication in 0.583 seconds (process running for 4209.185)
2026-03-24 14:50:59 INFO com.financegov.FinanceGovApplication - Starting FinanceGovApplication using Java 21.0.8 with PID 23308 (C:\Users\2481778\Downloads\ProjectWorkspace\FinanceGovApplication\target\classes started by 2481778 in C:\Users\2481778\Downloads\ProjectWorkspace\FinanceGovApplication)
2026-03-24 14:50:59 INFO com.financegov.FinanceGovApplication - No active profile set, falling back to 1 default profile: "default"
2026-03-24 14:51:00 INFO com.financegov.FinanceGovApplication - Started FinanceGovApplication in 0.528 seconds (process running for 4211.226)
2026-03-24 14:51:41 INFO com.financegov.FinanceGovApplication - Starting FinanceGovApplication using Java 21.0.8 with PID 23308 (C:\Users\2481778\Downloads\ProjectWorkspace\FinanceGovApplication\target\classes started by 2481778 in C:\Users\2481778\Downloads\ProjectWorkspace\FinanceGovApplication)
2026-03-24 14:51:41 INFO com.financegov.FinanceGovApplication - No active profile set, falling back to 1 default profile: "default"
2026-03-24 14:51:42 INFO com.financegov.FinanceGovApplication - Started FinanceGovApplication in 0.623 seconds (process running for 4253.385)
2026-03-24 14:52:01 INFO com.financegov.FinanceGovApplication - Starting FinanceGovApplication using Java 21.0.8 with PID 23308 (C:\Users\2481778\Downloads\ProjectWorkspace\FinanceGovApplication\target\classes started by 2481778 in C:\Users\2481778\Downloads\ProjectWorkspace\FinanceGovApplication)
2026-03-24 14:52:01 INFO com.financegov.FinanceGovApplication - No active profile set, falling back to 1 default profile: "default"
2026-03-24 14:52:01 INFO com.financegov.FinanceGovApplication - Started FinanceGovApplication in 0.708 seconds (process running for 4273.04)
2026-03-24 14:52:08 INFO com.financegov.service.impl.ComplianceRecordServiceImpl - Creating new compliance record
2026-03-24 14:52:08 INFO com.financegov.service.impl.ComplianceRecordServiceImpl - Compliance record created with ID: 2
2026-03-24 14:52:13 INFO com.financegov.service.impl.ComplianceRecordServiceImpl - Fetching all compliance records
2026-03-24 14:52:13 INFO com.financegov.service.impl.ComplianceRecordServiceImpl - Total compliance records fetched: 1
2026-03-24 14:52:42 INFO com.financegov.service.impl.ComplianceRecordServiceImpl - Creating new compliance record
2026-03-24 14:52:42 INFO com.financegov.service.impl.ComplianceRecordServiceImpl - Compliance record created with ID: 3
2026-03-24 14:52:52 INFO com.financegov.service.impl.ComplianceRecordServiceImpl - Fetching compliance records for Entity ID: 1000
2026-03-24 14:52:52 INFO com.financegov.service.impl.ComplianceRecordServiceImpl - Total records found for Entity ID 1000: 2
2026-03-24 14:53:00 INFO com.financegov.service.impl.ComplianceRecordServiceImpl - Generating compliance summary by result status
2026-03-24 14:53:00 INFO com.financegov.service.impl.ComplianceRecordServiceImpl - Compliance summary generated successfully
2026-03-24 14:53:07 INFO com.financegov.service.impl.ComplianceRecordServiceImpl - Updating compliance record with ID: 1
2026-03-24 14:53:11 INFO com.financegov.service.impl.ComplianceRecordServiceImpl - Updating compliance record with ID: 2
2026-03-24 14:53:11 INFO com.financegov.service.impl.ComplianceRecordServiceImpl - Compliance record updated successfully for ID: 2
2026-03-24 14:53:14 INFO com.financegov.service.impl.ComplianceRecordServiceImpl - Updating compliance record with ID: 2
2026-03-24 14:54:03 INFO com.financegov.service.impl.AuditServiceImpl - Creating new audit record
2026-03-24 14:54:03 INFO com.financegov.service.impl.AuditServiceImpl - Audit record created with ID: 1
2026-03-24 14:54:16 INFO com.financegov.service.impl.AuditServiceImpl - Fetching all audit records
2026-03-24 14:54:16 INFO com.financegov.service.impl.AuditServiceImpl - Total audit records fetched: 1
2026-03-24 14:54:26 INFO com.financegov.service.impl.AuditServiceImpl - Fetching audit record with ID: 2
2026-03-24 14:54:26 WARN com.financegov.service.impl.AuditServiceImpl - Audit record not found for ID: 2
2026-03-24 14:54:28 INFO com.financegov.service.impl.AuditServiceImpl - Fetching audit record with ID: 1
2026-03-24 14:54:28 INFO com.financegov.service.impl.AuditServiceImpl - Audit record found for ID: 1
2026-03-24 14:54:43 INFO com.financegov.service.impl.AuditServiceImpl - Fetching audit records for Officer ID: 2000
2026-03-24 14:54:43 INFO com.financegov.service.impl.AuditServiceImpl - Total records found for Officer ID 2000: 1
2026-03-24 14:54:58 INFO com.financegov.service.impl.AuditServiceImpl - Generating audit summary by status
2026-03-24 14:54:58 INFO com.financegov.service.impl.AuditServiceImpl - Audit summary generated successfully
2026-03-24 14:55:21 INFO com.financegov.service.impl.AuditServiceImpl - Updating audit record with ID: 1
2026-03-24 14:55:21 INFO com.financegov.service.impl.AuditServiceImpl - Audit record updated successfully for ID: 1
2026-03-24 14:55:24 INFO com.financegov.service.impl.AuditServiceImpl - Updating audit record with ID: 1
2026-03-24 14:56:28 INFO com.financegov.service.impl.ComplianceRecordServiceImpl - Fetching compliance record with ID: 1
2026-03-24 14:56:28 WARN com.financegov.service.impl.ComplianceRecordServiceImpl - Compliance record not found for ID: 1
2026-03-24 14:56:32 INFO com.financegov.service.impl.ComplianceRecordServiceImpl - Fetching compliance record with ID: 2
2026-03-24 14:56:32 INFO com.financegov.service.impl.ComplianceRecordServiceImpl - Compliance record found for ID: 2
2026-03-24 14:56:46 INFO com.financegov.service.impl.ComplianceRecordServiceImpl - Creating new compliance record
2026-03-24 14:56:46 INFO com.financegov.service.impl.ComplianceRecordServiceImpl - Compliance record created with ID: 4
2026-03-24 14:56:49 INFO com.financegov.service.impl.ComplianceRecordServiceImpl - Fetching all compliance records
2026-03-24 14:56:49 INFO com.financegov.service.impl.ComplianceRecordServiceImpl - Total compliance records fetched: 3
2026-03-24 14:56:54 INFO com.financegov.service.impl.ComplianceRecordServiceImpl - Fetching compliance record with ID: 2
2026-03-24 14:56:54 INFO com.financegov.service.impl.ComplianceRecordServiceImpl - Compliance record found for ID: 2
2026-03-24 14:57:01 INFO com.financegov.service.impl.ComplianceRecordServiceImpl - Fetching compliance records for Entity ID: 1000
2026-03-24 14:57:01 INFO com.financegov.service.impl.ComplianceRecordServiceImpl - Total records found for Entity ID 1000: 3
2026-03-24 14:57:18 INFO com.financegov.service.impl.ComplianceRecordServiceImpl - Generating compliance summary by result status
2026-03-24 14:57:18 INFO com.financegov.service.impl.ComplianceRecordServiceImpl - Compliance summary generated successfully
2026-03-24 14:57:25 INFO com.financegov.service.impl.ComplianceRecordServiceImpl - Updating compliance record with ID: 2
2026-03-24 14:57:30 INFO com.financegov.service.impl.ComplianceRecordServiceImpl - Updating compliance record with ID: 3
2026-03-24 14:57:30 INFO com.financegov.service.impl.ComplianceRecordServiceImpl - Compliance record updated successfully for ID: 3
2026-03-24 14:57:37 INFO com.financegov.service.impl.ComplianceRecordServiceImpl - Attempting to delete compliance record with ID: 1
2026-03-24 14:57:37 WARN com.financegov.service.impl.ComplianceRecordServiceImpl - Delete failed — compliance ID 1 not found
2026-03-24 14:57:42 INFO com.financegov.service.impl.ComplianceRecordServiceImpl - Attempting to delete compliance record with ID: 2
2026-03-24 14:57:42 INFO com.financegov.service.impl.ComplianceRecordServiceImpl - Compliance record deleted successfully with ID: 2
2026-03-24 14:58:01 INFO com.financegov.service.impl.AuditServiceImpl - Updating audit record with ID: 2
2026-03-24 14:58:07 INFO com.financegov.service.impl.AuditServiceImpl - Updating audit record with ID: 3
2026-03-24 14:58:27 INFO com.financegov.FinanceGovApplication - Starting FinanceGovApplication using Java 21.0.8 with PID 23308 (C:\Users\2481778\Downloads\ProjectWorkspace\FinanceGovApplication\target\classes started by 2481778 in C:\Users\2481778\Downloads\ProjectWorkspace\FinanceGovApplication)
2026-03-24 14:58:27 INFO com.financegov.FinanceGovApplication - No active profile set, falling back to 1 default profile: "default"
2026-03-24 14:58:27 INFO com.financegov.FinanceGovApplication - Started FinanceGovApplication in 0.633 seconds (process running for 4658.774)
2026-03-24 14:58:33 INFO com.financegov.service.impl.AuditServiceImpl - Fetching all audit records
2026-03-24 14:58:33 INFO com.financegov.service.impl.AuditServiceImpl - Total audit records fetched: 1
2026-03-24 14:58:52 INFO com.financegov.service.impl.AuditServiceImpl - Attempting to delete audit record with ID: 1
2026-03-24 14:58:52 INFO com.financegov.service.impl.AuditServiceImpl - Fetching audit record with ID: 1
2026-03-24 14:58:52 INFO com.financegov.service.impl.AuditServiceImpl - Audit record found for ID: 1
2026-03-24 14:58:52 INFO com.financegov.service.impl.AuditServiceImpl - Audit record deleted successfully with ID: 1
2026-03-24 14:58:59 INFO com.financegov.FinanceGovApplication - Starting FinanceGovApplication using Java 21.0.8 with PID 23308 (C:\Users\2481778\Downloads\ProjectWorkspace\FinanceGovApplication\target\classes started by 2481778 in C:\Users\2481778\Downloads\ProjectWorkspace\FinanceGovApplication)
2026-03-24 14:58:59 INFO com.financegov.FinanceGovApplication - No active profile set, falling back to 1 default profile: "default"
2026-03-24 14:59:00 INFO com.financegov.FinanceGovApplication - Started FinanceGovApplication in 0.927 seconds (process running for 4691.07)
2026-03-24 14:59:01 INFO com.financegov.service.impl.AuditServiceImpl - Fetching all audit records
2026-03-24 14:59:01 INFO com.financegov.service.impl.AuditServiceImpl - Total audit records fetched: 0
2026-03-24 14:59:05 INFO com.financegov.service.impl.AuditServiceImpl - Creating new audit record
2026-03-24 14:59:05 INFO com.financegov.service.impl.AuditServiceImpl - Audit record created with ID: 2
2026-03-24 14:59:09 INFO com.financegov.service.impl.AuditServiceImpl - Attempting to delete audit record with ID: 2
2026-03-24 14:59:09 INFO com.financegov.service.impl.AuditServiceImpl - Fetching audit record with ID: 2
2026-03-24 14:59:09 INFO com.financegov.service.impl.AuditServiceImpl - Audit record found for ID: 2
2026-03-24 14:59:09 INFO com.financegov.service.impl.AuditServiceImpl - Audit record deleted successfully with ID: 2
2026-03-24 14:59:15 INFO com.financegov.FinanceGovApplication - Starting FinanceGovApplication using Java 21.0.8 with PID 23308 (C:\Users\2481778\Downloads\ProjectWorkspace\FinanceGovApplication\target\classes started by 2481778 in C:\Users\2481778\Downloads\ProjectWorkspace\FinanceGovApplication)
2026-03-24 14:59:15 INFO com.financegov.FinanceGovApplication - No active profile set, falling back to 1 default profile: "default"
2026-03-24 14:59:16 INFO com.financegov.FinanceGovApplication - Started FinanceGovApplication in 0.496 seconds (process running for 4707.254)
2026-03-24 14:59:22 INFO com.financegov.service.impl.ComplianceRecordServiceImpl - Fetching all compliance records
2026-03-24 14:59:22 INFO com.financegov.service.impl.ComplianceRecordServiceImpl - Total compliance records fetched: 0
2026-03-24 15:08:46 INFO com.financegov.service.impl.ComplianceRecordServiceImpl - Fetching all compliance records
2026-03-24 15:08:46 INFO com.financegov.service.impl.ComplianceRecordServiceImpl - Total compliance records fetched: 0
2026-03-24 15:08:52 INFO com.financegov.service.impl.ComplianceRecordServiceImpl - Fetching compliance record with ID: 2
2026-03-24 15:08:52 WARN com.financegov.service.impl.ComplianceRecordServiceImpl - Compliance record not found for ID: 2
2026-03-24 15:08:54 INFO com.financegov.service.impl.ComplianceRecordServiceImpl - Fetching compliance record with ID: 1
2026-03-24 15:08:54 WARN com.financegov.service.impl.ComplianceRecordServiceImpl - Compliance record not found for ID: 1
2026-03-24 15:08:59 INFO com.financegov.service.impl.ComplianceRecordServiceImpl - Fetching compliance records for Entity ID: 1000
2026-03-24 15:08:59 INFO com.financegov.service.impl.ComplianceRecordServiceImpl - Total records found for Entity ID 1000: 0
2026-03-24 15:25:10 INFO com.financegov.service.impl.ComplianceRecordServiceImpl - Fetching all compliance records
2026-03-24 15:25:10 INFO com.financegov.service.impl.ComplianceRecordServiceImpl - Total compliance records fetched: 0
2026-03-24 15:25:14 INFO com.financegov.service.impl.ComplianceRecordServiceImpl - Creating new compliance record
2026-03-24 15:25:14 INFO com.financegov.service.impl.ComplianceRecordServiceImpl - Compliance record created with ID: 1
2026-03-24 15:25:38 INFO com.financegov.service.impl.ComplianceRecordServiceImpl - Fetching all compliance records
2026-03-24 15:25:38 INFO com.financegov.service.impl.ComplianceRecordServiceImpl - Total compliance records fetched: 1
2026-03-24 15:26:00 INFO com.financegov.service.impl.ComplianceRecordServiceImpl - Fetching compliance record with ID: 1
2026-03-24 15:26:00 INFO com.financegov.service.impl.ComplianceRecordServiceImpl - Compliance record found for ID: 1
2026-03-24 15:26:04 INFO com.financegov.service.impl.ComplianceRecordServiceImpl - Fetching compliance record with ID: 2
2026-03-24 15:26:04 WARN com.financegov.service.impl.ComplianceRecordServiceImpl - Compliance record not found for ID: 2
2026-03-24 15:26:08 INFO com.financegov.service.impl.ComplianceRecordServiceImpl - Fetching compliance record with ID: 1
2026-03-24 15:26:08 INFO com.financegov.service.impl.ComplianceRecordServiceImpl - Compliance record found for ID: 1
2026-03-24 15:26:12 INFO com.financegov.service.impl.ComplianceRecordServiceImpl - Fetching compliance records for Entity ID: 1000
2026-03-24 15:26:12 INFO com.financegov.service.impl.ComplianceRecordServiceImpl - Total records found for Entity ID 1000: 1
2026-03-24 15:26:36 INFO com.financegov.FinanceGovApplication - Starting FinanceGovApplication using Java 21.0.8 with PID 27852 (C:\Users\2481778\Downloads\ProjectWorkspace\FinanceGovApplication\target\classes started by 2481778 in C:\Users\2481778\Downloads\ProjectWorkspace\FinanceGovApplication)
2026-03-24 15:26:36 INFO com.financegov.FinanceGovApplication - No active profile set, falling back to 1 default profile: "default"
2026-03-24 15:26:41 INFO com.financegov.FinanceGovApplication - Started FinanceGovApplication in 5.423 seconds (process running for 6.528)
2026-03-24 15:26:49 INFO com.financegov.FinanceGovApplication - Starting FinanceGovApplication using Java 21.0.8 with PID 22860 (C:\Users\2481778\Downloads\ProjectWorkspace\FinanceGovApplication\target\classes started by 2481778 in C:\Users\2481778\Downloads\ProjectWorkspace\FinanceGovApplication)
2026-03-24 15:26:49 INFO com.financegov.FinanceGovApplication - No active profile set, falling back to 1 default profile: "default"
2026-03-24 15:26:53 INFO com.financegov.FinanceGovApplication - Started FinanceGovApplication in 3.982 seconds (process running for 4.614)
2026-03-24 15:27:02 INFO com.financegov.FinanceGovApplication - Starting FinanceGovApplication using Java 21.0.8 with PID 22860 (C:\Users\2481778\Downloads\ProjectWorkspace\FinanceGovApplication\target\classes started by 2481778 in C:\Users\2481778\Downloads\ProjectWorkspace\FinanceGovApplication)
2026-03-24 15:27:02 INFO com.financegov.FinanceGovApplication - No active profile set, falling back to 1 default profile: "default"
2026-03-24 15:27:02 INFO com.financegov.FinanceGovApplication - Started FinanceGovApplication in 0.655 seconds (process running for 13.821)
2026-03-24 19:25:53 INFO com.financegov.FinanceGovApplication - Starting FinanceGovApplication using Java 21.0.8 with PID 20040 (C:\Users\2481778\Downloads\ProjectWorkspace\FinanceGovApplication\target\classes started by 2481778 in C:\Users\2481778\Downloads\ProjectWorkspace\FinanceGovApplication)
2026-03-24 19:25:53 INFO com.financegov.FinanceGovApplication - No active profile set, falling back to 1 default profile: "default"
2026-03-24 19:26:01 INFO com.financegov.FinanceGovApplication - Started FinanceGovApplication in 8.679 seconds (process running for 10.172)
2026-03-24 19:27:13 INFO com.financegov.service.impl.ComplianceRecordServiceImpl - Creating new compliance record
2026-03-24 19:27:14 INFO com.financegov.service.impl.ComplianceRecordServiceImpl - Compliance record created with ID: 1
2026-03-24 19:27:54 INFO com.financegov.FinanceGovApplication - Starting FinanceGovApplication using Java 21.0.8 with PID 20040 (C:\Users\2481778\Downloads\ProjectWorkspace\FinanceGovApplication\target\classes started by 2481778 in C:\Users\2481778\Downloads\ProjectWorkspace\FinanceGovApplication)
2026-03-24 19:27:54 INFO com.financegov.FinanceGovApplication - No active profile set, falling back to 1 default profile: "default"
2026-03-24 19:27:55 INFO com.financegov.FinanceGovApplication - Started FinanceGovApplication in 0.851 seconds (process running for 123.701)
2026-03-24 19:28:28 INFO com.financegov.FinanceGovApplication - Starting FinanceGovApplication using Java 21.0.8 with PID 20040 (C:\Users\2481778\Downloads\ProjectWorkspace\FinanceGovApplication\target\classes started by 2481778 in C:\Users\2481778\Downloads\ProjectWorkspace\FinanceGovApplication)
2026-03-24 19:28:28 INFO com.financegov.FinanceGovApplication - No active profile set, falling back to 1 default profile: "default"
2026-03-24 19:28:29 INFO com.financegov.FinanceGovApplication - Started FinanceGovApplication in 0.964 seconds (process running for 157.585)
2026-03-24 19:29:07 INFO com.financegov.service.impl.ComplianceRecordServiceImpl - Creating new compliance record
2026-03-24 19:29:07 INFO com.financegov.service.impl.ComplianceRecordServiceImpl - Compliance record created with ID: 1
2026-03-24 19:29:29 INFO com.financegov.FinanceGovApplication - Starting FinanceGovApplication using Java 21.0.8 with PID 20040 (C:\Users\2481778\Downloads\ProjectWorkspace\FinanceGovApplication\target\classes started by 2481778 in C:\Users\2481778\Downloads\ProjectWorkspace\FinanceGovApplication)
2026-03-24 19:29:29 INFO com.financegov.FinanceGovApplication - No active profile set, falling back to 1 default profile: "default"
2026-03-24 19:29:30 INFO com.financegov.FinanceGovApplication - Started FinanceGovApplication in 1.051 seconds (process running for 219.177)
2026-03-24 19:29:43 INFO com.financegov.FinanceGovApplication - Starting FinanceGovApplication using Java 21.0.8 with PID 20040 (C:\Users\2481778\Downloads\ProjectWorkspace\FinanceGovApplication\target\classes started by 2481778 in C:\Users\2481778\Downloads\ProjectWorkspace\FinanceGovApplication)
2026-03-24 19:29:43 INFO com.financegov.FinanceGovApplication - No active profile set, falling back to 1 default profile: "default"
2026-03-24 19:29:46 INFO com.financegov.FinanceGovApplication - Started FinanceGovApplication in 3.291 seconds (process running for 234.529)
2026-03-24 19:29:49 INFO com.financegov.service.impl.ComplianceRecordServiceImpl - Creating new compliance record
2026-03-24 19:29:49 INFO com.financegov.service.impl.ComplianceRecordServiceImpl - Compliance record created with ID: 1
2026-03-24 19:30:13 INFO com.financegov.FinanceGovApplication - Starting FinanceGovApplication using Java 21.0.8 with PID 20040 (C:\Users\2481778\Downloads\ProjectWorkspace\FinanceGovApplication\target\classes started by 2481778 in C:\Users\2481778\Downloads\ProjectWorkspace\FinanceGovApplication)
2026-03-24 19:30:13 INFO com.financegov.FinanceGovApplication - No active profile set, falling back to 1 default profile: "default"
2026-03-24 19:30:14 INFO com.financegov.FinanceGovApplication - Started FinanceGovApplication in 1.068 seconds (process running for 262.566)
2026-03-24 19:30:14 INFO com.financegov.service.impl.ComplianceRecordServiceImpl - Creating new compliance record
2026-03-24 19:30:14 INFO com.financegov.service.impl.ComplianceRecordServiceImpl - Compliance record created with ID: 2
2026-03-24 19:31:46 INFO com.financegov.FinanceGovApplication - Starting FinanceGovApplication using Java 21.0.8 with PID 20040 (C:\Users\2481778\Downloads\ProjectWorkspace\FinanceGovApplication\target\classes started by 2481778 in C:\Users\2481778\Downloads\ProjectWorkspace\FinanceGovApplication)
2026-03-24 19:31:46 INFO com.financegov.FinanceGovApplication - No active profile set, falling back to 1 default profile: "default"
2026-03-24 19:31:47 INFO com.financegov.FinanceGovApplication - Started FinanceGovApplication in 0.919 seconds (process running for 355.707)
2026-03-24 19:32:12 INFO com.financegov.FinanceGovApplication - Starting FinanceGovApplication using Java 21.0.8 with PID 20040 (C:\Users\2481778\Downloads\ProjectWorkspace\FinanceGovApplication\target\classes started by 2481778 in C:\Users\2481778\Downloads\ProjectWorkspace\FinanceGovApplication)
2026-03-24 19:32:12 INFO com.financegov.FinanceGovApplication - No active profile set, falling back to 1 default profile: "default"
2026-03-24 19:32:13 INFO com.financegov.FinanceGovApplication - Started FinanceGovApplication in 0.905 seconds (process running for 381.745)
2026-03-24 19:32:17 INFO com.financegov.service.impl.ComplianceRecordServiceImpl - Creating new compliance record
2026-03-24 19:33:03 INFO com.financegov.FinanceGovApplication - Starting FinanceGovApplication using Java 21.0.8 with PID 20040 (C:\Users\2481778\Downloads\ProjectWorkspace\FinanceGovApplication\target\classes started by 2481778 in C:\Users\2481778\Downloads\ProjectWorkspace\FinanceGovApplication)
2026-03-24 19:33:03 INFO com.financegov.FinanceGovApplication - No active profile set, falling back to 1 default profile: "default"
2026-03-24 19:33:04 INFO com.financegov.FinanceGovApplication - Started FinanceGovApplication in 1.459 seconds (process running for 433.033)
2026-03-24 19:33:13 INFO com.financegov.service.impl.ComplianceRecordServiceImpl - Creating new compliance record
2026-03-24 19:34:16 INFO com.financegov.FinanceGovApplication - Starting FinanceGovApplication using Java 21.0.8 with PID 20040 (C:\Users\2481778\Downloads\ProjectWorkspace\FinanceGovApplication\target\classes started by 2481778 in C:\Users\2481778\Downloads\ProjectWorkspace\FinanceGovApplication)
2026-03-24 19:34:16 INFO com.financegov.FinanceGovApplication - No active profile set, falling back to 1 default profile: "default"
2026-03-24 19:36:45 INFO com.financegov.FinanceGovApplication - Starting FinanceGovApplication using Java 21.0.8 with PID 20040 (C:\Users\2481778\Downloads\ProjectWorkspace\FinanceGovApplication\target\classes started by 2481778 in C:\Users\2481778\Downloads\ProjectWorkspace\FinanceGovApplication)
2026-03-24 19:36:45 INFO com.financegov.FinanceGovApplication - No active profile set, falling back to 1 default profile: "default"
2026-03-24 19:38:45 INFO com.financegov.FinanceGovApplication - Starting FinanceGovApplication using Java 21.0.8 with PID 20040 (C:\Users\2481778\Downloads\ProjectWorkspace\FinanceGovApplication\target\classes started by 2481778 in C:\Users\2481778\Downloads\ProjectWorkspace\FinanceGovApplication)
2026-03-24 19:38:45 INFO com.financegov.FinanceGovApplication - No active profile set, falling back to 1 default profile: "default"
2026-03-24 19:38:46 INFO com.financegov.FinanceGovApplication - Started FinanceGovApplication in 1.094 seconds (process running for 775.148)
2026-03-24 19:38:59 INFO com.financegov.FinanceGovApplication - Starting FinanceGovApplication using Java 21.0.8 with PID 24220 (C:\Users\2481778\Downloads\ProjectWorkspace\FinanceGovApplication\target\classes started by 2481778 in C:\Users\2481778\Downloads\ProjectWorkspace\FinanceGovApplication)
2026-03-24 19:38:59 INFO com.financegov.FinanceGovApplication - No active profile set, falling back to 1 default profile: "default"
2026-03-24 19:39:04 INFO com.financegov.FinanceGovApplication - Started FinanceGovApplication in 5.679 seconds (process running for 7.244)
2026-03-24 19:39:35 INFO com.financegov.service.impl.ComplianceRecordServiceImpl - Creating new compliance record
2026-03-24 19:46:29 INFO com.financegov.FinanceGovApplication - Starting FinanceGovApplication using Java 21.0.8 with PID 24220 (C:\Users\2481778\Downloads\ProjectWorkspace\FinanceGovApplication\target\classes started by 2481778 in C:\Users\2481778\Downloads\ProjectWorkspace\FinanceGovApplication)
2026-03-24 19:46:29 INFO com.financegov.FinanceGovApplication - No active profile set, falling back to 1 default profile: "default"
2026-03-24 19:46:30 INFO com.financegov.FinanceGovApplication - Started FinanceGovApplication in 1.059 seconds (process running for 452.773)
2026-03-24 19:47:41 INFO com.financegov.FinanceGovApplication - Starting FinanceGovApplication using Java 21.0.8 with PID 24220 (C:\Users\2481778\Downloads\ProjectWorkspace\FinanceGovApplication\target\classes started by 2481778 in C:\Users\2481778\Downloads\ProjectWorkspace\FinanceGovApplication)
2026-03-24 19:47:41 INFO com.financegov.FinanceGovApplication - No active profile set, falling back to 1 default profile: "default"
2026-03-24 19:47:42 INFO com.financegov.FinanceGovApplication - Started FinanceGovApplication in 1.195 seconds (process running for 525.1)
2026-03-24 19:47:59 INFO com.financegov.FinanceGovApplication - Starting FinanceGovApplication using Java 21.0.8 with PID 24220 (C:\Users\2481778\Downloads\ProjectWorkspace\FinanceGovApplication\target\classes started by 2481778 in C:\Users\2481778\Downloads\ProjectWorkspace\FinanceGovApplication)
2026-03-24 19:47:59 INFO com.financegov.FinanceGovApplication - No active profile set, falling back to 1 default profile: "default"
2026-03-24 19:48:01 INFO com.financegov.FinanceGovApplication - Started FinanceGovApplication in 2.353 seconds (process running for 543.656)
2026-03-24 19:48:13 INFO com.financegov.FinanceGovApplication - Starting FinanceGovApplication using Java 21.0.8 with PID 24220 (C:\Users\2481778\Downloads\ProjectWorkspace\FinanceGovApplication\target\classes started by 2481778 in C:\Users\2481778\Downloads\ProjectWorkspace\FinanceGovApplication)
2026-03-24 19:48:13 INFO com.financegov.FinanceGovApplication - No active profile set, falling back to 1 default profile: "default"
2026-03-24 19:48:14 INFO com.financegov.FinanceGovApplication - Started FinanceGovApplication in 0.978 seconds (process running for 556.51)
2026-03-24 19:49:00 INFO com.financegov.FinanceGovApplication - Starting FinanceGovApplication using Java 21.0.8 with PID 24220 (C:\Users\2481778\Downloads\ProjectWorkspace\FinanceGovApplication\target\classes started by 2481778 in C:\Users\2481778\Downloads\ProjectWorkspace\FinanceGovApplication)
2026-03-24 19:49:00 INFO com.financegov.FinanceGovApplication - No active profile set, falling back to 1 default profile: "default"
2026-03-24 19:49:01 INFO com.financegov.FinanceGovApplication - Started FinanceGovApplication in 1.076 seconds (process running for 603.591)
2026-03-24 19:50:12 INFO com.financegov.FinanceGovApplication - Starting FinanceGovApplication using Java 21.0.8 with PID 24220 (C:\Users\2481778\Downloads\ProjectWorkspace\FinanceGovApplication\target\classes started by 2481778 in C:\Users\2481778\Downloads\ProjectWorkspace\FinanceGovApplication)
2026-03-24 19:50:12 INFO com.financegov.FinanceGovApplication - No active profile set, falling back to 1 default profile: "default"
2026-03-24 19:50:13 INFO com.financegov.FinanceGovApplication - Started FinanceGovApplication in 0.817 seconds (process running for 675.876)
2026-03-24 20:08:39 INFO com.financegov.FinanceGovApplication - Starting FinanceGovApplication using Java 21.0.8 with PID 24220 (C:\Users\2481778\Downloads\ProjectWorkspace\FinanceGovApplication\target\classes started by 2481778 in C:\Users\2481778\Downloads\ProjectWorkspace\FinanceGovApplication)
2026-03-24 20:08:39 INFO com.financegov.FinanceGovApplication - No active profile set, falling back to 1 default profile: "default"
2026-03-24 20:08:40 INFO com.financegov.FinanceGovApplication - Started FinanceGovApplication in 1.18 seconds (process running for 1782.673)
2026-03-24 21:01:56 INFO com.financegov.FinanceGovApplication - Starting FinanceGovApplication using Java 21.0.8 with PID 21096 (C:\Users\2481778\Downloads\ProjectWorkspace\FinanceGovApplication\target\classes started by 2481778 in C:\Users\2481778\Downloads\ProjectWorkspace\FinanceGovApplication)
2026-03-24 21:01:56 INFO com.financegov.FinanceGovApplication - No active profile set, falling back to 1 default profile: "default"
2026-03-24 21:02:03 INFO com.financegov.FinanceGovApplication - Started FinanceGovApplication in 8.298 seconds (process running for 9.925)
2026-03-24 21:16:59 INFO com.financegov.FinanceGovApplication - Starting FinanceGovApplication using Java 21.0.8 with PID 21096 (C:\Users\2481778\Downloads\ProjectWorkspace\FinanceGovApplication\target\classes started by 2481778 in C:\Users\2481778\Downloads\ProjectWorkspace\FinanceGovApplication)
2026-03-24 21:16:59 INFO com.financegov.FinanceGovApplication - No active profile set, falling back to 1 default profile: "default"
2026-03-24 21:17:01 INFO com.financegov.FinanceGovApplication - Started FinanceGovApplication in 2.152 seconds (process running for 907.844)
2026-03-24 21:17:08 INFO com.financegov.service.impl.ComplianceRecordServiceImpl - Creating new compliance record
2026-03-24 21:18:34 INFO com.financegov.FinanceGovApplication - Starting FinanceGovApplication using Java 21.0.8 with PID 21096 (C:\Users\2481778\Downloads\ProjectWorkspace\FinanceGovApplication\target\classes started by 2481778 in C:\Users\2481778\Downloads\ProjectWorkspace\FinanceGovApplication)
2026-03-24 21:18:34 INFO com.financegov.FinanceGovApplication - No active profile set, falling back to 1 default profile: "default"
2026-03-24 21:18:35 INFO com.financegov.FinanceGovApplication - Started FinanceGovApplication in 0.991 seconds (process running for 1001.203)
2026-03-24 21:19:15 INFO com.financegov.FinanceGovApplication - Starting FinanceGovApplication using Java 21.0.8 with PID 21096 (C:\Users\2481778\Downloads\ProjectWorkspace\FinanceGovApplication\target\classes started by 2481778 in C:\Users\2481778\Downloads\ProjectWorkspace\FinanceGovApplication)
2026-03-24 21:19:15 INFO com.financegov.FinanceGovApplication - No active profile set, falling back to 1 default profile: "default"
2026-03-24 21:19:16 INFO com.financegov.FinanceGovApplication - Started FinanceGovApplication in 0.858 seconds (process running for 1042.621)
2026-03-24 21:19:20 INFO com.financegov.service.impl.ComplianceRecordServiceImpl - Creating new compliance record
2026-03-24 21:19:54 INFO com.financegov.FinanceGovApplication - Starting FinanceGovApplication using Java 21.0.8 with PID 21096 (C:\Users\2481778\Downloads\ProjectWorkspace\FinanceGovApplication\target\classes started by 2481778 in C:\Users\2481778\Downloads\ProjectWorkspace\FinanceGovApplication)
2026-03-24 21:19:54 INFO com.financegov.FinanceGovApplication - No active profile set, falling back to 1 default profile: "default"
2026-03-24 21:19:56 INFO com.financegov.FinanceGovApplication - Started FinanceGovApplication in 1.393 seconds (process running for 1082.302)
2026-03-24 21:19:57 INFO com.financegov.service.impl.ComplianceRecordServiceImpl - Creating new compliance record
2026-03-24 21:19:57 INFO com.financegov.service.impl.ComplianceRecordServiceImpl - Compliance record created with ID: 3
2026-03-24 21:20:22 INFO com.financegov.FinanceGovApplication - Starting FinanceGovApplication using Java 21.0.8 with PID 21096 (C:\Users\2481778\Downloads\ProjectWorkspace\FinanceGovApplication\target\classes started by 2481778 in C:\Users\2481778\Downloads\ProjectWorkspace\FinanceGovApplication)
2026-03-24 21:20:22 INFO com.financegov.FinanceGovApplication - No active profile set, falling back to 1 default profile: "default"
2026-03-24 21:20:23 INFO com.financegov.FinanceGovApplication - Started FinanceGovApplication in 1.059 seconds (process running for 1109.741)
2026-03-24 21:21:52 INFO com.financegov.FinanceGovApplication - Starting FinanceGovApplication using Java 21.0.8 with PID 21096 (C:\Users\2481778\Downloads\ProjectWorkspace\FinanceGovApplication\target\classes started by 2481778 in C:\Users\2481778\Downloads\ProjectWorkspace\FinanceGovApplication)
2026-03-24 21:21:52 INFO com.financegov.FinanceGovApplication - No active profile set, falling back to 1 default profile: "default"
2026-03-24 21:21:53 INFO com.financegov.FinanceGovApplication - Started FinanceGovApplication in 1.325 seconds (process running for 1199.613)
2026-03-24 21:21:56 INFO com.financegov.FinanceGovApplication - Starting FinanceGovApplication using Java 21.0.8 with PID 21096 (C:\Users\2481778\Downloads\ProjectWorkspace\FinanceGovApplication\target\classes started by 2481778 in C:\Users\2481778\Downloads\ProjectWorkspace\FinanceGovApplication)
2026-03-24 21:21:56 INFO com.financegov.FinanceGovApplication - No active profile set, falling back to 1 default profile: "default"
2026-03-24 21:21:57 INFO com.financegov.FinanceGovApplication - Started FinanceGovApplication in 1.114 seconds (process running for 1203.248)
2026-03-24 21:23:27 INFO com.financegov.FinanceGovApplication - Starting FinanceGovApplication using Java 21.0.8 with PID 21096 (C:\Users\2481778\Downloads\ProjectWorkspace\FinanceGovApplication\target\classes started by 2481778 in C:\Users\2481778\Downloads\ProjectWorkspace\FinanceGovApplication)
2026-03-24 21:23:27 INFO com.financegov.FinanceGovApplication - No active profile set, falling back to 1 default profile: "default"
2026-03-24 21:23:28 INFO com.financegov.FinanceGovApplication - Started FinanceGovApplication in 0.845 seconds (process running for 1294.508)
2026-03-24 21:29:07 INFO com.financegov.FinanceGovApplication - Starting FinanceGovApplication using Java 21.0.8 with PID 21444 (C:\Users\2481778\Downloads\ProjectWorkspace\FinanceGovApplication\target\classes started by 2481778 in C:\Users\2481778\Downloads\ProjectWorkspace\FinanceGovApplication)
2026-03-24 21:29:07 INFO com.financegov.FinanceGovApplication - No active profile set, falling back to 1 default profile: "default"
2026-03-24 21:29:13 INFO com.financegov.FinanceGovApplication - Started FinanceGovApplication in 6.35 seconds (process running for 8.292)
2026-03-24 21:29:56 INFO com.financegov.service.impl.ComplianceRecordServiceImpl - Creating new compliance record
2026-03-24 21:30:12 INFO com.financegov.FinanceGovApplication - Starting FinanceGovApplication using Java 21.0.8 with PID 21444 (C:\Users\2481778\Downloads\ProjectWorkspace\FinanceGovApplication\target\classes started by 2481778 in C:\Users\2481778\Downloads\ProjectWorkspace\FinanceGovApplication)
2026-03-24 21:30:12 INFO com.financegov.FinanceGovApplication - No active profile set, falling back to 1 default profile: "default"
2026-03-24 21:30:13 INFO com.financegov.FinanceGovApplication - Started FinanceGovApplication in 1.039 seconds (process running for 68.551)
2026-03-24 21:30:16 INFO com.financegov.FinanceGovApplication - Starting FinanceGovApplication using Java 21.0.8 with PID 21444 (C:\Users\2481778\Downloads\ProjectWorkspace\FinanceGovApplication\target\classes started by 2481778 in C:\Users\2481778\Downloads\ProjectWorkspace\FinanceGovApplication)
2026-03-24 21:30:16 INFO com.financegov.FinanceGovApplication - No active profile set, falling back to 1 default profile: "default"
2026-03-24 21:30:16 INFO com.financegov.FinanceGovApplication - Started FinanceGovApplication in 0.774 seconds (process running for 71.915)
2026-03-24 21:30:21 INFO com.financegov.service.impl.ComplianceRecordServiceImpl - Creating new compliance record
2026-03-24 21:30:21 INFO com.financegov.service.impl.ComplianceRecordServiceImpl - Compliance record created with ID: 1
2026-03-24 21:30:37 INFO com.financegov.service.impl.ComplianceRecordServiceImpl - Fetching all compliance records
2026-03-24 21:30:37 INFO com.financegov.service.impl.ComplianceRecordServiceImpl - Total compliance records fetched: 1
2026-03-24 21:31:18 INFO com.financegov.service.impl.ComplianceRecordServiceImpl - Fetching all compliance records
2026-03-24 21:31:18 INFO com.financegov.service.impl.ComplianceRecordServiceImpl - Total compliance records fetched: 1
