2026-03-27 08:55:52 INFO com.financegov.FinanceGovApplication - Starting FinanceGovApplication using Java 21.0.8 with PID 13272 (C:\Users\2481778\Downloads\ProjectWorkspace\FinanceGovApplication\target\classes started by 2481778 in C:\Users\2481778\Downloads\ProjectWorkspace\FinanceGovApplication)
2026-03-27 08:55:52 INFO com.financegov.FinanceGovApplication - No active profile set, falling back to 1 default profile: "default"
2026-03-27 08:56:02 INFO com.financegov.FinanceGovApplication - Started FinanceGovApplication in 11.741 seconds (process running for 13.941)
2026-03-27 08:56:09 INFO com.financegov.controller.ComplianceController - REST request to create a new compliance record
2026-03-27 08:56:09 INFO com.financegov.service.ComplianceRecordServiceImpl - Creating new compliance record
2026-03-27 08:56:09 INFO com.financegov.service.ComplianceRecordServiceImpl - Compliance record created with ID: 1
2026-03-27 08:56:35 INFO com.financegov.controller.ComplianceController - REST request to get compliance record by ID: 1
2026-03-27 08:56:35 INFO com.financegov.service.ComplianceRecordServiceImpl - Fetching compliance record with ID: 1
2026-03-27 08:56:35 INFO com.financegov.service.ComplianceRecordServiceImpl - Compliance record found for ID: 1
2026-03-27 10:16:44 INFO com.financegov.FinanceGovApplication - Starting FinanceGovApplication using Java 21.0.8 with PID 13272 (C:\Users\2481778\Downloads\ProjectWorkspace\FinanceGovApplication\target\classes started by 2481778 in C:\Users\2481778\Downloads\ProjectWorkspace\FinanceGovApplication)
2026-03-27 10:16:44 INFO com.financegov.FinanceGovApplication - No active profile set, falling back to 1 default profile: "default"
2026-03-27 10:16:46 INFO com.financegov.FinanceGovApplication - Started FinanceGovApplication in 2.633 seconds (process running for 4858.732)
2026-03-27 10:16:52 INFO com.financegov.FinanceGovApplication - Starting FinanceGovApplication using Java 21.0.8 with PID 13272 (C:\Users\2481778\Downloads\ProjectWorkspace\FinanceGovApplication\target\classes started by 2481778 in C:\Users\2481778\Downloads\ProjectWorkspace\FinanceGovApplication)
2026-03-27 10:16:52 INFO com.financegov.FinanceGovApplication - No active profile set, falling back to 1 default profile: "default"
2026-03-27 10:16:53 INFO com.financegov.FinanceGovApplication - Started FinanceGovApplication in 1.661 seconds (process running for 4865.617)
2026-03-27 10:16:55 INFO com.financegov.FinanceGovApplication - Starting FinanceGovApplication using Java 21.0.8 with PID 13272 (C:\Users\2481778\Downloads\ProjectWorkspace\FinanceGovApplication\target\classes started by 2481778 in C:\Users\2481778\Downloads\ProjectWorkspace\FinanceGovApplication)
2026-03-27 10:16:55 INFO com.financegov.FinanceGovApplication - No active profile set, falling back to 1 default profile: "default"
2026-03-27 10:16:57 INFO com.financegov.FinanceGovApplication - Started FinanceGovApplication in 1.913 seconds (process running for 4869.183)
2026-03-27 10:17:02 INFO com.financegov.FinanceGovApplication - Starting FinanceGovApplication using Java 21.0.8 with PID 13272 (C:\Users\2481778\Downloads\ProjectWorkspace\FinanceGovApplication\target\classes started by 2481778 in C:\Users\2481778\Downloads\ProjectWorkspace\FinanceGovApplication)
2026-03-27 10:17:02 INFO com.financegov.FinanceGovApplication - No active profile set, falling back to 1 default profile: "default"
2026-03-27 10:17:31 INFO com.financegov.FinanceGovApplication - Starting FinanceGovApplication using Java 21.0.8 with PID 13272 (C:\Users\2481778\Downloads\ProjectWorkspace\FinanceGovApplication\target\classes started by 2481778 in C:\Users\2481778\Downloads\ProjectWorkspace\FinanceGovApplication)
2026-03-27 10:17:31 INFO com.financegov.FinanceGovApplication - No active profile set, falling back to 1 default profile: "default"
2026-03-27 10:17:49 INFO com.financegov.FinanceGovApplication - Starting FinanceGovApplication using Java 21.0.8 with PID 13272 (C:\Users\2481778\Downloads\ProjectWorkspace\FinanceGovApplication\target\classes started by 2481778 in C:\Users\2481778\Downloads\ProjectWorkspace\FinanceGovApplication)
2026-03-27 10:17:49 INFO com.financegov.FinanceGovApplication - No active profile set, falling back to 1 default profile: "default"
2026-03-27 10:18:13 INFO com.financegov.FinanceGovApplication - Starting FinanceGovApplication using Java 21.0.8 with PID 13272 (C:\Users\2481778\Downloads\ProjectWorkspace\FinanceGovApplication\target\classes started by 2481778 in C:\Users\2481778\Downloads\ProjectWorkspace\FinanceGovApplication)
2026-03-27 10:18:13 INFO com.financegov.FinanceGovApplication - No active profile set, falling back to 1 default profile: "default"
2026-03-27 10:18:32 INFO com.financegov.FinanceGovApplication - Starting FinanceGovApplication using Java 21.0.8 with PID 13272 (C:\Users\2481778\Downloads\ProjectWorkspace\FinanceGovApplication\target\classes started by 2481778 in C:\Users\2481778\Downloads\ProjectWorkspace\FinanceGovApplication)
2026-03-27 10:18:32 INFO com.financegov.FinanceGovApplication - No active profile set, falling back to 1 default profile: "default"
2026-03-27 10:18:45 INFO com.financegov.FinanceGovApplication - Starting FinanceGovApplication using Java 21.0.8 with PID 13272 (C:\Users\2481778\Downloads\ProjectWorkspace\FinanceGovApplication\target\classes started by 2481778 in C:\Users\2481778\Downloads\ProjectWorkspace\FinanceGovApplication)
2026-03-27 10:18:45 INFO com.financegov.FinanceGovApplication - No active profile set, falling back to 1 default profile: "default"
2026-03-27 10:18:59 INFO com.financegov.FinanceGovApplication - Starting FinanceGovApplication using Java 21.0.8 with PID 13272 (C:\Users\2481778\Downloads\ProjectWorkspace\FinanceGovApplication\target\classes started by 2481778 in C:\Users\2481778\Downloads\ProjectWorkspace\FinanceGovApplication)
2026-03-27 10:18:59 INFO com.financegov.FinanceGovApplication - No active profile set, falling back to 1 default profile: "default"
2026-03-27 10:19:19 INFO com.financegov.FinanceGovApplication - Starting FinanceGovApplication using Java 21.0.8 with PID 13272 (C:\Users\2481778\Downloads\ProjectWorkspace\FinanceGovApplication\target\classes started by 2481778 in C:\Users\2481778\Downloads\ProjectWorkspace\FinanceGovApplication)
2026-03-27 10:19:19 INFO com.financegov.FinanceGovApplication - No active profile set, falling back to 1 default profile: "default"
2026-03-27 10:19:21 INFO com.financegov.FinanceGovApplication - Started FinanceGovApplication in 1.972 seconds (process running for 5013.21)
2026-03-27 10:20:28 INFO com.financegov.FinanceGovApplication - Starting FinanceGovApplication using Java 21.0.8 with PID 13272 (C:\Users\2481778\Downloads\ProjectWorkspace\FinanceGovApplication\target\classes started by 2481778 in C:\Users\2481778\Downloads\ProjectWorkspace\FinanceGovApplication)
2026-03-27 10:20:28 INFO com.financegov.FinanceGovApplication - No active profile set, falling back to 1 default profile: "default"
2026-03-27 10:21:02 INFO com.financegov.FinanceGovApplication - Starting FinanceGovApplication using Java 21.0.8 with PID 13272 (C:\Users\2481778\Downloads\ProjectWorkspace\FinanceGovApplication\target\classes started by 2481778 in C:\Users\2481778\Downloads\ProjectWorkspace\FinanceGovApplication)
2026-03-27 10:21:02 INFO com.financegov.FinanceGovApplication - No active profile set, falling back to 1 default profile: "default"
2026-03-27 10:21:09 INFO com.financegov.FinanceGovApplication - Starting FinanceGovApplication using Java 21.0.8 with PID 13272 (C:\Users\2481778\Downloads\ProjectWorkspace\FinanceGovApplication\target\classes started by 2481778 in C:\Users\2481778\Downloads\ProjectWorkspace\FinanceGovApplication)
2026-03-27 10:21:09 INFO com.financegov.FinanceGovApplication - No active profile set, falling back to 1 default profile: "default"
2026-03-27 10:22:21 INFO com.financegov.FinanceGovApplication - Starting FinanceGovApplication using Java 21.0.8 with PID 13272 (C:\Users\2481778\Downloads\ProjectWorkspace\FinanceGovApplication\target\classes started by 2481778 in C:\Users\2481778\Downloads\ProjectWorkspace\FinanceGovApplication)
2026-03-27 10:22:21 INFO com.financegov.FinanceGovApplication - No active profile set, falling back to 1 default profile: "default"
2026-03-27 10:22:37 INFO com.financegov.FinanceGovApplication - Starting FinanceGovApplication using Java 21.0.8 with PID 13272 (C:\Users\2481778\Downloads\ProjectWorkspace\FinanceGovApplication\target\classes started by 2481778 in C:\Users\2481778\Downloads\ProjectWorkspace\FinanceGovApplication)
2026-03-27 10:22:37 INFO com.financegov.FinanceGovApplication - No active profile set, falling back to 1 default profile: "default"
2026-03-27 10:22:51 INFO com.financegov.FinanceGovApplication - Starting FinanceGovApplication using Java 21.0.8 with PID 13272 (C:\Users\2481778\Downloads\ProjectWorkspace\FinanceGovApplication\target\classes started by 2481778 in C:\Users\2481778\Downloads\ProjectWorkspace\FinanceGovApplication)
2026-03-27 10:22:51 INFO com.financegov.FinanceGovApplication - No active profile set, falling back to 1 default profile: "default"
2026-03-27 10:23:48 INFO com.financegov.FinanceGovApplication - Starting FinanceGovApplication using Java 21.0.8 with PID 13272 (C:\Users\2481778\Downloads\ProjectWorkspace\FinanceGovApplication\target\classes started by 2481778 in C:\Users\2481778\Downloads\ProjectWorkspace\FinanceGovApplication)
2026-03-27 10:23:48 INFO com.financegov.FinanceGovApplication - No active profile set, falling back to 1 default profile: "default"
2026-03-27 10:24:00 INFO com.financegov.FinanceGovApplication - Starting FinanceGovApplication using Java 21.0.8 with PID 13272 (C:\Users\2481778\Downloads\ProjectWorkspace\FinanceGovApplication\target\classes started by 2481778 in C:\Users\2481778\Downloads\ProjectWorkspace\FinanceGovApplication)
2026-03-27 10:24:00 INFO com.financegov.FinanceGovApplication - No active profile set, falling back to 1 default profile: "default"
2026-03-27 10:24:09 INFO com.financegov.FinanceGovApplication - Starting FinanceGovApplication using Java 21.0.8 with PID 13272 (C:\Users\2481778\Downloads\ProjectWorkspace\FinanceGovApplication\target\classes started by 2481778 in C:\Users\2481778\Downloads\ProjectWorkspace\FinanceGovApplication)
2026-03-27 10:24:09 INFO com.financegov.FinanceGovApplication - No active profile set, falling back to 1 default profile: "default"
2026-03-27 10:24:15 INFO com.financegov.FinanceGovApplication - Starting FinanceGovApplication using Java 21.0.8 with PID 13272 (C:\Users\2481778\Downloads\ProjectWorkspace\FinanceGovApplication\target\classes started by 2481778 in C:\Users\2481778\Downloads\ProjectWorkspace\FinanceGovApplication)
2026-03-27 10:24:15 INFO com.financegov.FinanceGovApplication - No active profile set, falling back to 1 default profile: "default"
2026-03-27 10:24:20 INFO com.financegov.FinanceGovApplication - Starting FinanceGovApplication using Java 21.0.8 with PID 13272 (C:\Users\2481778\Downloads\ProjectWorkspace\FinanceGovApplication\target\classes started by 2481778 in C:\Users\2481778\Downloads\ProjectWorkspace\FinanceGovApplication)
2026-03-27 10:24:20 INFO com.financegov.FinanceGovApplication - No active profile set, falling back to 1 default profile: "default"
2026-03-27 10:26:00 INFO com.financegov.FinanceGovApplication - Starting FinanceGovApplication using Java 21.0.8 with PID 13272 (C:\Users\2481778\Downloads\ProjectWorkspace\FinanceGovApplication\target\classes started by 2481778 in C:\Users\2481778\Downloads\ProjectWorkspace\FinanceGovApplication)
2026-03-27 10:26:00 INFO com.financegov.FinanceGovApplication - No active profile set, falling back to 1 default profile: "default"
2026-03-27 10:26:03 INFO com.financegov.FinanceGovApplication - Started FinanceGovApplication in 2.886 seconds (process running for 5415.314)
2026-03-27 10:26:10 INFO com.financegov.FinanceGovApplication - Starting FinanceGovApplication using Java 21.0.8 with PID 13272 (C:\Users\2481778\Downloads\ProjectWorkspace\FinanceGovApplication\target\classes started by 2481778 in C:\Users\2481778\Downloads\ProjectWorkspace\FinanceGovApplication)
2026-03-27 10:26:10 INFO com.financegov.FinanceGovApplication - No active profile set, falling back to 1 default profile: "default"
2026-03-27 10:26:11 INFO com.financegov.FinanceGovApplication - Started FinanceGovApplication in 1.423 seconds (process running for 5423.565)
2026-03-27 10:26:17 INFO com.financegov.FinanceGovApplication - Starting FinanceGovApplication using Java 21.0.8 with PID 13272 (C:\Users\2481778\Downloads\ProjectWorkspace\FinanceGovApplication\target\classes started by 2481778 in C:\Users\2481778\Downloads\ProjectWorkspace\FinanceGovApplication)
2026-03-27 10:26:17 INFO com.financegov.FinanceGovApplication - No active profile set, falling back to 1 default profile: "default"
2026-03-27 10:26:19 INFO com.financegov.FinanceGovApplication - Started FinanceGovApplication in 1.284 seconds (process running for 5431.019)
2026-03-27 10:26:24 INFO com.financegov.FinanceGovApplication - Starting FinanceGovApplication using Java 21.0.8 with PID 13272 (C:\Users\2481778\Downloads\ProjectWorkspace\FinanceGovApplication\target\classes started by 2481778 in C:\Users\2481778\Downloads\ProjectWorkspace\FinanceGovApplication)
2026-03-27 10:26:24 INFO com.financegov.FinanceGovApplication - No active profile set, falling back to 1 default profile: "default"
2026-03-27 10:26:25 INFO com.financegov.FinanceGovApplication - Started FinanceGovApplication in 0.936 seconds (process running for 5437.658)
2026-03-27 10:26:29 INFO com.financegov.FinanceGovApplication - Starting FinanceGovApplication using Java 21.0.8 with PID 13272 (C:\Users\2481778\Downloads\ProjectWorkspace\FinanceGovApplication\target\classes started by 2481778 in C:\Users\2481778\Downloads\ProjectWorkspace\FinanceGovApplication)
2026-03-27 10:26:29 INFO com.financegov.FinanceGovApplication - No active profile set, falling back to 1 default profile: "default"
2026-03-27 10:26:30 INFO com.financegov.FinanceGovApplication - Started FinanceGovApplication in 1.157 seconds (process running for 5442.537)
2026-03-27 10:41:10 INFO com.financegov.FinanceGovApplication - Starting FinanceGovApplication using Java 21.0.8 with PID 13272 (C:\Users\2481778\Downloads\ProjectWorkspace\FinanceGovApplication\target\classes started by 2481778 in C:\Users\2481778\Downloads\ProjectWorkspace\FinanceGovApplication)
2026-03-27 10:41:10 INFO com.financegov.FinanceGovApplication - No active profile set, falling back to 1 default profile: "default"
2026-03-27 10:41:12 INFO com.financegov.FinanceGovApplication - Started FinanceGovApplication in 2.28 seconds (process running for 6324.84)
2026-03-27 10:41:28 INFO com.financegov.FinanceGovApplication - Starting FinanceGovApplication using Java 21.0.8 with PID 13272 (C:\Users\2481778\Downloads\ProjectWorkspace\FinanceGovApplication\target\classes started by 2481778 in C:\Users\2481778\Downloads\ProjectWorkspace\FinanceGovApplication)
2026-03-27 10:41:28 INFO com.financegov.FinanceGovApplication - No active profile set, falling back to 1 default profile: "default"
2026-03-27 10:44:09 INFO com.financegov.FinanceGovApplication - Starting FinanceGovApplication using Java 21.0.8 with PID 13272 (C:\Users\2481778\Downloads\ProjectWorkspace\FinanceGovApplication\target\classes started by 2481778 in C:\Users\2481778\Downloads\ProjectWorkspace\FinanceGovApplication)
2026-03-27 10:44:09 INFO com.financegov.FinanceGovApplication - No active profile set, falling back to 1 default profile: "default"
2026-03-27 10:44:19 INFO com.financegov.FinanceGovApplication - Starting FinanceGovApplication using Java 21.0.8 with PID 13272 (C:\Users\2481778\Downloads\ProjectWorkspace\FinanceGovApplication\target\classes started by 2481778 in C:\Users\2481778\Downloads\ProjectWorkspace\FinanceGovApplication)
2026-03-27 10:44:19 INFO com.financegov.FinanceGovApplication - No active profile set, falling back to 1 default profile: "default"
2026-03-27 10:44:41 INFO com.financegov.FinanceGovApplication - Starting FinanceGovApplication using Java 21.0.8 with PID 13272 (C:\Users\2481778\Downloads\ProjectWorkspace\FinanceGovApplication\target\classes started by 2481778 in C:\Users\2481778\Downloads\ProjectWorkspace\FinanceGovApplication)
2026-03-27 10:44:41 INFO com.financegov.FinanceGovApplication - No active profile set, falling back to 1 default profile: "default"
2026-03-27 10:44:45 INFO com.financegov.FinanceGovApplication - Starting FinanceGovApplication using Java 21.0.8 with PID 13272 (C:\Users\2481778\Downloads\ProjectWorkspace\FinanceGovApplication\target\classes started by 2481778 in C:\Users\2481778\Downloads\ProjectWorkspace\FinanceGovApplication)
2026-03-27 10:44:45 INFO com.financegov.FinanceGovApplication - No active profile set, falling back to 1 default profile: "default"
2026-03-27 10:44:56 INFO com.financegov.FinanceGovApplication - Starting FinanceGovApplication using Java 21.0.8 with PID 13272 (C:\Users\2481778\Downloads\ProjectWorkspace\FinanceGovApplication\target\classes started by 2481778 in C:\Users\2481778\Downloads\ProjectWorkspace\FinanceGovApplication)
2026-03-27 10:44:56 INFO com.financegov.FinanceGovApplication - No active profile set, falling back to 1 default profile: "default"
2026-03-27 10:45:09 INFO com.financegov.FinanceGovApplication - Starting FinanceGovApplication using Java 21.0.8 with PID 13272 (C:\Users\2481778\Downloads\ProjectWorkspace\FinanceGovApplication\target\classes started by 2481778 in C:\Users\2481778\Downloads\ProjectWorkspace\FinanceGovApplication)
2026-03-27 10:45:09 INFO com.financegov.FinanceGovApplication - No active profile set, falling back to 1 default profile: "default"
2026-03-27 10:45:29 INFO com.financegov.FinanceGovApplication - Starting FinanceGovApplication using Java 21.0.8 with PID 13272 (C:\Users\2481778\Downloads\ProjectWorkspace\FinanceGovApplication\target\classes started by 2481778 in C:\Users\2481778\Downloads\ProjectWorkspace\FinanceGovApplication)
2026-03-27 10:45:29 INFO com.financegov.FinanceGovApplication - No active profile set, falling back to 1 default profile: "default"
2026-03-27 10:47:07 INFO com.financegov.FinanceGovApplication - Starting FinanceGovApplication using Java 21.0.8 with PID 13272 (C:\Users\2481778\Downloads\ProjectWorkspace\FinanceGovApplication\target\classes started by 2481778 in C:\Users\2481778\Downloads\ProjectWorkspace\FinanceGovApplication)
2026-03-27 10:47:07 INFO com.financegov.FinanceGovApplication - No active profile set, falling back to 1 default profile: "default"
2026-03-27 11:06:24 INFO com.financegov.FinanceGovApplication - Starting FinanceGovApplication using Java 21.0.8 with PID 13272 (C:\Users\2481778\Downloads\ProjectWorkspace\FinanceGovApplication\target\classes started by 2481778 in C:\Users\2481778\Downloads\ProjectWorkspace\FinanceGovApplication)
2026-03-27 11:06:24 INFO com.financegov.FinanceGovApplication - No active profile set, falling back to 1 default profile: "default"
2026-03-27 11:06:47 INFO com.financegov.FinanceGovApplication - Starting FinanceGovApplication using Java 21.0.8 with PID 13272 (C:\Users\2481778\Downloads\ProjectWorkspace\FinanceGovApplication\target\classes started by 2481778 in C:\Users\2481778\Downloads\ProjectWorkspace\FinanceGovApplication)
2026-03-27 11:06:47 INFO com.financegov.FinanceGovApplication - No active profile set, falling back to 1 default profile: "default"
2026-03-27 11:06:57 INFO com.financegov.FinanceGovApplication - Starting FinanceGovApplication using Java 21.0.8 with PID 13272 (C:\Users\2481778\Downloads\ProjectWorkspace\FinanceGovApplication\target\classes started by 2481778 in C:\Users\2481778\Downloads\ProjectWorkspace\FinanceGovApplication)
2026-03-27 11:06:57 INFO com.financegov.FinanceGovApplication - No active profile set, falling back to 1 default profile: "default"
2026-03-27 11:07:14 INFO com.financegov.FinanceGovApplication - Starting FinanceGovApplication using Java 21.0.8 with PID 13272 (C:\Users\2481778\Downloads\ProjectWorkspace\FinanceGovApplication\target\classes started by 2481778 in C:\Users\2481778\Downloads\ProjectWorkspace\FinanceGovApplication)
2026-03-27 11:07:14 INFO com.financegov.FinanceGovApplication - No active profile set, falling back to 1 default profile: "default"
2026-03-27 11:07:16 INFO com.financegov.FinanceGovApplication - Starting FinanceGovApplication using Java 21.0.8 with PID 13272 (C:\Users\2481778\Downloads\ProjectWorkspace\FinanceGovApplication\target\classes started by 2481778 in C:\Users\2481778\Downloads\ProjectWorkspace\FinanceGovApplication)
2026-03-27 11:07:16 INFO com.financegov.FinanceGovApplication - No active profile set, falling back to 1 default profile: "default"
2026-03-27 11:07:32 INFO com.financegov.FinanceGovApplication - Starting FinanceGovApplication using Java 21.0.8 with PID 13272 (C:\Users\2481778\Downloads\ProjectWorkspace\FinanceGovApplication\target\classes started by 2481778 in C:\Users\2481778\Downloads\ProjectWorkspace\FinanceGovApplication)
2026-03-27 11:07:32 INFO com.financegov.FinanceGovApplication - No active profile set, falling back to 1 default profile: "default"
2026-03-27 11:07:35 INFO com.financegov.FinanceGovApplication - Starting FinanceGovApplication using Java 21.0.8 with PID 13272 (C:\Users\2481778\Downloads\ProjectWorkspace\FinanceGovApplication\target\classes started by 2481778 in C:\Users\2481778\Downloads\ProjectWorkspace\FinanceGovApplication)
2026-03-27 11:07:35 INFO com.financegov.FinanceGovApplication - No active profile set, falling back to 1 default profile: "default"
2026-03-27 11:07:39 INFO com.financegov.FinanceGovApplication - Starting FinanceGovApplication using Java 21.0.8 with PID 13272 (C:\Users\2481778\Downloads\ProjectWorkspace\FinanceGovApplication\target\classes started by 2481778 in C:\Users\2481778\Downloads\ProjectWorkspace\FinanceGovApplication)
2026-03-27 11:07:39 INFO com.financegov.FinanceGovApplication - No active profile set, falling back to 1 default profile: "default"
2026-03-27 11:07:42 INFO com.financegov.FinanceGovApplication - Starting FinanceGovApplication using Java 21.0.8 with PID 13272 (C:\Users\2481778\Downloads\ProjectWorkspace\FinanceGovApplication\target\classes started by 2481778 in C:\Users\2481778\Downloads\ProjectWorkspace\FinanceGovApplication)
2026-03-27 11:07:42 INFO com.financegov.FinanceGovApplication - No active profile set, falling back to 1 default profile: "default"
2026-03-27 11:07:50 INFO com.financegov.FinanceGovApplication - Starting FinanceGovApplication using Java 21.0.8 with PID 13272 (C:\Users\2481778\Downloads\ProjectWorkspace\FinanceGovApplication\target\classes started by 2481778 in C:\Users\2481778\Downloads\ProjectWorkspace\FinanceGovApplication)
2026-03-27 11:07:50 INFO com.financegov.FinanceGovApplication - No active profile set, falling back to 1 default profile: "default"
2026-03-27 11:08:09 INFO com.financegov.FinanceGovApplication - Starting FinanceGovApplication using Java 21.0.8 with PID 13272 (C:\Users\2481778\Downloads\ProjectWorkspace\FinanceGovApplication\target\classes started by 2481778 in C:\Users\2481778\Downloads\ProjectWorkspace\FinanceGovApplication)
2026-03-27 11:08:09 INFO com.financegov.FinanceGovApplication - No active profile set, falling back to 1 default profile: "default"
2026-03-27 11:08:14 INFO com.financegov.FinanceGovApplication - Starting FinanceGovApplication using Java 21.0.8 with PID 13272 (C:\Users\2481778\Downloads\ProjectWorkspace\FinanceGovApplication\target\classes started by 2481778 in C:\Users\2481778\Downloads\ProjectWorkspace\FinanceGovApplication)
2026-03-27 11:08:14 INFO com.financegov.FinanceGovApplication - No active profile set, falling back to 1 default profile: "default"
2026-03-27 11:08:30 INFO com.financegov.FinanceGovApplication - Starting FinanceGovApplication using Java 21.0.8 with PID 13272 (C:\Users\2481778\Downloads\ProjectWorkspace\FinanceGovApplication\target\classes started by 2481778 in C:\Users\2481778\Downloads\ProjectWorkspace\FinanceGovApplication)
2026-03-27 11:08:30 INFO com.financegov.FinanceGovApplication - No active profile set, falling back to 1 default profile: "default"
2026-03-27 11:08:32 INFO com.financegov.FinanceGovApplication - Started FinanceGovApplication in 1.967 seconds (process running for 7963.87)
2026-03-27 17:28:47 INFO com.financegov.FinanceGovApplication - Starting FinanceGovApplication using Java 21.0.8 with PID 22396 (C:\Users\2481778\Downloads\ProjectWorkspace\FinanceGovApplication\target\classes started by 2481778 in C:\Users\2481778\Downloads\ProjectWorkspace\FinanceGovApplication)
2026-03-27 17:28:47 INFO com.financegov.FinanceGovApplication - No active profile set, falling back to 1 default profile: "default"
2026-03-27 17:30:57 INFO com.financegov.FinanceGovApplication - Starting FinanceGovApplication using Java 21.0.8 with PID 5696 (C:\Users\2481778\Downloads\ProjectWorkspace\FinanceGovApplication\target\classes started by 2481778 in C:\Users\2481778\Downloads\ProjectWorkspace\FinanceGovApplication)
2026-03-27 17:30:57 INFO com.financegov.FinanceGovApplication - No active profile set, falling back to 1 default profile: "default"
2026-03-27 17:31:59 INFO com.financegov.FinanceGovApplication - Starting FinanceGovApplication using Java 21.0.8 with PID 15988 (C:\Users\2481778\Downloads\ProjectWorkspace\FinanceGovApplication\target\classes started by 2481778 in C:\Users\2481778\Downloads\ProjectWorkspace\FinanceGovApplication)
2026-03-27 17:31:59 INFO com.financegov.FinanceGovApplication - No active profile set, falling back to 1 default profile: "default"
2026-03-27 17:33:41 INFO com.financegov.FinanceGovApplication - Starting FinanceGovApplication using Java 21.0.8 with PID 5056 (C:\Users\2481778\Downloads\ProjectWorkspace\FinanceGovApplication\target\classes started by 2481778 in C:\Users\2481778\Downloads\ProjectWorkspace\FinanceGovApplication)
2026-03-27 17:33:41 INFO com.financegov.FinanceGovApplication - No active profile set, falling back to 1 default profile: "default"
2026-03-27 17:33:53 INFO com.financegov.FinanceGovApplication - Started FinanceGovApplication in 13.067 seconds (process running for 14.324)
2026-03-27 17:33:59 INFO com.financegov.controller.ComplianceController - REST request to create a new compliance record
2026-03-27 17:33:59 INFO com.financegov.service.ComplianceRecordServiceImpl - Creating new compliance record
2026-03-27 17:33:59 INFO com.financegov.service.ComplianceRecordServiceImpl - Compliance record created with ID: 2
2026-03-27 17:34:35 INFO com.financegov.controller.ComplianceController - REST request to create a new compliance record
2026-03-27 17:34:35 INFO com.financegov.service.ComplianceRecordServiceImpl - Creating new compliance record
2026-03-27 17:37:38 INFO com.financegov.controller.FinancialProgramController - Received request to create program: FinancialProgramRequest(programId=null, title=Housing Program, description=Designed to give support for housing, startDate=2026-03-26, endDate=2025-09-01, budget=30000.0, status=ACTIVE, applications=null)
2026-03-27 17:37:38 INFO com.financegov.service.FinancialProgramServiceImpl - Saving new financial program: FinancialProgramRequest(programId=null, title=Housing Program, description=Designed to give support for housing, startDate=2026-03-26, endDate=2025-09-01, budget=30000.0, status=ACTIVE, applications=null)
2026-03-27 17:52:42 INFO com.financegov.FinanceGovApplication - Starting FinanceGovApplication using Java 21.0.8 with PID 5056 (C:\Users\2481778\Downloads\ProjectWorkspace\FinanceGovApplication\target\classes started by 2481778 in C:\Users\2481778\Downloads\ProjectWorkspace\FinanceGovApplication)
2026-03-27 17:52:42 INFO com.financegov.FinanceGovApplication - No active profile set, falling back to 1 default profile: "default"
2026-03-27 17:52:44 INFO com.financegov.FinanceGovApplication - Started FinanceGovApplication in 1.969 seconds (process running for 1145.441)
2026-03-27 17:52:46 INFO com.financegov.FinanceGovApplication - Starting FinanceGovApplication using Java 21.0.8 with PID 5056 (C:\Users\2481778\Downloads\ProjectWorkspace\FinanceGovApplication\target\classes started by 2481778 in C:\Users\2481778\Downloads\ProjectWorkspace\FinanceGovApplication)
2026-03-27 17:52:46 INFO com.financegov.FinanceGovApplication - No active profile set, falling back to 1 default profile: "default"
2026-03-27 17:52:48 INFO com.financegov.FinanceGovApplication - Started FinanceGovApplication in 1.619 seconds (process running for 1148.72)
2026-03-27 18:08:16 INFO com.financegov.FinanceGovApplication - Starting FinanceGovApplication using Java 21.0.8 with PID 5056 (C:\Users\2481778\Downloads\ProjectWorkspace\FinanceGovApplication\target\classes started by 2481778 in C:\Users\2481778\Downloads\ProjectWorkspace\FinanceGovApplication)
2026-03-27 18:08:16 INFO com.financegov.FinanceGovApplication - No active profile set, falling back to 1 default profile: "default"
2026-03-27 18:08:18 INFO com.financegov.FinanceGovApplication - Started FinanceGovApplication in 2.116 seconds (process running for 2079.31)
2026-03-27 18:08:22 INFO com.financegov.FinanceGovApplication - Starting FinanceGovApplication using Java 21.0.8 with PID 5056 (C:\Users\2481778\Downloads\ProjectWorkspace\FinanceGovApplication\target\classes started by 2481778 in C:\Users\2481778\Downloads\ProjectWorkspace\FinanceGovApplication)
2026-03-27 18:08:22 INFO com.financegov.FinanceGovApplication - No active profile set, falling back to 1 default profile: "default"
2026-03-27 18:08:24 INFO com.financegov.FinanceGovApplication - Started FinanceGovApplication in 1.892 seconds (process running for 2085.08)
2026-03-27 19:22:33 INFO com.financegov.FinanceGovApplication - Starting FinanceGovApplication using Java 21.0.8 with PID 21712 (C:\Users\2481778\Downloads\ProjectWorkspace\FinanceGovApplication\target\classes started by 2481778 in C:\Users\2481778\Downloads\ProjectWorkspace\FinanceGovApplication)
2026-03-27 19:22:33 INFO com.financegov.FinanceGovApplication - No active profile set, falling back to 1 default profile: "default"
2026-03-27 19:22:51 INFO com.financegov.FinanceGovApplication - Started FinanceGovApplication in 19.621 seconds (process running for 21.472)
2026-03-27 19:23:34 INFO com.financegov.FinanceGovApplication - Starting FinanceGovApplication using Java 21.0.8 with PID 21712 (C:\Users\2481778\Downloads\ProjectWorkspace\FinanceGovApplication\target\classes started by 2481778 in C:\Users\2481778\Downloads\ProjectWorkspace\FinanceGovApplication)
2026-03-27 19:23:34 INFO com.financegov.FinanceGovApplication - No active profile set, falling back to 1 default profile: "default"
2026-03-27 19:23:36 INFO com.financegov.FinanceGovApplication - Started FinanceGovApplication in 2.453 seconds (process running for 66.3)
2026-03-27 19:23:39 INFO com.financegov.FinanceGovApplication - Starting FinanceGovApplication using Java 21.0.8 with PID 21712 (C:\Users\2481778\Downloads\ProjectWorkspace\FinanceGovApplication\target\classes started by 2481778 in C:\Users\2481778\Downloads\ProjectWorkspace\FinanceGovApplication)
2026-03-27 19:23:39 INFO com.financegov.FinanceGovApplication - No active profile set, falling back to 1 default profile: "default"
2026-03-27 19:23:42 INFO com.financegov.FinanceGovApplication - Started FinanceGovApplication in 3.022 seconds (process running for 72.071)
2026-03-27 19:23:44 INFO com.financegov.FinanceGovApplication - Starting FinanceGovApplication using Java 21.0.8 with PID 21712 (C:\Users\2481778\Downloads\ProjectWorkspace\FinanceGovApplication\target\classes started by 2481778 in C:\Users\2481778\Downloads\ProjectWorkspace\FinanceGovApplication)
2026-03-27 19:23:44 INFO com.financegov.FinanceGovApplication - No active profile set, falling back to 1 default profile: "default"
2026-03-27 19:34:35 INFO com.financegov.FinanceGovApplication - Starting FinanceGovApplication using Java 21.0.8 with PID 23520 (C:\Users\2481778\Downloads\ProjectWorkspace\FinanceGovApplication\target\classes started by 2481778 in C:\Users\2481778\Downloads\ProjectWorkspace\FinanceGovApplication)
2026-03-27 19:34:35 INFO com.financegov.FinanceGovApplication - No active profile set, falling back to 1 default profile: "default"
2026-03-27 19:34:53 INFO com.financegov.FinanceGovApplication - Started FinanceGovApplication in 18.97 seconds (process running for 20.732)
2026-03-27 19:35:33 INFO com.financegov.FinanceGovApplication - Starting FinanceGovApplication using Java 21.0.8 with PID 23520 (C:\Users\2481778\Downloads\ProjectWorkspace\FinanceGovApplication\target\classes started by 2481778 in C:\Users\2481778\Downloads\ProjectWorkspace\FinanceGovApplication)
2026-03-27 19:35:33 INFO com.financegov.FinanceGovApplication - No active profile set, falling back to 1 default profile: "default"
2026-03-27 19:35:36 INFO com.financegov.FinanceGovApplication - Started FinanceGovApplication in 2.986 seconds (process running for 63.148)
2026-03-27 19:35:50 INFO com.financegov.controller.AuditController - REST request to create a new audit record
2026-03-27 19:35:50 INFO com.financegov.service.AuditServiceImpl - Creating new audit record
2026-03-27 19:35:51 INFO com.financegov.service.AuditServiceImpl - Audit record created with ID: 1
2026-03-27 19:35:57 INFO com.financegov.controller.ComplianceController - REST request to create a new compliance record
2026-03-27 19:35:57 INFO com.financegov.service.ComplianceRecordServiceImpl - Creating new compliance record
2026-03-27 19:36:49 INFO com.financegov.controller.ComplianceController - REST request to get compliance record by ID: 1
2026-03-27 19:36:49 INFO com.financegov.service.ComplianceRecordServiceImpl - Fetching compliance record with ID: 1
2026-03-27 19:36:49 INFO com.financegov.service.ComplianceRecordServiceImpl - Compliance record found for ID: 1
2026-03-27 19:37:06 INFO com.financegov.controller.ComplianceController - REST request to create a new compliance record
2026-03-27 19:37:06 INFO com.financegov.service.ComplianceRecordServiceImpl - Creating new compliance record
2026-03-27 19:37:14 INFO com.financegov.controller.ComplianceController - REST request to get compliance record by ID: 2
2026-03-27 19:37:14 INFO com.financegov.service.ComplianceRecordServiceImpl - Fetching compliance record with ID: 2
2026-03-27 19:37:14 INFO com.financegov.service.ComplianceRecordServiceImpl - Compliance record found for ID: 2
2026-03-27 19:37:17 INFO com.financegov.controller.ComplianceController - REST request to get compliance record by ID: 3
2026-03-27 19:37:17 INFO com.financegov.service.ComplianceRecordServiceImpl - Fetching compliance record with ID: 3
2026-03-27 19:37:17 WARN com.financegov.service.ComplianceRecordServiceImpl - Compliance record not found for ID: 3
2026-03-27 19:37:26 INFO com.financegov.controller.ComplianceController - REST request to create a new compliance record
2026-03-27 19:37:26 INFO com.financegov.service.ComplianceRecordServiceImpl - Creating new compliance record
2026-03-27 19:37:31 INFO com.financegov.controller.ComplianceController - REST request to get compliance record by ID: 3
2026-03-27 19:37:31 INFO com.financegov.service.ComplianceRecordServiceImpl - Fetching compliance record with ID: 3
2026-03-27 19:37:31 WARN com.financegov.service.ComplianceRecordServiceImpl - Compliance record not found for ID: 3
2026-03-27 19:37:33 INFO com.financegov.controller.ComplianceController - REST request to get compliance record by ID: 3
2026-03-27 19:37:33 INFO com.financegov.service.ComplianceRecordServiceImpl - Fetching compliance record with ID: 3
2026-03-27 19:37:33 WARN com.financegov.service.ComplianceRecordServiceImpl - Compliance record not found for ID: 3
2026-03-27 19:37:51 INFO com.financegov.FinanceGovApplication - Starting FinanceGovApplication using Java 21.0.8 with PID 23520 (C:\Users\2481778\Downloads\ProjectWorkspace\FinanceGovApplication\target\classes started by 2481778 in C:\Users\2481778\Downloads\ProjectWorkspace\FinanceGovApplication)
2026-03-27 19:37:51 INFO com.financegov.FinanceGovApplication - No active profile set, falling back to 1 default profile: "default"
2026-03-27 19:37:54 INFO com.financegov.FinanceGovApplication - Started FinanceGovApplication in 3.793 seconds (process running for 201.772)
2026-03-27 19:38:00 INFO com.financegov.FinanceGovApplication - Starting FinanceGovApplication using Java 21.0.8 with PID 23520 (C:\Users\2481778\Downloads\ProjectWorkspace\FinanceGovApplication\target\classes started by 2481778 in C:\Users\2481778\Downloads\ProjectWorkspace\FinanceGovApplication)
2026-03-27 19:38:00 INFO com.financegov.FinanceGovApplication - No active profile set, falling back to 1 default profile: "default"
2026-03-27 19:38:02 INFO com.financegov.FinanceGovApplication - Started FinanceGovApplication in 1.588 seconds (process running for 209.328)
2026-03-27 19:38:08 INFO com.financegov.controller.ComplianceController - REST request to get compliance record by ID: 3
2026-03-27 19:38:08 INFO com.financegov.service.ComplianceRecordServiceImpl - Fetching compliance record with ID: 3
2026-03-27 19:38:08 WARN com.financegov.service.ComplianceRecordServiceImpl - Compliance record not found for ID: 3
2026-03-27 19:38:10 INFO com.financegov.controller.ComplianceController - REST request to get compliance record by ID: 2
2026-03-27 19:38:10 INFO com.financegov.service.ComplianceRecordServiceImpl - Fetching compliance record with ID: 2
2026-03-27 19:38:10 WARN com.financegov.service.ComplianceRecordServiceImpl - Compliance record not found for ID: 2
2026-03-27 19:38:12 INFO com.financegov.controller.ComplianceController - REST request to get compliance record by ID: 1
2026-03-27 19:38:12 INFO com.financegov.service.ComplianceRecordServiceImpl - Fetching compliance record with ID: 1
2026-03-27 19:38:12 WARN com.financegov.service.ComplianceRecordServiceImpl - Compliance record not found for ID: 1
2026-03-27 19:38:15 INFO com.financegov.controller.ComplianceController - REST request to get compliance record by ID: 0
2026-03-27 19:38:15 INFO com.financegov.service.ComplianceRecordServiceImpl - Fetching compliance record with ID: 0
2026-03-27 19:38:15 WARN com.financegov.service.ComplianceRecordServiceImpl - Compliance record not found for ID: 0
2026-03-27 19:38:20 INFO com.financegov.controller.ComplianceController - REST request to create a new compliance record
2026-03-27 19:38:20 INFO com.financegov.service.ComplianceRecordServiceImpl - Creating new compliance record
2026-03-27 19:38:26 INFO com.financegov.controller.ComplianceController - REST request to get compliance record by ID: 1
2026-03-27 19:38:26 INFO com.financegov.service.ComplianceRecordServiceImpl - Fetching compliance record with ID: 1
2026-03-27 19:38:26 WARN com.financegov.service.ComplianceRecordServiceImpl - Compliance record not found for ID: 1
2026-03-27 19:50:03 INFO com.financegov.FinanceGovApplication - Starting FinanceGovApplication using Java 21.0.8 with PID 2016 (C:\Users\2481778\Downloads\ProjectWorkspace\FinanceGovApplication\target\classes started by 2481778 in C:\Users\2481778\Downloads\ProjectWorkspace\FinanceGovApplication)
2026-03-27 19:50:03 INFO com.financegov.FinanceGovApplication - No active profile set, falling back to 1 default profile: "default"
2026-03-27 19:50:14 INFO com.financegov.FinanceGovApplication - Started FinanceGovApplication in 12.0 seconds (process running for 13.315)
2026-03-27 19:50:15 INFO com.financegov.controller.AuditController - REST request to create a new audit record
2026-03-27 19:50:15 INFO com.financegov.service.AuditServiceImpl - Creating new audit record
2026-03-27 19:50:16 INFO com.financegov.service.AuditServiceImpl - Audit record created with ID: 1
2026-03-27 19:50:46 INFO com.financegov.controller.AuditController - REST request to create a new audit record
2026-03-27 19:50:46 INFO com.financegov.service.AuditServiceImpl - Creating new audit record
2026-03-27 19:50:46 INFO com.financegov.service.AuditServiceImpl - Audit record created with ID: 2
2026-03-27 20:25:12 INFO com.financegov.controller.ComplianceController - REST request to create a new compliance record
2026-03-27 20:25:12 INFO com.financegov.service.ComplianceRecordServiceImpl - Creating new compliance record
2026-03-27 20:29:36 INFO com.financegov.FinanceGovApplication - Starting FinanceGovApplication using Java 21.0.8 with PID 2016 (C:\Users\2481778\Downloads\ProjectWorkspace\FinanceGovApplication\target\classes started by 2481778 in C:\Users\2481778\Downloads\ProjectWorkspace\FinanceGovApplication)
2026-03-27 20:29:36 INFO com.financegov.FinanceGovApplication - No active profile set, falling back to 1 default profile: "default"
2026-03-27 20:29:39 INFO com.financegov.FinanceGovApplication - Started FinanceGovApplication in 2.788 seconds (process running for 2377.875)
2026-03-27 20:30:35 INFO com.financegov.FinanceGovApplication - Starting FinanceGovApplication using Java 21.0.8 with PID 2016 (C:\Users\2481778\Downloads\ProjectWorkspace\FinanceGovApplication\target\classes started by 2481778 in C:\Users\2481778\Downloads\ProjectWorkspace\FinanceGovApplication)
2026-03-27 20:30:35 INFO com.financegov.FinanceGovApplication - No active profile set, falling back to 1 default profile: "default"
2026-03-27 20:30:37 INFO com.financegov.FinanceGovApplication - Started FinanceGovApplication in 2.311 seconds (process running for 2436.079)
2026-03-27 20:35:43 INFO com.financegov.FinanceGovApplication - Starting FinanceGovApplication using Java 21.0.8 with PID 2016 (C:\Users\2481778\Downloads\ProjectWorkspace\FinanceGovApplication\target\classes started by 2481778 in C:\Users\2481778\Downloads\ProjectWorkspace\FinanceGovApplication)
2026-03-27 20:35:43 INFO com.financegov.FinanceGovApplication - No active profile set, falling back to 1 default profile: "default"
2026-03-27 20:35:50 INFO com.financegov.FinanceGovApplication - Started FinanceGovApplication in 7.475 seconds (process running for 2749.186)
2026-03-27 20:38:14 INFO com.financegov.FinanceGovApplication - Starting FinanceGovApplication using Java 21.0.8 with PID 2016 (C:\Users\2481778\Downloads\ProjectWorkspace\FinanceGovApplication\target\classes started by 2481778 in C:\Users\2481778\Downloads\ProjectWorkspace\FinanceGovApplication)
2026-03-27 20:38:14 INFO com.financegov.FinanceGovApplication - No active profile set, falling back to 1 default profile: "default"
2026-03-27 20:38:15 INFO com.financegov.FinanceGovApplication - Started FinanceGovApplication in 1.8 seconds (process running for 2894.425)
2026-03-27 20:38:37 INFO com.financegov.FinanceGovApplication - Starting FinanceGovApplication using Java 21.0.8 with PID 2016 (C:\Users\2481778\Downloads\ProjectWorkspace\FinanceGovApplication\target\classes started by 2481778 in C:\Users\2481778\Downloads\ProjectWorkspace\FinanceGovApplication)
2026-03-27 20:38:37 INFO com.financegov.FinanceGovApplication - No active profile set, falling back to 1 default profile: "default"
2026-03-27 20:38:40 INFO com.financegov.FinanceGovApplication - Started FinanceGovApplication in 2.726 seconds (process running for 2918.549)
2026-03-27 20:38:41 INFO com.financegov.FinanceGovApplication - Starting FinanceGovApplication using Java 21.0.8 with PID 2016 (C:\Users\2481778\Downloads\ProjectWorkspace\FinanceGovApplication\target\classes started by 2481778 in C:\Users\2481778\Downloads\ProjectWorkspace\FinanceGovApplication)
2026-03-27 20:38:41 INFO com.financegov.FinanceGovApplication - No active profile set, falling back to 1 default profile: "default"
2026-03-27 20:38:43 INFO com.financegov.FinanceGovApplication - Started FinanceGovApplication in 1.405 seconds (process running for 2921.52)
2026-03-27 20:41:33 INFO com.financegov.FinanceGovApplication - Starting FinanceGovApplication using Java 21.0.8 with PID 2016 (C:\Users\2481778\Downloads\ProjectWorkspace\FinanceGovApplication\target\classes started by 2481778 in C:\Users\2481778\Downloads\ProjectWorkspace\FinanceGovApplication)
2026-03-27 20:41:33 INFO com.financegov.FinanceGovApplication - No active profile set, falling back to 1 default profile: "default"
2026-03-27 20:41:39 INFO com.financegov.FinanceGovApplication - Started FinanceGovApplication in 6.015 seconds (process running for 3098.245)
2026-03-27 20:42:00 INFO com.financegov.FinanceGovApplication - Starting FinanceGovApplication using Java 21.0.8 with PID 2016 (C:\Users\2481778\Downloads\ProjectWorkspace\FinanceGovApplication\target\classes started by 2481778 in C:\Users\2481778\Downloads\ProjectWorkspace\FinanceGovApplication)
2026-03-27 20:42:00 INFO com.financegov.FinanceGovApplication - No active profile set, falling back to 1 default profile: "default"
2026-03-27 20:42:03 INFO com.financegov.FinanceGovApplication - Started FinanceGovApplication in 2.794 seconds (process running for 3121.865)
2026-03-27 20:42:29 INFO com.financegov.FinanceGovApplication - Starting FinanceGovApplication using Java 21.0.8 with PID 2016 (C:\Users\2481778\Downloads\ProjectWorkspace\FinanceGovApplication\target\classes started by 2481778 in C:\Users\2481778\Downloads\ProjectWorkspace\FinanceGovApplication)
2026-03-27 20:42:29 INFO com.financegov.FinanceGovApplication - No active profile set, falling back to 1 default profile: "default"
2026-03-27 20:42:31 INFO com.financegov.FinanceGovApplication - Started FinanceGovApplication in 1.726 seconds (process running for 3149.916)
2026-03-27 20:43:27 INFO com.financegov.FinanceGovApplication - Starting FinanceGovApplication using Java 21.0.8 with PID 2016 (C:\Users\2481778\Downloads\ProjectWorkspace\FinanceGovApplication\target\classes started by 2481778 in C:\Users\2481778\Downloads\ProjectWorkspace\FinanceGovApplication)
2026-03-27 20:43:27 INFO com.financegov.FinanceGovApplication - No active profile set, falling back to 1 default profile: "default"
2026-03-27 20:43:28 INFO com.financegov.FinanceGovApplication - Started FinanceGovApplication in 1.562 seconds (process running for 3207.422)
2026-03-27 20:43:43 INFO com.financegov.FinanceGovApplication - Starting FinanceGovApplication using Java 21.0.8 with PID 2016 (C:\Users\2481778\Downloads\ProjectWorkspace\FinanceGovApplication\target\classes started by 2481778 in C:\Users\2481778\Downloads\ProjectWorkspace\FinanceGovApplication)
2026-03-27 20:43:43 INFO com.financegov.FinanceGovApplication - No active profile set, falling back to 1 default profile: "default"
2026-03-27 20:43:44 INFO com.financegov.FinanceGovApplication - Started FinanceGovApplication in 1.501 seconds (process running for 3223.018)
2026-03-27 20:43:55 INFO com.financegov.FinanceGovApplication - Starting FinanceGovApplication using Java 21.0.8 with PID 2016 (C:\Users\2481778\Downloads\ProjectWorkspace\FinanceGovApplication\target\classes started by 2481778 in C:\Users\2481778\Downloads\ProjectWorkspace\FinanceGovApplication)
2026-03-27 20:43:55 INFO com.financegov.FinanceGovApplication - No active profile set, falling back to 1 default profile: "default"
2026-03-27 20:43:58 INFO com.financegov.FinanceGovApplication - Started FinanceGovApplication in 2.164 seconds (process running for 3236.513)
2026-03-27 20:44:55 INFO com.financegov.FinanceGovApplication - Starting FinanceGovApplication using Java 21.0.8 with PID 2016 (C:\Users\2481778\Downloads\ProjectWorkspace\FinanceGovApplication\target\classes started by 2481778 in C:\Users\2481778\Downloads\ProjectWorkspace\FinanceGovApplication)
2026-03-27 20:44:55 INFO com.financegov.FinanceGovApplication - No active profile set, falling back to 1 default profile: "default"
2026-03-27 20:44:56 INFO com.financegov.FinanceGovApplication - Started FinanceGovApplication in 1.393 seconds (process running for 3295.384)
2026-03-27 20:46:34 INFO com.financegov.FinanceGovApplication - Starting FinanceGovApplication using Java 21.0.8 with PID 2016 (C:\Users\2481778\Downloads\ProjectWorkspace\FinanceGovApplication\target\classes started by 2481778 in C:\Users\2481778\Downloads\ProjectWorkspace\FinanceGovApplication)
2026-03-27 20:46:34 INFO com.financegov.FinanceGovApplication - No active profile set, falling back to 1 default profile: "default"
2026-03-27 20:46:35 INFO com.financegov.FinanceGovApplication - Started FinanceGovApplication in 1.512 seconds (process running for 3394.374)
2026-03-27 20:47:23 INFO com.financegov.FinanceGovApplication - Starting FinanceGovApplication using Java 21.0.8 with PID 2016 (C:\Users\2481778\Downloads\ProjectWorkspace\FinanceGovApplication\target\classes started by 2481778 in C:\Users\2481778\Downloads\ProjectWorkspace\FinanceGovApplication)
2026-03-27 20:47:23 INFO com.financegov.FinanceGovApplication - No active profile set, falling back to 1 default profile: "default"
2026-03-27 20:47:24 INFO com.financegov.FinanceGovApplication - Started FinanceGovApplication in 1.78 seconds (process running for 3443.235)
2026-03-27 20:50:06 INFO com.financegov.FinanceGovApplication - Starting FinanceGovApplication using Java 21.0.8 with PID 2016 (C:\Users\2481778\Downloads\ProjectWorkspace\FinanceGovApplication\target\classes started by 2481778 in C:\Users\2481778\Downloads\ProjectWorkspace\FinanceGovApplication)
2026-03-27 20:50:06 INFO com.financegov.FinanceGovApplication - No active profile set, falling back to 1 default profile: "default"
2026-03-27 20:50:08 INFO com.financegov.FinanceGovApplication - Started FinanceGovApplication in 1.899 seconds (process running for 3607.065)
2026-03-27 20:50:10 INFO com.financegov.FinanceGovApplication - Starting FinanceGovApplication using Java 21.0.8 with PID 2016 (C:\Users\2481778\Downloads\ProjectWorkspace\FinanceGovApplication\target\classes started by 2481778 in C:\Users\2481778\Downloads\ProjectWorkspace\FinanceGovApplication)
2026-03-27 20:50:10 INFO com.financegov.FinanceGovApplication - No active profile set, falling back to 1 default profile: "default"
2026-03-27 20:50:11 INFO com.financegov.FinanceGovApplication - Started FinanceGovApplication in 1.717 seconds (process running for 3610.381)
2026-03-27 20:51:42 INFO com.financegov.FinanceGovApplication - Starting FinanceGovApplication using Java 21.0.8 with PID 2016 (C:\Users\2481778\Downloads\ProjectWorkspace\FinanceGovApplication\target\classes started by 2481778 in C:\Users\2481778\Downloads\ProjectWorkspace\FinanceGovApplication)
2026-03-27 20:51:42 INFO com.financegov.FinanceGovApplication - No active profile set, falling back to 1 default profile: "default"
2026-03-27 20:51:43 INFO com.financegov.FinanceGovApplication - Started FinanceGovApplication in 1.577 seconds (process running for 3702.495)
2026-03-27 20:53:12 INFO com.financegov.FinanceGovApplication - Starting FinanceGovApplication using Java 21.0.8 with PID 2016 (C:\Users\2481778\Downloads\ProjectWorkspace\FinanceGovApplication\target\classes started by 2481778 in C:\Users\2481778\Downloads\ProjectWorkspace\FinanceGovApplication)
2026-03-27 20:53:12 INFO com.financegov.FinanceGovApplication - No active profile set, falling back to 1 default profile: "default"
2026-03-27 20:53:34 INFO com.financegov.FinanceGovApplication - Starting FinanceGovApplication using Java 21.0.8 with PID 2016 (C:\Users\2481778\Downloads\ProjectWorkspace\FinanceGovApplication\target\classes started by 2481778 in C:\Users\2481778\Downloads\ProjectWorkspace\FinanceGovApplication)
2026-03-27 20:53:34 INFO com.financegov.FinanceGovApplication - No active profile set, falling back to 1 default profile: "default"
2026-03-27 20:53:46 INFO com.financegov.FinanceGovApplication - Starting FinanceGovApplication using Java 21.0.8 with PID 2016 (C:\Users\2481778\Downloads\ProjectWorkspace\FinanceGovApplication\target\classes started by 2481778 in C:\Users\2481778\Downloads\ProjectWorkspace\FinanceGovApplication)
2026-03-27 20:53:46 INFO com.financegov.FinanceGovApplication - No active profile set, falling back to 1 default profile: "default"
2026-03-27 20:54:07 INFO com.financegov.FinanceGovApplication - Starting FinanceGovApplication using Java 21.0.8 with PID 2016 (C:\Users\2481778\Downloads\ProjectWorkspace\FinanceGovApplication\target\classes started by 2481778 in C:\Users\2481778\Downloads\ProjectWorkspace\FinanceGovApplication)
2026-03-27 20:54:07 INFO com.financegov.FinanceGovApplication - No active profile set, falling back to 1 default profile: "default"
2026-03-27 20:54:09 INFO com.financegov.FinanceGovApplication - Started FinanceGovApplication in 1.975 seconds (process running for 3848.155)
2026-03-27 20:55:34 INFO com.financegov.FinanceGovApplication - Starting FinanceGovApplication using Java 21.0.8 with PID 2016 (C:\Users\2481778\Downloads\ProjectWorkspace\FinanceGovApplication\target\classes started by 2481778 in C:\Users\2481778\Downloads\ProjectWorkspace\FinanceGovApplication)
2026-03-27 20:55:34 INFO com.financegov.FinanceGovApplication - No active profile set, falling back to 1 default profile: "default"
2026-03-27 20:55:36 INFO com.financegov.FinanceGovApplication - Started FinanceGovApplication in 1.963 seconds (process running for 3934.609)
2026-03-27 20:55:49 INFO com.financegov.FinanceGovApplication - Starting FinanceGovApplication using Java 21.0.8 with PID 2016 (C:\Users\2481778\Downloads\ProjectWorkspace\FinanceGovApplication\target\classes started by 2481778 in C:\Users\2481778\Downloads\ProjectWorkspace\FinanceGovApplication)
2026-03-27 20:55:49 INFO com.financegov.FinanceGovApplication - No active profile set, falling back to 1 default profile: "default"
2026-03-27 20:55:51 INFO com.financegov.FinanceGovApplication - Started FinanceGovApplication in 1.525 seconds (process running for 3949.617)
2026-03-27 20:56:14 INFO com.financegov.FinanceGovApplication - Starting FinanceGovApplication using Java 21.0.8 with PID 2016 (C:\Users\2481778\Downloads\ProjectWorkspace\FinanceGovApplication\target\classes started by 2481778 in C:\Users\2481778\Downloads\ProjectWorkspace\FinanceGovApplication)
2026-03-27 20:56:14 INFO com.financegov.FinanceGovApplication - No active profile set, falling back to 1 default profile: "default"
2026-03-27 20:56:15 INFO com.financegov.FinanceGovApplication - Started FinanceGovApplication in 1.41 seconds (process running for 3974.149)
2026-03-27 20:56:40 INFO com.financegov.FinanceGovApplication - Starting FinanceGovApplication using Java 21.0.8 with PID 2016 (C:\Users\2481778\Downloads\ProjectWorkspace\FinanceGovApplication\target\classes started by 2481778 in C:\Users\2481778\Downloads\ProjectWorkspace\FinanceGovApplication)
2026-03-27 20:56:40 INFO com.financegov.FinanceGovApplication - No active profile set, falling back to 1 default profile: "default"
2026-03-27 20:56:42 INFO com.financegov.FinanceGovApplication - Started FinanceGovApplication in 2.086 seconds (process running for 4001.385)
2026-03-27 20:57:08 INFO com.financegov.FinanceGovApplication - Starting FinanceGovApplication using Java 21.0.8 with PID 2016 (C:\Users\2481778\Downloads\ProjectWorkspace\FinanceGovApplication\target\classes started by 2481778 in C:\Users\2481778\Downloads\ProjectWorkspace\FinanceGovApplication)
2026-03-27 20:57:08 INFO com.financegov.FinanceGovApplication - No active profile set, falling back to 1 default profile: "default"
2026-03-27 20:57:11 INFO com.financegov.FinanceGovApplication - Started FinanceGovApplication in 2.441 seconds (process running for 4029.699)
2026-03-27 20:58:03 INFO com.financegov.FinanceGovApplication - Starting FinanceGovApplication using Java 21.0.8 with PID 2016 (C:\Users\2481778\Downloads\ProjectWorkspace\FinanceGovApplication\target\classes started by 2481778 in C:\Users\2481778\Downloads\ProjectWorkspace\FinanceGovApplication)
2026-03-27 20:58:03 INFO com.financegov.FinanceGovApplication - No active profile set, falling back to 1 default profile: "default"
2026-03-27 20:58:05 INFO com.financegov.FinanceGovApplication - Started FinanceGovApplication in 1.7 seconds (process running for 4083.601)
2026-03-27 20:58:39 INFO com.financegov.FinanceGovApplication - Starting FinanceGovApplication using Java 21.0.8 with PID 2016 (C:\Users\2481778\Downloads\ProjectWorkspace\FinanceGovApplication\target\classes started by 2481778 in C:\Users\2481778\Downloads\ProjectWorkspace\FinanceGovApplication)
2026-03-27 20:58:39 INFO com.financegov.FinanceGovApplication - No active profile set, falling back to 1 default profile: "default"
2026-03-27 20:58:41 INFO com.financegov.FinanceGovApplication - Started FinanceGovApplication in 1.562 seconds (process running for 4119.93)
2026-03-27 20:58:51 INFO com.financegov.FinanceGovApplication - Starting FinanceGovApplication using Java 21.0.8 with PID 2016 (C:\Users\2481778\Downloads\ProjectWorkspace\FinanceGovApplication\target\classes started by 2481778 in C:\Users\2481778\Downloads\ProjectWorkspace\FinanceGovApplication)
2026-03-27 20:58:51 INFO com.financegov.FinanceGovApplication - No active profile set, falling back to 1 default profile: "default"
2026-03-27 20:58:54 INFO com.financegov.FinanceGovApplication - Started FinanceGovApplication in 3.227 seconds (process running for 4133.431)
2026-03-27 21:02:26 INFO com.financegov.FinanceGovApplication - Starting FinanceGovApplication using Java 21.0.8 with PID 2016 (C:\Users\2481778\Downloads\ProjectWorkspace\FinanceGovApplication\target\classes started by 2481778 in C:\Users\2481778\Downloads\ProjectWorkspace\FinanceGovApplication)
2026-03-27 21:02:26 INFO com.financegov.FinanceGovApplication - No active profile set, falling back to 1 default profile: "default"
2026-03-27 21:02:28 INFO com.financegov.FinanceGovApplication - Started FinanceGovApplication in 1.989 seconds (process running for 4347.05)
2026-03-27 21:03:41 INFO com.financegov.FinanceGovApplication - Starting FinanceGovApplication using Java 21.0.8 with PID 2016 (C:\Users\2481778\Downloads\ProjectWorkspace\FinanceGovApplication\target\classes started by 2481778 in C:\Users\2481778\Downloads\ProjectWorkspace\FinanceGovApplication)
2026-03-27 21:03:41 INFO com.financegov.FinanceGovApplication - No active profile set, falling back to 1 default profile: "default"
2026-03-27 21:03:43 INFO com.financegov.FinanceGovApplication - Started FinanceGovApplication in 1.862 seconds (process running for 4421.567)
2026-03-27 21:04:19 INFO com.financegov.FinanceGovApplication - Starting FinanceGovApplication using Java 21.0.8 with PID 2016 (C:\Users\2481778\Downloads\ProjectWorkspace\FinanceGovApplication\target\classes started by 2481778 in C:\Users\2481778\Downloads\ProjectWorkspace\FinanceGovApplication)
2026-03-27 21:04:19 INFO com.financegov.FinanceGovApplication - No active profile set, falling back to 1 default profile: "default"
2026-03-27 21:04:24 INFO com.financegov.FinanceGovApplication - Started FinanceGovApplication in 5.298 seconds (process running for 4463.286)
2026-03-27 21:05:46 INFO com.financegov.FinanceGovApplication - Starting FinanceGovApplication using Java 21.0.8 with PID 2016 (C:\Users\2481778\Downloads\ProjectWorkspace\FinanceGovApplication\target\classes started by 2481778 in C:\Users\2481778\Downloads\ProjectWorkspace\FinanceGovApplication)
2026-03-27 21:05:46 INFO com.financegov.FinanceGovApplication - No active profile set, falling back to 1 default profile: "default"
2026-03-27 21:06:32 INFO com.financegov.FinanceGovApplication - Starting FinanceGovApplication using Java 21.0.8 with PID 2016 (C:\Users\2481778\Downloads\ProjectWorkspace\FinanceGovApplication\target\classes started by 2481778 in C:\Users\2481778\Downloads\ProjectWorkspace\FinanceGovApplication)
2026-03-27 21:06:32 INFO com.financegov.FinanceGovApplication - No active profile set, falling back to 1 default profile: "default"
2026-03-27 21:06:47 INFO com.financegov.FinanceGovApplication - Starting FinanceGovApplication using Java 21.0.8 with PID 2016 (C:\Users\2481778\Downloads\ProjectWorkspace\FinanceGovApplication\target\classes started by 2481778 in C:\Users\2481778\Downloads\ProjectWorkspace\FinanceGovApplication)
2026-03-27 21:06:47 INFO com.financegov.FinanceGovApplication - No active profile set, falling back to 1 default profile: "default"
2026-03-27 21:07:00 INFO com.financegov.FinanceGovApplication - Starting FinanceGovApplication using Java 21.0.8 with PID 2016 (C:\Users\2481778\Downloads\ProjectWorkspace\FinanceGovApplication\target\classes started by 2481778 in C:\Users\2481778\Downloads\ProjectWorkspace\FinanceGovApplication)
2026-03-27 21:07:00 INFO com.financegov.FinanceGovApplication - No active profile set, falling back to 1 default profile: "default"
2026-03-27 21:07:02 INFO com.financegov.FinanceGovApplication - Started FinanceGovApplication in 1.675 seconds (process running for 4621.036)
2026-03-27 21:07:15 INFO com.financegov.FinanceGovApplication - Starting FinanceGovApplication using Java 21.0.8 with PID 2016 (C:\Users\2481778\Downloads\ProjectWorkspace\FinanceGovApplication\target\classes started by 2481778 in C:\Users\2481778\Downloads\ProjectWorkspace\FinanceGovApplication)
2026-03-27 21:07:15 INFO com.financegov.FinanceGovApplication - No active profile set, falling back to 1 default profile: "default"
2026-03-27 21:07:16 INFO com.financegov.FinanceGovApplication - Started FinanceGovApplication in 1.513 seconds (process running for 4635.134)
2026-03-27 21:07:19 INFO com.financegov.FinanceGovApplication - Starting FinanceGovApplication using Java 21.0.8 with PID 2016 (C:\Users\2481778\Downloads\ProjectWorkspace\FinanceGovApplication\target\classes started by 2481778 in C:\Users\2481778\Downloads\ProjectWorkspace\FinanceGovApplication)
2026-03-27 21:07:19 INFO com.financegov.FinanceGovApplication - No active profile set, falling back to 1 default profile: "default"
2026-03-27 21:07:21 INFO com.financegov.FinanceGovApplication - Started FinanceGovApplication in 2.368 seconds (process running for 4640.309)
2026-03-27 21:07:29 INFO com.financegov.FinanceGovApplication - Starting FinanceGovApplication using Java 21.0.8 with PID 2016 (C:\Users\2481778\Downloads\ProjectWorkspace\FinanceGovApplication\target\classes started by 2481778 in C:\Users\2481778\Downloads\ProjectWorkspace\FinanceGovApplication)
2026-03-27 21:07:29 INFO com.financegov.FinanceGovApplication - No active profile set, falling back to 1 default profile: "default"
2026-03-27 21:07:31 INFO com.financegov.FinanceGovApplication - Started FinanceGovApplication in 1.908 seconds (process running for 4650.331)
2026-03-27 21:07:43 INFO com.financegov.FinanceGovApplication - Starting FinanceGovApplication using Java 21.0.8 with PID 2016 (C:\Users\2481778\Downloads\ProjectWorkspace\FinanceGovApplication\target\classes started by 2481778 in C:\Users\2481778\Downloads\ProjectWorkspace\FinanceGovApplication)
2026-03-27 21:07:43 INFO com.financegov.FinanceGovApplication - No active profile set, falling back to 1 default profile: "default"
2026-03-27 21:07:45 INFO com.financegov.FinanceGovApplication - Started FinanceGovApplication in 1.913 seconds (process running for 4663.609)
2026-03-27 21:07:54 INFO com.financegov.controller.ComplianceController - REST request to create a new compliance record
2026-03-27 21:07:54 INFO com.financegov.service.ComplianceRecordServiceImpl - Creating new compliance record
2026-03-27 21:08:00 INFO com.financegov.controller.AuditController - REST request to create a new audit record
2026-03-27 21:08:00 INFO com.financegov.service.AuditServiceImpl - Creating new audit record
2026-03-27 21:08:00 INFO com.financegov.service.AuditServiceImpl - Audit record created with ID: 3
2026-03-27 21:21:11 INFO com.financegov.FinanceGovApplication - Starting FinanceGovApplication using Java 21.0.8 with PID 2016 (C:\Users\2481778\Downloads\ProjectWorkspace\FinanceGovApplication\target\classes started by 2481778 in C:\Users\2481778\Downloads\ProjectWorkspace\FinanceGovApplication)
2026-03-27 21:21:11 INFO com.financegov.FinanceGovApplication - No active profile set, falling back to 1 default profile: "default"
2026-03-27 21:21:28 INFO com.financegov.FinanceGovApplication - Starting FinanceGovApplication using Java 21.0.8 with PID 2412 (C:\Users\2481778\Downloads\ProjectWorkspace\FinanceGovApplication\target\classes started by 2481778 in C:\Users\2481778\Downloads\ProjectWorkspace\FinanceGovApplication)
2026-03-27 21:21:28 INFO com.financegov.FinanceGovApplication - No active profile set, falling back to 1 default profile: "default"
2026-03-27 21:21:38 INFO com.financegov.FinanceGovApplication - Started FinanceGovApplication in 11.418 seconds (process running for 13.283)
2026-03-27 21:22:11 INFO com.financegov.controller.FinancialProgramController - Received request to create program: FinancialProgramRequest(programId=null, title=Housing Program, description=Designed to give support for housing, startDate=2026-03-26, endDate=2025-09-01, budget=30000.0, status=ACTIVE, applications=null)
2026-03-27 21:22:11 INFO com.financegov.service.FinancialProgramServiceImpl - Saving new financial program: FinancialProgramRequest(programId=null, title=Housing Program, description=Designed to give support for housing, startDate=2026-03-26, endDate=2025-09-01, budget=30000.0, status=ACTIVE, applications=null)
2026-03-27 21:25:13 INFO com.financegov.FinanceGovApplication - Starting FinanceGovApplication using Java 21.0.8 with PID 2412 (C:\Users\2481778\Downloads\ProjectWorkspace\FinanceGovApplication\target\classes started by 2481778 in C:\Users\2481778\Downloads\ProjectWorkspace\FinanceGovApplication)
2026-03-27 21:25:13 INFO com.financegov.FinanceGovApplication - No active profile set, falling back to 1 default profile: "default"
2026-03-27 21:25:16 INFO com.financegov.FinanceGovApplication - Started FinanceGovApplication in 2.45 seconds (process running for 230.893)
2026-03-27 21:25:23 INFO com.financegov.controller.FinancialProgramController - Received request to create program: FinancialProgramRequest(programId=null, title=Housing Program, description=Designed to give support for housing, startDate=2026-03-26, endDate=2025-09-01, budget=30000.0, status=ACTIVE, applications=null)
2026-03-27 21:26:03 INFO com.financegov.FinanceGovApplication - Starting FinanceGovApplication using Java 21.0.8 with PID 2412 (C:\Users\2481778\Downloads\ProjectWorkspace\FinanceGovApplication\target\classes started by 2481778 in C:\Users\2481778\Downloads\ProjectWorkspace\FinanceGovApplication)
2026-03-27 21:26:03 INFO com.financegov.FinanceGovApplication - No active profile set, falling back to 1 default profile: "default"
2026-03-27 21:26:09 INFO com.financegov.FinanceGovApplication - Started FinanceGovApplication in 6.668 seconds (process running for 284.558)
2026-03-27 21:50:03 INFO com.financegov.FinanceGovApplication - Starting FinanceGovApplication using Java 21.0.8 with PID 10892 (C:\Users\2481778\Downloads\ProjectWorkspace\FinanceGovApplication\target\classes started by 2481778 in C:\Users\2481778\Downloads\ProjectWorkspace\FinanceGovApplication)
2026-03-27 21:50:03 INFO com.financegov.FinanceGovApplication - No active profile set, falling back to 1 default profile: "default"
2026-03-27 21:50:35 INFO com.financegov.FinanceGovApplication - Started FinanceGovApplication in 34.124 seconds (process running for 36.601)
2026-03-27 21:52:08 INFO com.financegov.FinanceGovApplication - Starting FinanceGovApplication using Java 21.0.8 with PID 888 (C:\Users\2481778\Downloads\ProjectWorkspace\FinanceGovApplication\target\classes started by 2481778 in C:\Users\2481778\Downloads\ProjectWorkspace\FinanceGovApplication)
2026-03-27 21:52:08 INFO com.financegov.FinanceGovApplication - No active profile set, falling back to 1 default profile: "default"
2026-03-27 21:52:20 INFO com.financegov.FinanceGovApplication - Started FinanceGovApplication in 12.575 seconds (process running for 13.87)
2026-03-27 21:53:19 INFO com.financegov.controller.FinancialProgramController - Received request to create program: FinancialProgramRequest(programId=null, title=Housing Program, description=Designed to give support for housing, startDate=2026-03-26, endDate=2025-09-01, budget=30000.0, status=ACTIVE, applications=null)
2026-03-27 21:53:19 INFO com.financegov.service.FinancialProgramServiceImpl - Saving new financial program: FinancialProgramRequest(programId=null, title=Housing Program, description=Designed to give support for housing, startDate=2026-03-26, endDate=2025-09-01, budget=30000.0, status=ACTIVE, applications=null)
2026-03-27 21:53:36 INFO com.financegov.controller.FinancialProgramController - Received request to fetch program ID: 4
2026-03-27 21:53:39 INFO com.financegov.controller.FinancialProgramController - Received request to fetch program ID: 1
2026-03-27 21:54:16 INFO com.financegov.controller.FinancialProgramController - Received request to fetch program ID: 101
2026-03-27 21:54:36 INFO com.financegov.controller.ComplianceController - REST request to create a new compliance record
2026-03-27 21:54:36 INFO com.financegov.service.ComplianceRecordServiceImpl - Creating new compliance record
2026-03-27 21:54:36 INFO com.financegov.service.ComplianceRecordServiceImpl - Compliance record created with ID: 1
2026-03-27 21:54:43 INFO com.financegov.controller.ComplianceController - REST request to get compliance record by ID: 1
2026-03-27 21:55:21 INFO com.financegov.controller.ComplianceController - REST request to update compliance record with ID: 1
2026-03-27 21:55:21 INFO com.financegov.service.ComplianceRecordServiceImpl - Updating compliance record with ID: 1
2026-03-27 21:55:44 INFO com.financegov.controller.ComplianceController - REST request to update compliance record with ID: 1
2026-03-27 21:55:45 INFO com.financegov.service.ComplianceRecordServiceImpl - Updating compliance record with ID: 1
2026-03-27 21:55:45 INFO com.financegov.service.ComplianceRecordServiceImpl - Compliance record updated successfully for ID: 1
2026-03-27 21:55:49 INFO com.financegov.controller.ComplianceController - REST request to update compliance record with ID: 1
2026-03-27 21:55:49 INFO com.financegov.service.ComplianceRecordServiceImpl - Updating compliance record with ID: 1
2026-03-27 22:44:56 INFO com.financegov.controller.FinancialProgramController - Received request to fetch program ID: 101
2026-03-27 22:46:03 INFO com.financegov.FinanceGovApplication - Starting FinanceGovApplication using Java 21.0.8 with PID 888 (C:\Users\2481778\Downloads\ProjectWorkspace\FinanceGovApplication\target\classes started by 2481778 in C:\Users\2481778\Downloads\ProjectWorkspace\FinanceGovApplication)
2026-03-27 22:46:03 INFO com.financegov.FinanceGovApplication - No active profile set, falling back to 1 default profile: "default"
2026-03-27 22:46:08 INFO com.financegov.FinanceGovApplication - Started FinanceGovApplication in 5.132 seconds (process running for 3241.549)
2026-03-27 22:46:11 INFO com.financegov.controller.FinancialProgramController - Received request to update program ID: 3
2026-03-27 22:46:11 INFO com.financegov.service.FinancialProgramServiceImpl - Updating financial program ID: 3 with data: FinancialProgramRequest(programId=101, title=DX Initiative, description=Digital Transformation Program, startDate=null, endDate=null, budget=500000.0, status=ACTIVE, applications=null)
2026-03-27 22:46:18 INFO com.financegov.controller.FinancialProgramController - Received request to update program ID: 101
2026-03-27 22:46:18 INFO com.financegov.service.FinancialProgramServiceImpl - Updating financial program ID: 101 with data: FinancialProgramRequest(programId=101, title=DX Initiative, description=Digital Transformation Program, startDate=null, endDate=null, budget=500000.0, status=ACTIVE, applications=null)
2026-03-27 22:46:30 INFO com.financegov.FinanceGovApplication - Starting FinanceGovApplication using Java 21.0.8 with PID 888 (C:\Users\2481778\Downloads\ProjectWorkspace\FinanceGovApplication\target\classes started by 2481778 in C:\Users\2481778\Downloads\ProjectWorkspace\FinanceGovApplication)
2026-03-27 22:46:30 INFO com.financegov.FinanceGovApplication - No active profile set, falling back to 1 default profile: "default"
2026-03-27 22:46:36 INFO com.financegov.FinanceGovApplication - Started FinanceGovApplication in 5.851 seconds (process running for 3269.457)
2026-03-27 22:46:47 INFO com.financegov.FinanceGovApplication - Starting FinanceGovApplication using Java 21.0.8 with PID 888 (C:\Users\2481778\Downloads\ProjectWorkspace\FinanceGovApplication\target\classes started by 2481778 in C:\Users\2481778\Downloads\ProjectWorkspace\FinanceGovApplication)
2026-03-27 22:46:47 INFO com.financegov.FinanceGovApplication - No active profile set, falling back to 1 default profile: "default"
2026-03-27 22:46:51 INFO com.financegov.FinanceGovApplication - Started FinanceGovApplication in 4.124 seconds (process running for 3284.968)
2026-03-27 22:47:26 INFO com.financegov.FinanceGovApplication - Starting FinanceGovApplication using Java 21.0.8 with PID 888 (C:\Users\2481778\Downloads\ProjectWorkspace\FinanceGovApplication\target\classes started by 2481778 in C:\Users\2481778\Downloads\ProjectWorkspace\FinanceGovApplication)
2026-03-27 22:47:26 INFO com.financegov.FinanceGovApplication - No active profile set, falling back to 1 default profile: "default"
2026-03-27 22:47:31 INFO com.financegov.FinanceGovApplication - Started FinanceGovApplication in 4.841 seconds (process running for 3324.784)
2026-03-27 22:47:35 INFO com.financegov.controller.FinancialProgramController - Received request to update program ID: 101
2026-03-27 22:47:35 INFO com.financegov.service.FinancialProgramServiceImpl - Updating financial program ID: 101 with data: FinancialProgramRequest(programId=101, title=DX Initiative, description=Digital Transformation Program, startDate=null, endDate=null, budget=500000.0, status=ACTIVE, applications=null)
2026-03-27 22:47:35 INFO com.financegov.controller.FinancialProgramController - Program updated successfully with ID: 101
2026-03-27 22:47:46 INFO com.financegov.controller.FinancialProgramController - Received request to update program ID: 101
2026-03-27 22:47:46 INFO com.financegov.service.FinancialProgramServiceImpl - Updating financial program ID: 101 with data: FinancialProgramRequest(programId=101, title=DX Initiative, description=Digital Transformation Program, startDate=null, endDate=null, budget=500000.0, status=CLOSED, applications=null)
2026-03-27 22:48:50 INFO com.financegov.controller.FinancialProgramController - Received request to update program ID: 101
2026-03-27 22:48:50 INFO com.financegov.service.FinancialProgramServiceImpl - Updating financial program ID: 101 with data: FinancialProgramRequest(programId=101, title=DX Initiative, description=Digital Transformation Program, startDate=null, endDate=null, budget=500000.0, status=CLOSED, applications=null)
2026-03-27 22:48:59 INFO com.financegov.FinanceGovApplication - Starting FinanceGovApplication using Java 21.0.8 with PID 888 (C:\Users\2481778\Downloads\ProjectWorkspace\FinanceGovApplication\target\classes started by 2481778 in C:\Users\2481778\Downloads\ProjectWorkspace\FinanceGovApplication)
2026-03-27 22:48:59 INFO com.financegov.FinanceGovApplication - No active profile set, falling back to 1 default profile: "default"
2026-03-27 22:49:01 INFO com.financegov.FinanceGovApplication - Started FinanceGovApplication in 1.643 seconds (process running for 3414.625)
2026-03-27 22:49:21 INFO com.financegov.controller.FinancialProgramController - Received request to update program ID: 101
2026-03-27 22:49:21 INFO com.financegov.service.FinancialProgramServiceImpl - Updating financial program ID: 101 with data: FinancialProgramRequest(programId=101, title=DX Initiative, description=Digital Transformation Program, startDate=null, endDate=null, budget=500000.0, status=CLOSED, applications=null)
2026-03-27 22:51:16 INFO com.financegov.FinanceGovApplication - Starting FinanceGovApplication using Java 21.0.8 with PID 888 (C:\Users\2481778\Downloads\ProjectWorkspace\FinanceGovApplication\target\classes started by 2481778 in C:\Users\2481778\Downloads\ProjectWorkspace\FinanceGovApplication)
2026-03-27 22:51:16 INFO com.financegov.FinanceGovApplication - No active profile set, falling back to 1 default profile: "default"
2026-03-27 22:51:18 INFO com.financegov.FinanceGovApplication - Started FinanceGovApplication in 1.839 seconds (process running for 3551.746)
2026-03-27 22:51:24 INFO com.financegov.FinanceGovApplication - Starting FinanceGovApplication using Java 21.0.8 with PID 888 (C:\Users\2481778\Downloads\ProjectWorkspace\FinanceGovApplication\target\classes started by 2481778 in C:\Users\2481778\Downloads\ProjectWorkspace\FinanceGovApplication)
2026-03-27 22:51:24 INFO com.financegov.FinanceGovApplication - No active profile set, falling back to 1 default profile: "default"
2026-03-27 22:51:26 INFO com.financegov.FinanceGovApplication - Started FinanceGovApplication in 2.14 seconds (process running for 3559.761)
2026-03-27 22:52:03 INFO com.financegov.FinanceGovApplication - Starting FinanceGovApplication using Java 21.0.8 with PID 888 (C:\Users\2481778\Downloads\ProjectWorkspace\FinanceGovApplication\target\classes started by 2481778 in C:\Users\2481778\Downloads\ProjectWorkspace\FinanceGovApplication)
2026-03-27 22:52:03 INFO com.financegov.FinanceGovApplication - No active profile set, falling back to 1 default profile: "default"
2026-03-27 22:52:05 INFO com.financegov.FinanceGovApplication - Started FinanceGovApplication in 2.066 seconds (process running for 3598.326)
2026-03-27 22:52:32 INFO com.financegov.FinanceGovApplication - Starting FinanceGovApplication using Java 21.0.8 with PID 25996 (C:\Users\2481778\Downloads\ProjectWorkspace\FinanceGovApplication\target\classes started by 2481778 in C:\Users\2481778\Downloads\ProjectWorkspace\FinanceGovApplication)
2026-03-27 22:52:32 INFO com.financegov.FinanceGovApplication - No active profile set, falling back to 1 default profile: "default"
