2026-03-23 09:26:05 INFO com.financegov.FinanceGovApplication - Starting FinanceGovApplication using Java 21.0.8 with PID 22848 (C:\Users\2481778\Downloads\ProjectWorkspace\FinanceGovApplication\target\classes started by 2481778 in C:\Users\2481778\Downloads\ProjectWorkspace\FinanceGovApplication)
2026-03-23 09:26:05 INFO com.financegov.FinanceGovApplication - No active profile set, falling back to 1 default profile: "default"
2026-03-23 09:26:12 INFO com.financegov.FinanceGovApplication - Started FinanceGovApplication in 7.876 seconds (process running for 9.083)
2026-03-23 09:29:00 INFO com.financegov.service.impl.ComplianceRecordServiceImpl - Fetching all compliance records
2026-03-23 09:29:00 INFO com.financegov.service.impl.ComplianceRecordServiceImpl - Total compliance records fetched: 1
2026-03-23 09:34:49 INFO com.financegov.service.impl.ComplianceRecordServiceImpl - Fetching all compliance records
2026-03-23 09:34:49 INFO com.financegov.service.impl.ComplianceRecordServiceImpl - Total compliance records fetched: 1
2026-03-23 09:34:55 INFO com.financegov.service.impl.ComplianceRecordServiceImpl - Attempting to delete compliance record with ID: 2
2026-03-23 09:34:55 INFO com.financegov.service.impl.ComplianceRecordServiceImpl - Compliance record deleted successfully with ID: 2
2026-03-23 09:38:28 INFO com.financegov.FinanceGovApplication - Starting FinanceGovApplication using Java 21.0.8 with PID 22848 (C:\Users\2481778\Downloads\ProjectWorkspace\FinanceGovApplication\target\classes started by 2481778 in C:\Users\2481778\Downloads\ProjectWorkspace\FinanceGovApplication)
2026-03-23 09:38:28 INFO com.financegov.FinanceGovApplication - No active profile set, falling back to 1 default profile: "default"
2026-03-23 09:38:29 INFO com.financegov.FinanceGovApplication - Started FinanceGovApplication in 1.615 seconds (process running for 746.244)
2026-03-23 09:46:38 INFO com.financegov.service.impl.ComplianceRecordServiceImpl - Attempting to delete compliance record with ID: 2
2026-03-23 09:46:38 WARN com.financegov.service.impl.ComplianceRecordServiceImpl - Delete failed — compliance ID 2 not found
2026-03-23 13:46:45 INFO com.financegov.FinanceGovApplication - Starting FinanceGovApplication using Java 21.0.8 with PID 15128 (C:\Users\2481778\Downloads\ProjectWorkspace\FinanceGovApplication\target\classes started by 2481778 in C:\Users\2481778\Downloads\ProjectWorkspace\FinanceGovApplication)
2026-03-23 13:46:45 INFO com.financegov.FinanceGovApplication - No active profile set, falling back to 1 default profile: "default"
2026-03-23 13:46:50 INFO com.financegov.FinanceGovApplication - Started FinanceGovApplication in 5.679 seconds (process running for 6.88)
2026-03-23 13:47:02 INFO com.financegov.service.impl.ComplianceRecordServiceImpl - Attempting to delete compliance record with ID: 2
2026-03-23 13:47:02 WARN com.financegov.service.impl.ComplianceRecordServiceImpl - Delete failed — compliance ID 2 not found
2026-03-23 13:47:11 INFO com.financegov.service.impl.ComplianceRecordServiceImpl - Fetching all compliance records
2026-03-23 13:47:11 INFO com.financegov.service.impl.ComplianceRecordServiceImpl - Total compliance records fetched: 0
2026-03-23 13:47:18 INFO com.financegov.service.impl.ComplianceRecordServiceImpl - Fetching compliance record with ID: 1
2026-03-23 13:47:18 WARN com.financegov.service.impl.ComplianceRecordServiceImpl - Compliance record not found for ID: 1
2026-03-23 15:58:54 INFO com.financegov.FinanceGovApplication - Starting FinanceGovApplication using Java 21.0.8 with PID 24136 (C:\Users\2481778\Downloads\ProjectWorkspace\FinanceGovApplication\target\classes started by 2481778 in C:\Users\2481778\Downloads\ProjectWorkspace\FinanceGovApplication)
2026-03-23 15:58:54 INFO com.financegov.FinanceGovApplication - No active profile set, falling back to 1 default profile: "default"
2026-03-23 15:58:59 INFO com.financegov.FinanceGovApplication - Started FinanceGovApplication in 5.965 seconds (process running for 7.057)
2026-03-23 15:59:08 INFO com.financegov.service.impl.ComplianceRecordServiceImpl - Generating compliance summary by result status
2026-03-23 15:59:08 INFO com.financegov.service.impl.ComplianceRecordServiceImpl - Compliance summary generated successfully
2026-03-23 16:01:37 INFO com.financegov.FinanceGovApplication - Starting FinanceGovApplication using Java 21.0.8 with PID 24136 (C:\Users\2481778\Downloads\ProjectWorkspace\FinanceGovApplication\target\classes started by 2481778 in C:\Users\2481778\Downloads\ProjectWorkspace\FinanceGovApplication)
2026-03-23 16:01:37 INFO com.financegov.FinanceGovApplication - No active profile set, falling back to 1 default profile: "default"
2026-03-23 16:01:38 INFO com.financegov.FinanceGovApplication - Started FinanceGovApplication in 0.793 seconds (process running for 165.612)
2026-03-23 16:01:42 INFO com.financegov.FinanceGovApplication - Starting FinanceGovApplication using Java 21.0.8 with PID 24136 (C:\Users\2481778\Downloads\ProjectWorkspace\FinanceGovApplication\target\classes started by 2481778 in C:\Users\2481778\Downloads\ProjectWorkspace\FinanceGovApplication)
2026-03-23 16:01:42 INFO com.financegov.FinanceGovApplication - No active profile set, falling back to 1 default profile: "default"
2026-03-23 16:01:43 INFO com.financegov.FinanceGovApplication - Started FinanceGovApplication in 0.519 seconds (process running for 170.738)
2026-03-23 16:01:51 INFO com.financegov.FinanceGovApplication - Starting FinanceGovApplication using Java 21.0.8 with PID 24136 (C:\Users\2481778\Downloads\ProjectWorkspace\FinanceGovApplication\target\classes started by 2481778 in C:\Users\2481778\Downloads\ProjectWorkspace\FinanceGovApplication)
2026-03-23 16:01:51 INFO com.financegov.FinanceGovApplication - No active profile set, falling back to 1 default profile: "default"
2026-03-23 16:01:52 INFO com.financegov.FinanceGovApplication - Started FinanceGovApplication in 0.547 seconds (process running for 180.02)
2026-03-23 16:02:38 INFO com.financegov.FinanceGovApplication - Starting FinanceGovApplication using Java 21.0.8 with PID 24136 (C:\Users\2481778\Downloads\ProjectWorkspace\FinanceGovApplication\target\classes started by 2481778 in C:\Users\2481778\Downloads\ProjectWorkspace\FinanceGovApplication)
2026-03-23 16:02:38 INFO com.financegov.FinanceGovApplication - No active profile set, falling back to 1 default profile: "default"
2026-03-23 16:02:38 INFO com.financegov.FinanceGovApplication - Started FinanceGovApplication in 0.637 seconds (process running for 226.328)
2026-03-23 16:02:44 INFO com.financegov.FinanceGovApplication - Starting FinanceGovApplication using Java 21.0.8 with PID 24136 (C:\Users\2481778\Downloads\ProjectWorkspace\FinanceGovApplication\target\classes started by 2481778 in C:\Users\2481778\Downloads\ProjectWorkspace\FinanceGovApplication)
2026-03-23 16:02:44 INFO com.financegov.FinanceGovApplication - No active profile set, falling back to 1 default profile: "default"
2026-03-23 16:02:45 INFO com.financegov.FinanceGovApplication - Started FinanceGovApplication in 0.708 seconds (process running for 232.617)
2026-03-23 16:04:27 INFO com.financegov.service.impl.ComplianceRecordServiceImpl - Creating new compliance record
2026-03-23 16:04:27 INFO com.financegov.service.impl.ComplianceRecordServiceImpl - Compliance record created with ID: 3
2026-03-23 16:04:47 INFO com.financegov.service.impl.ComplianceRecordServiceImpl - Fetching all compliance records
2026-03-23 16:04:47 INFO com.financegov.service.impl.ComplianceRecordServiceImpl - Total compliance records fetched: 1
2026-03-23 16:04:52 INFO com.financegov.service.impl.ComplianceRecordServiceImpl - Fetching compliance record with ID: 1
2026-03-23 16:04:52 WARN com.financegov.service.impl.ComplianceRecordServiceImpl - Compliance record not found for ID: 1
2026-03-23 16:04:55 INFO com.financegov.service.impl.ComplianceRecordServiceImpl - Fetching compliance record with ID: 3
2026-03-23 16:04:55 INFO com.financegov.service.impl.ComplianceRecordServiceImpl - Compliance record found for ID: 3
2026-03-23 16:05:00 INFO com.financegov.service.impl.ComplianceRecordServiceImpl - Fetching compliance records for Entity ID: 1000
2026-03-23 16:05:00 INFO com.financegov.service.impl.ComplianceRecordServiceImpl - Total records found for Entity ID 1000: 1
2026-03-23 16:05:05 INFO com.financegov.service.impl.ComplianceRecordServiceImpl - Generating compliance summary by result status
2026-03-23 16:05:05 INFO com.financegov.service.impl.ComplianceRecordServiceImpl - Compliance summary generated successfully
2026-03-23 16:06:05 INFO com.financegov.service.impl.AuditServiceImpl - Fetching all audit records
2026-03-23 16:06:05 INFO com.financegov.service.impl.AuditServiceImpl - Total audit records fetched: 0
2026-03-23 16:06:11 INFO com.financegov.service.impl.AuditServiceImpl - Creating new audit record
2026-03-23 16:06:11 INFO com.financegov.service.impl.AuditServiceImpl - Audit record created with ID: 2
2026-03-23 16:06:14 INFO com.financegov.service.impl.AuditServiceImpl - Fetching all audit records
2026-03-23 16:06:14 INFO com.financegov.service.impl.AuditServiceImpl - Total audit records fetched: 1
2026-03-23 16:06:24 INFO com.financegov.service.impl.AuditServiceImpl - Fetching audit record with ID: 2
2026-03-23 16:06:24 INFO com.financegov.service.impl.AuditServiceImpl - Audit record found for ID: 2
2026-03-23 16:06:32 INFO com.financegov.service.impl.AuditServiceImpl - Fetching audit records for Officer ID: 2000
2026-03-23 16:06:32 INFO com.financegov.service.impl.AuditServiceImpl - Total records found for Officer ID 2000: 1
2026-03-23 16:06:37 INFO com.financegov.service.impl.AuditServiceImpl - Generating audit summary by status
2026-03-23 16:06:37 INFO com.financegov.service.impl.AuditServiceImpl - Audit summary generated successfully
2026-03-23 16:07:30 INFO com.financegov.service.impl.ComplianceRecordServiceImpl - Fetching all compliance records
2026-03-23 16:07:30 INFO com.financegov.service.impl.ComplianceRecordServiceImpl - Total compliance records fetched: 1
2026-03-23 16:07:37 INFO com.financegov.service.impl.ComplianceRecordServiceImpl - Attempting to delete compliance record with ID: 3
2026-03-23 16:07:37 INFO com.financegov.service.impl.ComplianceRecordServiceImpl - Compliance record deleted successfully with ID: 3
2026-03-23 16:07:44 INFO com.financegov.service.impl.AuditServiceImpl - Fetching all audit records
2026-03-23 16:07:44 INFO com.financegov.service.impl.AuditServiceImpl - Total audit records fetched: 1
2026-03-23 16:07:54 INFO com.financegov.service.impl.AuditServiceImpl - Attempting to delete audit record with ID: 2
2026-03-23 16:07:54 INFO com.financegov.service.impl.AuditServiceImpl - Fetching audit record with ID: 2
2026-03-23 16:07:54 INFO com.financegov.service.impl.AuditServiceImpl - Audit record found for ID: 2
2026-03-23 16:07:54 INFO com.financegov.service.impl.AuditServiceImpl - Audit record deleted successfully with ID: 2
2026-03-23 16:07:58 INFO com.financegov.service.impl.AuditServiceImpl - Attempting to delete audit record with ID: 2
2026-03-23 16:07:58 INFO com.financegov.service.impl.AuditServiceImpl - Fetching audit record with ID: 2
2026-03-23 16:07:58 WARN com.financegov.service.impl.AuditServiceImpl - Audit record not found for ID: 2
2026-03-23 16:11:55 INFO com.financegov.FinanceGovApplication - Starting FinanceGovApplication using Java 21.0.8 with PID 24136 (C:\Users\2481778\Downloads\ProjectWorkspace\FinanceGovApplication\target\classes started by 2481778 in C:\Users\2481778\Downloads\ProjectWorkspace\FinanceGovApplication)
2026-03-23 16:11:55 INFO com.financegov.FinanceGovApplication - No active profile set, falling back to 1 default profile: "default"
2026-03-23 16:11:58 INFO com.financegov.FinanceGovApplication - Started FinanceGovApplication in 3.107 seconds (process running for 786.32)
2026-03-23 16:23:17 INFO com.financegov.FinanceGovApplication - Starting FinanceGovApplication using Java 21.0.8 with PID 24136 (C:\Users\2481778\Downloads\ProjectWorkspace\FinanceGovApplication\target\classes started by 2481778 in C:\Users\2481778\Downloads\ProjectWorkspace\FinanceGovApplication)
2026-03-23 16:23:17 INFO com.financegov.FinanceGovApplication - No active profile set, falling back to 1 default profile: "default"
2026-03-23 16:23:24 INFO com.financegov.FinanceGovApplication - Starting FinanceGovApplication using Java 21.0.8 with PID 24136 (C:\Users\2481778\Downloads\ProjectWorkspace\FinanceGovApplication\target\classes started by 2481778 in C:\Users\2481778\Downloads\ProjectWorkspace\FinanceGovApplication)
2026-03-23 16:23:24 INFO com.financegov.FinanceGovApplication - No active profile set, falling back to 1 default profile: "default"
2026-03-23 16:24:58 INFO com.financegov.FinanceGovApplication - Starting FinanceGovApplication using Java 21.0.8 with PID 24136 (C:\Users\2481778\Downloads\ProjectWorkspace\FinanceGovApplication\target\classes started by 2481778 in C:\Users\2481778\Downloads\ProjectWorkspace\FinanceGovApplication)
2026-03-23 16:24:58 INFO com.financegov.FinanceGovApplication - No active profile set, falling back to 1 default profile: "default"
2026-03-23 16:25:48 INFO com.financegov.FinanceGovApplication - Starting FinanceGovApplication using Java 21.0.8 with PID 24136 (C:\Users\2481778\Downloads\ProjectWorkspace\FinanceGovApplication\target\classes started by 2481778 in C:\Users\2481778\Downloads\ProjectWorkspace\FinanceGovApplication)
2026-03-23 16:25:48 INFO com.financegov.FinanceGovApplication - No active profile set, falling back to 1 default profile: "default"
2026-03-23 16:26:35 INFO com.financegov.FinanceGovApplication - Starting FinanceGovApplication using Java 21.0.8 with PID 24136 (C:\Users\2481778\Downloads\ProjectWorkspace\FinanceGovApplication\target\classes started by 2481778 in C:\Users\2481778\Downloads\ProjectWorkspace\FinanceGovApplication)
2026-03-23 16:26:35 INFO com.financegov.FinanceGovApplication - No active profile set, falling back to 1 default profile: "default"
2026-03-23 16:26:41 INFO com.financegov.FinanceGovApplication - Starting FinanceGovApplication using Java 21.0.8 with PID 24136 (C:\Users\2481778\Downloads\ProjectWorkspace\FinanceGovApplication\target\classes started by 2481778 in C:\Users\2481778\Downloads\ProjectWorkspace\FinanceGovApplication)
2026-03-23 16:26:41 INFO com.financegov.FinanceGovApplication - No active profile set, falling back to 1 default profile: "default"
2026-03-23 16:27:06 INFO com.financegov.FinanceGovApplication - Starting FinanceGovApplication using Java 21.0.8 with PID 24136 (C:\Users\2481778\Downloads\ProjectWorkspace\FinanceGovApplication\target\classes started by 2481778 in C:\Users\2481778\Downloads\ProjectWorkspace\FinanceGovApplication)
2026-03-23 16:27:06 INFO com.financegov.FinanceGovApplication - No active profile set, falling back to 1 default profile: "default"
2026-03-23 16:27:07 INFO com.financegov.FinanceGovApplication - Started FinanceGovApplication in 0.538 seconds (process running for 1695.079)
2026-03-23 16:27:24 INFO com.financegov.FinanceGovApplication - Starting FinanceGovApplication using Java 21.0.8 with PID 8452 (C:\Users\2481778\Downloads\ProjectWorkspace\FinanceGovApplication\target\classes started by 2481778 in C:\Users\2481778\Downloads\ProjectWorkspace\FinanceGovApplication)
2026-03-23 16:27:24 INFO com.financegov.FinanceGovApplication - No active profile set, falling back to 1 default profile: "default"
2026-03-23 16:27:28 INFO com.financegov.FinanceGovApplication - Started FinanceGovApplication in 4.128 seconds (process running for 5.044)
2026-03-23 16:29:19 INFO com.financegov.FinanceGovApplication - Starting FinanceGovApplication using Java 21.0.8 with PID 8452 (C:\Users\2481778\Downloads\ProjectWorkspace\FinanceGovApplication\target\classes started by 2481778 in C:\Users\2481778\Downloads\ProjectWorkspace\FinanceGovApplication)
2026-03-23 16:29:19 INFO com.financegov.FinanceGovApplication - No active profile set, falling back to 1 default profile: "default"
2026-03-23 16:29:20 INFO com.financegov.FinanceGovApplication - Started FinanceGovApplication in 0.737 seconds (process running for 117.438)
2026-03-23 17:33:02 INFO com.financegov.FinanceGovApplication - Starting FinanceGovApplication using Java 21.0.8 with PID 8452 (C:\Users\2481778\Downloads\ProjectWorkspace\FinanceGovApplication\target\classes started by 2481778 in C:\Users\2481778\Downloads\ProjectWorkspace\FinanceGovApplication)
2026-03-23 17:33:02 INFO com.financegov.FinanceGovApplication - No active profile set, falling back to 1 default profile: "default"
2026-03-23 17:33:21 INFO com.financegov.FinanceGovApplication - Starting FinanceGovApplication using Java 21.0.8 with PID 8452 (C:\Users\2481778\Downloads\ProjectWorkspace\FinanceGovApplication\target\classes started by 2481778 in C:\Users\2481778\Downloads\ProjectWorkspace\FinanceGovApplication)
2026-03-23 17:33:21 INFO com.financegov.FinanceGovApplication - No active profile set, falling back to 1 default profile: "default"
2026-03-23 17:33:58 INFO com.financegov.FinanceGovApplication - Starting FinanceGovApplication using Java 21.0.8 with PID 8452 (C:\Users\2481778\Downloads\ProjectWorkspace\FinanceGovApplication\target\classes started by 2481778 in C:\Users\2481778\Downloads\ProjectWorkspace\FinanceGovApplication)
2026-03-23 17:33:58 INFO com.financegov.FinanceGovApplication - No active profile set, falling back to 1 default profile: "default"
2026-03-23 17:34:19 INFO com.financegov.FinanceGovApplication - Starting FinanceGovApplication using Java 21.0.8 with PID 8452 (C:\Users\2481778\Downloads\ProjectWorkspace\FinanceGovApplication\target\classes started by 2481778 in C:\Users\2481778\Downloads\ProjectWorkspace\FinanceGovApplication)
2026-03-23 17:34:19 INFO com.financegov.FinanceGovApplication - No active profile set, falling back to 1 default profile: "default"
2026-03-23 17:34:30 INFO com.financegov.FinanceGovApplication - Starting FinanceGovApplication using Java 21.0.8 with PID 8452 (C:\Users\2481778\Downloads\ProjectWorkspace\FinanceGovApplication\target\classes started by 2481778 in C:\Users\2481778\Downloads\ProjectWorkspace\FinanceGovApplication)
2026-03-23 17:34:30 INFO com.financegov.FinanceGovApplication - No active profile set, falling back to 1 default profile: "default"
2026-03-23 17:34:37 INFO com.financegov.FinanceGovApplication - Starting FinanceGovApplication using Java 21.0.8 with PID 23352 (C:\Users\2481778\Downloads\ProjectWorkspace\FinanceGovApplication\target\classes started by 2481778 in C:\Users\2481778\Downloads\ProjectWorkspace\FinanceGovApplication)
2026-03-23 17:34:37 INFO com.financegov.FinanceGovApplication - No active profile set, falling back to 1 default profile: "default"
2026-03-23 17:35:56 INFO com.financegov.FinanceGovApplication - Starting FinanceGovApplication using Java 21.0.8 with PID 13796 (C:\Users\2481778\Downloads\ProjectWorkspace\FinanceGovApplication\target\classes started by 2481778 in C:\Users\2481778\Downloads\ProjectWorkspace\FinanceGovApplication)
2026-03-23 17:35:56 INFO com.financegov.FinanceGovApplication - No active profile set, falling back to 1 default profile: "default"
2026-03-23 17:36:00 INFO com.financegov.FinanceGovApplication - Started FinanceGovApplication in 4.37 seconds (process running for 4.961)
2026-03-23 17:36:05 INFO com.financegov.FinanceGovApplication - Starting FinanceGovApplication using Java 21.0.8 with PID 13796 (C:\Users\2481778\Downloads\ProjectWorkspace\FinanceGovApplication\target\classes started by 2481778 in C:\Users\2481778\Downloads\ProjectWorkspace\FinanceGovApplication)
2026-03-23 17:36:05 INFO com.financegov.FinanceGovApplication - No active profile set, falling back to 1 default profile: "default"
2026-03-23 17:36:06 INFO com.financegov.FinanceGovApplication - Started FinanceGovApplication in 0.772 seconds (process running for 10.357)
2026-03-23 21:12:04 INFO com.financegov.FinanceGovApplication - Starting FinanceGovApplication using Java 21.0.8 with PID 22524 (C:\Users\2481778\Downloads\ProjectWorkspace\FinanceGovApplication\target\classes started by 2481778 in C:\Users\2481778\Downloads\ProjectWorkspace\FinanceGovApplication)
2026-03-23 21:12:04 INFO com.financegov.FinanceGovApplication - No active profile set, falling back to 1 default profile: "default"
2026-03-23 21:12:11 INFO com.financegov.FinanceGovApplication - Started FinanceGovApplication in 9.213 seconds (process running for 10.815)
2026-03-23 23:18:58 INFO com.financegov.FinanceGovApplication - Starting FinanceGovApplication using Java 21.0.8 with PID 21044 (C:\Users\2481778\Downloads\ProjectWorkspace\FinanceGovApplication\target\classes started by 2481778 in C:\Users\2481778\Downloads\ProjectWorkspace\FinanceGovApplication)
2026-03-23 23:18:58 INFO com.financegov.FinanceGovApplication - No active profile set, falling back to 1 default profile: "default"
2026-03-23 23:19:23 INFO com.financegov.FinanceGovApplication - Started FinanceGovApplication in 26.948 seconds (process running for 29.733)
